Microchip MPLAB XC8 Compiler V2.10 ()

Linker command line:

-W-3 --edf=C:\Program Files (x86)\Microchip\xc8\v2.10\pic\dat\en_msgs.txt \
  -cs -h+dist/default/debug\Master.X.debug.sym \
  --cmf=dist/default/debug\Master.X.debug.cmf -z -Q16F887 \
  -oC:\Users\Peter\AppData\Local\Temp\s19g.2 --defsym=__MPLAB_BUILD=1 \
  -Mdist/default/debug/Master.X.debug.map -E1 -ver=XC8 --acfsm=1493 \
  -ASTACK=0110h-016Fh -pstack=STACK -ACODE=00h-07FFhx4 -ASTRCODE=00h-01FFFh \
  -ASTRING=00h-0FFhx32 -ACONST=00h-0FFhx32 -AENTRY=00h-0FFhx32 \
  -ACOMMON=070h-07Fh -ABANK0=020h-06Fh -ABANK1=0A0h-0EFh \
  -ABANK2=0110h-016Fh -ABANK3=0190h-01EFh \
  -ARAM=020h-06Fh,0A0h-0EFh,0110h-016Fh,0190h-01EFh \
  -AABS1=020h-07Fh,0A0h-0EFh,0110h-016Fh,0190h-01EFh -ASFR0=00h-01Fh \
  -ASFR1=080h-09Fh -ASFR2=0100h-010Fh -ASFR3=0180h-018Fh \
  -preset_vec=00h,intentry,init,end_init -ppowerup=CODE -pcinit=CODE \
  -pfunctab=ENTRY -ACONFIG=02007h-02008h -pconfig=CONFIG -DCONFIG=2 \
  -AIDLOC=02000h-02003h -pidloc=IDLOC -DIDLOC=2 -AEEDATA=00h-0FFh/02100h \
  -peeprom_data=EEDATA -DEEDATA=2 -DCODE=2 -DSTRCODE=2 -DSTRING=2 -DCONST=2 \
  -DENTRY=2 -k C:\Users\Peter\AppData\Local\Temp\s19g.o \
  dist/default/debug\Master.X.debug.o 

Object code version is 3.11

Machine type is 16F887



                Name                               Link     Load   Length Selector   Space Scale
C:\Users\Peter\AppData\Local\Temp\s19g.o
                end_init                              0        0        3        0       0
                config                             2007     2007        2     400E       0
dist/default/debug\Master.X.debug.o
                cinit                               7F6      7F6        A      FEC       0
                text23                              1D7      1D7        D      3AE       0
                text22                              2C7      2C7       36      58E       0
                text21                              1A3      1A3        9      346       0
                text20                              1AC      1AC        9      358       0
                text19                              1B5      1B5        A      36A       0
                text18                              409      409       66      812       0
                text17                              2FD      2FD       38      5FA       0
                text16                              217      217       16      42E       0
                text15                              1E4      1E4       10      3C8       0
                text14                              26E      26E       2C      4DC       0
                text13                              1F4      1F4       11      3E8       0
                text12                              3B3      3B3       56      766       0
                text11                              22D      22D       1C      45A       0
                text10                              46F      46F       75      8DE       0
                text9                               1BF      1BF        C      37E       0
                text8                               36F      36F       44      6DE       0
                text7                               335      335       3A      66A       0
                text6                               249      249       25      492       0
                text5                               205      205       12      40A       0
                text4                               4E4      4E4      159      9C8       0
                text3                               19D      19D        6      33A       0
                text2                               1CB      1CB        C      396       0
                text1                               29A      29A       2D      534       0
                maintext                            63D      63D      1B9      C7A       0
                cstackBANK0                          20       20       1C       20       1
                cstackCOMMON                         70       70        E       70       1
                bssBANK0                             3C       3C        4       20       1
                strings                               3        3       27        6       0

TOTAL           Name                               Link     Load   Length     Space
        CLASS   STACK          

        CLASS   CODE           
                end_init                              0        0        3         0
                cinit                               7F6      7F6        A         0
                text23                              1D7      1D7        D         0
                text22                              2C7      2C7       36         0
                text21                              1A3      1A3        9         0
                text20                              1AC      1AC        9         0
                text19                              1B5      1B5        A         0
                text18                              409      409       66         0
                text17                              2FD      2FD       38         0
                text16                              217      217       16         0
                text15                              1E4      1E4       10         0
                text14                              26E      26E       2C         0
                text13                              1F4      1F4       11         0
                text12                              3B3      3B3       56         0
                text11                              22D      22D       1C         0
                text10                              46F      46F       75         0
                text9                               1BF      1BF        C         0
                text8                               36F      36F       44         0
                text7                               335      335       3A         0
                text6                               249      249       25         0
                text5                               205      205       12         0
                text4                               4E4      4E4      159         0
                text3                               19D      19D        6         0
                text2                               1CB      1CB        C         0
                text1                               29A      29A       2D         0
                maintext                            63D      63D      1B9         0

        CLASS   STRCODE        

        CLASS   STRING         
                strings                               3        3       27         0

        CLASS   CONST          

        CLASS   ENTRY          

        CLASS   COMMON         
                cstackCOMMON                         70       70        E         1

        CLASS   BANK0          
                cstackBANK0                          20       20       1C         1
                bssBANK0                             3C       3C        4         1

        CLASS   BANK1          

        CLASS   BANK2          

        CLASS   BANK3          

        CLASS   RAM            

        CLASS   ABS1           
                abs_s1                               7E       7E        2         1

        CLASS   SFR0           

        CLASS   SFR1           

        CLASS   SFR2           

        CLASS   SFR3           

        CLASS   CONFIG         
                config                             2007     2007        2         0

        CLASS   IDLOC          

        CLASS   EEDATA         



SEGMENTS        Name                           Load    Length   Top    Selector   Space  Class     Delta

                reset_vec                      000000  000003  000003         0       0  CODE        2
                strings                        000003  000027  00002A         6       0  STRING      2
                cstackBANK0                    000020  000020  000040        20       1  BANK0       1
                cstackCOMMON                   000070  00000E  00007E        70       1  COMMON      1
                text3                          00019D  000006  0001A3       33A       0  CODE        2
                text21                         0001A3  000009  0001AC       346       0  CODE        2
                text20                         0001AC  000009  0001B5       358       0  CODE        2
                text19                         0001B5  00000A  0001BF       36A       0  CODE        2
                text9                          0001BF  00000C  0001CB       37E       0  CODE        2
                text2                          0001CB  00000C  0001D7       396       0  CODE        2
                text23                         0001D7  00000D  0001E4       3AE       0  CODE        2
                text15                         0001E4  000010  0001F4       3C8       0  CODE        2
                text13                         0001F4  000011  000205       3E8       0  CODE        2
                text5                          000205  000012  000217       40A       0  CODE        2
                text16                         000217  000016  00022D       42E       0  CODE        2
                text11                         00022D  00001C  000249       45A       0  CODE        2
                text6                          000249  000025  00026E       492       0  CODE        2
                text14                         00026E  00002C  00029A       4DC       0  CODE        2
                text1                          00029A  00002D  0002C7       534       0  CODE        2
                text22                         0002C7  000036  0002FD       58E       0  CODE        2
                text17                         0002FD  000038  000335       5FA       0  CODE        2
                text7                          000335  00003A  00036F       66A       0  CODE        2
                text8                          00036F  000044  0003B3       6DE       0  CODE        2
                text12                         0003B3  000056  000409       766       0  CODE        2
                text18                         000409  000066  00046F       812       0  CODE        2
                text10                         00046F  000075  0004E4       8DE       0  CODE        2
                text4                          0004E4  000159  00063D       9C8       0  CODE        2
                maintext                       00063D  0001B9  0007F6       C7A       0  CODE        2
                cinit                          0007F6  00000A  000800       FEC       0  CODE        2
                config                         002007  000002  002009      400E       0  CONFIG      2


UNUSED ADDRESS RANGES

        Name                Unused          Largest block    Delta
        BANK0            0040-006F             30           1
        BANK1            00A0-00EF             50           1
        BANK2            0110-016F             60           1
        BANK3            0190-01EF             60           1
        CODE             002A-019C            173           2
                         0800-1FFF            800
        CONST            002A-019C             D6           2
                         0800-1FFF            100
        EEDATA           2100-21FF            100           2
        ENTRY            002A-019C             D6           2
                         0800-1FFF            100
        IDLOC            2000-2003              4           2
        RAM              0040-006F             30           1
                         00A0-00EF             50
                         0110-016F             60
                         0190-01EF             60
        SFR0             0000-001F             20           1
        SFR1             0080-009F             20           1
        SFR2             0100-010F             10           1
        SFR3             0180-018F             10           1
        STACK            0110-016F             60           1
        STRCODE          002A-019C            173           2
                         0800-1FFF           1800
        STRING           002A-019C             D6           2
                         0800-1FFF            100

                                  Symbol Table

?___lldiv                 cstackCOMMON 0070
?___lwdiv                 cstackCOMMON 0070
?___lwmod                 cstackCOMMON 0078
?___wmul                  cstackCOMMON 0070
?_i2c_masterRead          cstackCOMMON 0070
?_sprintf                 cstackBANK0  0020
_ACKEN                    (abs)        048C
_ANSEL                    (abs)        0188
_ANSELH                   (abs)        0189
_INTCONbits               (abs)        000B
_OSCCONbits               (abs)        008F
_PIE1bits                 (abs)        008C
_PIR1bits                 (abs)        000C
_PORTA                    (abs)        0005
_PORTBbits                (abs)        0006
_PORTEbits                (abs)        0009
_SSPADD                   (abs)        0093
_SSPBUF                   (abs)        0013
_SSPCON                   (abs)        0014
_SSPCON2                  (abs)        0091
_SSPCON2bits              (abs)        0091
_SSPSTAT                  (abs)        0094
_T1CONbits                (abs)        0010
_TMR1H                    (abs)        000F
_TMR1L                    (abs)        000E
_TRISA                    (abs)        0085
_TRISBbits                (abs)        0086
_TRISCbits                (abs)        0087
_TRISE                    (abs)        0089
__CFG_BOR4V$BOR40V        (abs)        0000
__CFG_BOREN$OFF           (abs)        0000
__CFG_CP$OFF              (abs)        0000
__CFG_CPD$OFF             (abs)        0000
__CFG_FCMEN$OFF           (abs)        0000
__CFG_FOSC$INTRC_NOCLKOUT (abs)        0000
__CFG_IESO$OFF            (abs)        0000
__CFG_LVP$OFF             (abs)        0000
__CFG_MCLRE$OFF           (abs)        0000
__CFG_PWRTE$OFF           (abs)        0000
__CFG_WDTE$OFF            (abs)        0000
__CFG_WRT$OFF             (abs)        0000
__Habs1                   abs1         0000
__Hbank0                  bank0        0000
__Hbank1                  bank1        0000
__Hbank2                  bank2        0000
__Hbank3                  bank3        0000
__HbssBANK0               bssBANK0     0000
__Hcinit                  cinit        0800
__Hclrtext                clrtext      0000
__Hcode                   code         0000
__Hcommon                 common       0000
__Hconfig                 config       2009
__HcstackBANK0            cstackBANK0  0000
__HcstackCOMMON           cstackCOMMON 0000
__Heeprom_data            eeprom_data  0000
__Hend_init               end_init     0003
__Hfunctab                functab      0000
__Hidloc                  idloc        0000
__Hinit                   init         0000
__Hintentry               intentry     0000
__Hmaintext               maintext     0000
__Hpowerup                powerup      0000
__Hram                    ram          0000
__Hreset_vec              reset_vec    0000
__Hsfr0                   sfr0         0000
__Hsfr1                   sfr1         0000
__Hsfr2                   sfr2         0000
__Hsfr3                   sfr3         0000
__Hspace_0                (abs)        2009
__Hspace_1                (abs)        007E
__Hspace_2                (abs)        0000
__Hspace_3                (abs)        0000
__Hstack                  stack        0000
__Hstrings                strings      0000
__Htext                   text         0000
__Labs1                   abs1         0000
__Lbank0                  bank0        0000
__Lbank1                  bank1        0000
__Lbank2                  bank2        0000
__Lbank3                  bank3        0000
__LbssBANK0               bssBANK0     0000
__Lcinit                  cinit        07F6
__Lclrtext                clrtext      0000
__Lcode                   code         0000
__Lcommon                 common       0000
__Lconfig                 config       2007
__LcstackBANK0            cstackBANK0  0000
__LcstackCOMMON           cstackCOMMON 0000
__Leeprom_data            eeprom_data  0000
__Lend_init               end_init     0000
__Lfunctab                functab      0000
__Lidloc                  idloc        0000
__Linit                   init         0000
__Lintentry               intentry     0000
__Lmaintext               maintext     0000
__Lpowerup                powerup      0000
__Lram                    ram          0000
__Lreset_vec              reset_vec    0000
__Lsfr0                   sfr0         0000
__Lsfr1                   sfr1         0000
__Lsfr2                   sfr2         0000
__Lsfr3                   sfr3         0000
__Lspace_0                (abs)        0000
__Lspace_1                (abs)        0000
__Lspace_2                (abs)        0000
__Lspace_3                (abs)        0000
__Lstack                  stack        0000
__Lstrings                strings      0000
__Ltext                   text         0000
__S0                      (abs)        2009
__S1                      (abs)        007E
__S2                      (abs)        0000
__S3                      (abs)        0000
___int_sp                 stack        0000
___latbits                (abs)        0002
___lldiv                  text18       0409
___lldiv@counter          cstackCOMMON 007D
___lldiv@dividend         cstackCOMMON 0074
___lldiv@divisor          cstackCOMMON 0070
___lldiv@quotient         cstackCOMMON 0079
___lwdiv                  text8        036F
___lwdiv@counter          cstackCOMMON 0077
___lwdiv@dividend         cstackCOMMON 0072
___lwdiv@divisor          cstackCOMMON 0070
___lwdiv@quotient         cstackCOMMON 0075
___lwmod                  text7        0335
___lwmod@counter          cstackCOMMON 007D
___lwmod@dividend         cstackCOMMON 007A
___lwmod@divisor          cstackCOMMON 0078
___sp                     stack        0000
___stackhi                (abs)        0000
___stacklo                (abs)        0000
___wmul                   text6        0249
___wmul@multiplicand      cstackCOMMON 0072
___wmul@multiplier        cstackCOMMON 0070
___wmul@product           cstackCOMMON 0074
__end_of___lldiv          text18       046F
__end_of___lwdiv          text8        03B3
__end_of___lwmod          text7        036F
__end_of___wmul           text6        026E
__end_of__initialization  cinit        07FC
__end_of__stringtab       strings      0013
__end_of_delay_1ms        text16       022D
__end_of_dpowers          strings      001D
__end_of_i2c_masterRead   text22       02FD
__end_of_i2c_masterStart  text21       01AC
__end_of_i2c_masterStop   text20       01B5
__end_of_i2c_masterWait   text23       01E4
__end_of_i2c_masterWrite  text19       01BF
__end_of_i2c_master_init  text17       0335
__end_of_isdigit          text5        0217
__end_of_lcd8_cmd         text13       0205
__end_of_lcd8_dispString  text14       029A
__end_of_lcd8_init        text12       0409
__end_of_lcd8_setCursor   text11       0249
__end_of_lcd8_write       text15       01F4
__end_of_main             maintext     07F6
__end_of_oscInit          text10       04E4
__end_of_setup            text9        01CB
__end_of_sprintf          text4        063D
__end_of_tmr1_Init        text3        01A3
__end_of_tmr1_Interrupt   text2        01D7
__end_of_tmr1_Prescaler   text1        02C7
__initialization          cinit        07F6
__pbssBANK0               bssBANK0     003C
__pcstackBANK0            cstackBANK0  0020
__pcstackCOMMON           cstackCOMMON 0070
__pmaintext               maintext     063D
__pstrings                strings      0003
__ptext1                  text1        029A
__ptext10                 text10       046F
__ptext11                 text11       022D
__ptext12                 text12       03B3
__ptext13                 text13       01F4
__ptext14                 text14       026E
__ptext15                 text15       01E4
__ptext16                 text16       0217
__ptext17                 text17       02FD
__ptext18                 text18       0409
__ptext19                 text19       01B5
__ptext2                  text2        01CB
__ptext20                 text20       01AC
__ptext21                 text21       01A3
__ptext22                 text22       02C7
__ptext23                 text23       01D7
__ptext3                  text3        019D
__ptext4                  text4        04E4
__ptext5                  text5        0205
__ptext6                  text6        0249
__ptext7                  text7        0335
__ptext8                  text8        036F
__ptext9                  text9        01BF
__size_of___lldiv         (abs)        0000
__size_of___lwdiv         (abs)        0000
__size_of___lwmod         (abs)        0000
__size_of___wmul          (abs)        0000
__size_of_delay_1ms       (abs)        0000
__size_of_i2c_masterRead  (abs)        0000
__size_of_i2c_masterStart (abs)        0000
__size_of_i2c_masterStop  (abs)        0000
__size_of_i2c_masterWait  (abs)        0000
__size_of_i2c_masterWrite (abs)        0000
__size_of_i2c_master_init (abs)        0000
__size_of_isdigit         (abs)        0000
__size_of_lcd8_cmd        (abs)        0000
__size_of_lcd8_dispString (abs)        0000
__size_of_lcd8_init       (abs)        0000
__size_of_lcd8_setCursor  (abs)        0000
__size_of_lcd8_write      (abs)        0000
__size_of_main            (abs)        0000
__size_of_oscInit         (abs)        0000
__size_of_setup           (abs)        0000
__size_of_sprintf         (abs)        0000
__size_of_tmr1_Init       (abs)        0000
__size_of_tmr1_Interrupt  (abs)        0000
__size_of_tmr1_Prescaler  (abs)        0000
__stringbase              strings      0012
__stringtab               strings      0003
_delay_1ms                text16       0217
_distancia                bssBANK0     003E
_dpowers                  strings      0013
_fuerza                   bssBANK0     003C
_i2c_masterRead           text22       02C7
_i2c_masterStart          text21       01A3
_i2c_masterStop           text20       01AC
_i2c_masterWait           text23       01D7
_i2c_masterWrite          text19       01B5
_i2c_master_init          text17       02FD
_isdigit                  text5        0205
_isdigit$983              cstackCOMMON 0070
_lcd8_cmd                 text13       01F4
_lcd8_dispString          text14       026E
_lcd8_init                text12       03B3
_lcd8_setCursor           text11       022D
_lcd8_write               text15       01E4
_main                     maintext     063D
_oscInit                  text10       046F
_setup                    text9        01BF
_sprintf                  text4        04E4
_tmr1_Init                text3        019D
_tmr1_Interrupt           text2        01CB
_tmr1_Prescaler           text1        029A
btemp                     (abs)        007E
delay_1ms@i               cstackCOMMON 0070
end_of_initialization     cinit        07FC
i2c_masterRead@a          cstackCOMMON 0070
i2c_masterRead@temp       cstackCOMMON 0074
i2c_masterWrite@data      cstackCOMMON 0070
i2c_master_init@c         cstackBANK0  0020
intlevel0                 functab      0000
intlevel1                 functab      0000
intlevel2                 functab      0000
intlevel3                 functab      0000
intlevel4                 functab      0000
intlevel5                 functab      0000
isdigit@c                 cstackCOMMON 0071
lcd8_cmd@cmd              cstackCOMMON 0072
lcd8_dispString@value     cstackCOMMON 0074
lcd8_setCursor@columna    cstackCOMMON 0073
lcd8_setCursor@fila       cstackCOMMON 0074
lcd8_write@dat            cstackCOMMON 0072
main@D                    cstackBANK0  0032
main@F                    cstackBANK0  0037
oscInit@freq              cstackCOMMON 0072
reset_vec                 reset_vec    0000
sprintf@ap                cstackBANK0  0027
sprintf@c                 cstackBANK0  002E
sprintf@f                 cstackBANK0  0020
sprintf@flag              cstackBANK0  0026
sprintf@prec              cstackBANK0  002A
sprintf@sp                cstackBANK0  002D
sprintf@val               cstackBANK0  0028
sprintf@width             cstackBANK0  002B
start                     init         0000
start_initialization      cinit        07F6
tmr1_Interrupt@tmr1_Int   cstackCOMMON 0070
tmr1_Prescaler@prescaler  cstackCOMMON 0072
wtemp0                    (abs)        007E


FUNCTION INFORMATION:

 *************** function _main *****************
 Defined at:
		line 48 in file "master.c"
 Parameters:    Size  Location     Type
		None
 Auto vars:     Size  Location     Type
  F               5   23[BANK0 ] unsigned char [5]
  D               5   18[BANK0 ] unsigned char [5]
 Return value:  Size  Location     Type
                  1    wreg      void 
 Registers used:
		wreg, fsr0l, fsr0h, status,2, status,0, btemp+1, pclath, cstack
 Tracked objects:
		On entry : 
		On exit  : 
		Unchanged: 
 Data sizes:     COMMON   BANK0   BANK1   BANK3   BANK2
      Params:         0       0       0       0       0
      Locals:         0      10       0       0       0
      Temps:          0       3       0       0       0
      Totals:         0      13       0       0       0
Total ram usage:       13 bytes
 Hardware stack levels required when called:    3
 This function calls:
		___lwdiv
		_delay_1ms
		_i2c_masterRead
		_i2c_masterStart
		_i2c_masterStop
		_i2c_masterWrite
		_i2c_master_init
		_lcd8_dispString
		_lcd8_init
		_lcd8_setCursor
		_oscInit
		_setup
		_sprintf
		_tmr1_Init
		_tmr1_Interrupt
		_tmr1_Prescaler
 This function is called by:
		Startup code after reset
 This function uses a non-reentrant model


 *************** function _tmr1_Prescaler *****************
 Defined at:
		line 22 in file "TMR1.c"
 Parameters:    Size  Location     Type
  prescaler       1    wreg     unsigned char 
 Auto vars:     Size  Location     Type
  prescaler       1    2[COMMON] unsigned char 
 Return value:  Size  Location     Type
                  1    wreg      void 
 Registers used:
		wreg, fsr0l, fsr0h, status,2, status,0
 Tracked objects:
		On entry : 
		On exit  : 
		Unchanged: 
 Data sizes:     COMMON   BANK0   BANK1   BANK3   BANK2
      Params:         0       0       0       0       0
      Locals:         1       0       0       0       0
      Temps:          2       0       0       0       0
      Totals:         3       0       0       0       0
Total ram usage:        3 bytes
 Hardware stack levels used:    1
 This function calls:
		Nothing
 This function is called by:
		_main
 This function uses a non-reentrant model


 *************** function _tmr1_Interrupt *****************
 Defined at:
		line 43 in file "TMR1.c"
 Parameters:    Size  Location     Type
  tmr1_Int        1    wreg     unsigned char 
 Auto vars:     Size  Location     Type
  tmr1_Int        1    0[COMMON] unsigned char 
 Return value:  Size  Location     Type
                  1    wreg      void 
 Registers used:
		wreg, status,0
 Tracked objects:
		On entry : 
		On exit  : 
		Unchanged: 
 Data sizes:     COMMON   BANK0   BANK1   BANK3   BANK2
      Params:         0       0       0       0       0
      Locals:         1       0       0       0       0
      Temps:          0       0       0       0       0
      Totals:         1       0       0       0       0
Total ram usage:        1 bytes
 Hardware stack levels used:    1
 This function calls:
		Nothing
 This function is called by:
		_main
 This function uses a non-reentrant model


 *************** function _tmr1_Init *****************
 Defined at:
		line 16 in file "TMR1.c"
 Parameters:    Size  Location     Type
		None
 Auto vars:     Size  Location     Type
		None
 Return value:  Size  Location     Type
                  1    wreg      void 
 Registers used:
		None
 Tracked objects:
		On entry : 
		On exit  : 
		Unchanged: 
 Data sizes:     COMMON   BANK0   BANK1   BANK3   BANK2
      Params:         0       0       0       0       0
      Locals:         0       0       0       0       0
      Temps:          0       0       0       0       0
      Totals:         0       0       0       0       0
Total ram usage:        0 bytes
 Hardware stack levels used:    1
 This function calls:
		Nothing
 This function is called by:
		_main
 This function uses a non-reentrant model


 *************** function _sprintf *****************
 Defined at:
		line 505 in file "C:\Program Files (x86)\Microchip\xc8\v2.10\pic\sources\c90\common\doprnt.c"
 Parameters:    Size  Location     Type
  sp              1    wreg     PTR unsigned char 
		 -> main@F(5), main@D(5), 
  f               1    0[BANK0 ] PTR const unsigned char 
		 -> STR_4(4), STR_1(4), 
 Auto vars:     Size  Location     Type
  sp              1   13[BANK0 ] PTR unsigned char 
		 -> main@F(5), main@D(5), 
  tmpval          4    0        struct .
  width           2   11[BANK0 ] int 
  val             2    8[BANK0 ] unsigned int 
  cp              2    0        PTR const unsigned char 
  len             2    0        unsigned int 
  c               1   14[BANK0 ] unsigned char 
  prec            1   10[BANK0 ] char 
  ap              1    7[BANK0 ] PTR void [1]
		 -> ?_sprintf(2), 
  flag            1    6[BANK0 ] unsigned char 
 Return value:  Size  Location     Type
                  2    0[BANK0 ] int 
 Registers used:
		wreg, fsr0l, fsr0h, status,2, status,0, btemp+1, pclath, cstack
 Tracked objects:
		On entry : 
		On exit  : 
		Unchanged: 
 Data sizes:     COMMON   BANK0   BANK1   BANK3   BANK2
      Params:         0       3       0       0       0
      Locals:         0       9       0       0       0
      Temps:          0       3       0       0       0
      Totals:         0      15       0       0       0
Total ram usage:       15 bytes
 Hardware stack levels used:    1
 Hardware stack levels required when called:    1
 This function calls:
		___lwdiv
		___lwmod
		___wmul
		_isdigit
 This function is called by:
		_main
 This function uses a non-reentrant model


 *************** function _isdigit *****************
 Defined at:
		line 8 in file "C:\Program Files (x86)\Microchip\xc8\v2.10\pic\sources\c90\common\isdigit.c"
 Parameters:    Size  Location     Type
  c               1    wreg     unsigned char 
 Auto vars:     Size  Location     Type
  c               1    1[COMMON] unsigned char 
 Return value:  Size  Location     Type
		None               void
 Registers used:
		wreg, status,2, status,0
 Tracked objects:
		On entry : 
		On exit  : 
		Unchanged: 
 Data sizes:     COMMON   BANK0   BANK1   BANK3   BANK2
      Params:         0       0       0       0       0
      Locals:         2       0       0       0       0
      Temps:          0       0       0       0       0
      Totals:         2       0       0       0       0
Total ram usage:        2 bytes
 Hardware stack levels used:    1
 This function calls:
		Nothing
 This function is called by:
		_sprintf
 This function uses a non-reentrant model


 *************** function ___wmul *****************
 Defined at:
		line 15 in file "C:\Program Files (x86)\Microchip\xc8\v2.10\pic\sources\c90\common\Umul16.c"
 Parameters:    Size  Location     Type
  multiplier      2    0[COMMON] unsigned int 
  multiplicand    2    2[COMMON] unsigned int 
 Auto vars:     Size  Location     Type
  product         2    4[COMMON] unsigned int 
 Return value:  Size  Location     Type
                  2    0[COMMON] unsigned int 
 Registers used:
		wreg, status,2, status,0
 Tracked objects:
		On entry : 
		On exit  : 
		Unchanged: 
 Data sizes:     COMMON   BANK0   BANK1   BANK3   BANK2
      Params:         4       0       0       0       0
      Locals:         2       0       0       0       0
      Temps:          0       0       0       0       0
      Totals:         6       0       0       0       0
Total ram usage:        6 bytes
 Hardware stack levels used:    1
 This function calls:
		Nothing
 This function is called by:
		_sprintf
 This function uses a non-reentrant model


 *************** function ___lwmod *****************
 Defined at:
		line 5 in file "C:\Program Files (x86)\Microchip\xc8\v2.10\pic\sources\c90\common\lwmod.c"
 Parameters:    Size  Location     Type
  divisor         2    8[COMMON] unsigned int 
  dividend        2   10[COMMON] unsigned int 
 Auto vars:     Size  Location     Type
  counter         1   13[COMMON] unsigned char 
 Return value:  Size  Location     Type
                  2    8[COMMON] unsigned int 
 Registers used:
		wreg, status,2, status,0
 Tracked objects:
		On entry : 
		On exit  : 
		Unchanged: 
 Data sizes:     COMMON   BANK0   BANK1   BANK3   BANK2
      Params:         4       0       0       0       0
      Locals:         1       0       0       0       0
      Temps:          1       0       0       0       0
      Totals:         6       0       0       0       0
Total ram usage:        6 bytes
 Hardware stack levels used:    1
 This function calls:
		Nothing
 This function is called by:
		_sprintf
 This function uses a non-reentrant model


 *************** function ___lwdiv *****************
 Defined at:
		line 5 in file "C:\Program Files (x86)\Microchip\xc8\v2.10\pic\sources\c90\common\lwdiv.c"
 Parameters:    Size  Location     Type
  divisor         2    0[COMMON] unsigned int 
  dividend        2    2[COMMON] unsigned int 
 Auto vars:     Size  Location     Type
  quotient        2    5[COMMON] unsigned int 
  counter         1    7[COMMON] unsigned char 
 Return value:  Size  Location     Type
                  2    0[COMMON] unsigned int 
 Registers used:
		wreg, status,2, status,0
 Tracked objects:
		On entry : 
		On exit  : 
		Unchanged: 
 Data sizes:     COMMON   BANK0   BANK1   BANK3   BANK2
      Params:         4       0       0       0       0
      Locals:         3       0       0       0       0
      Temps:          1       0       0       0       0
      Totals:         8       0       0       0       0
Total ram usage:        8 bytes
 Hardware stack levels used:    1
 This function calls:
		Nothing
 This function is called by:
		_main
		_sprintf
 This function uses a non-reentrant model


 *************** function _setup *****************
 Defined at:
		line 122 in file "master.c"
 Parameters:    Size  Location     Type
		None
 Auto vars:     Size  Location     Type
		None
 Return value:  Size  Location     Type
                  1    wreg      void 
 Registers used:
		status,2
 Tracked objects:
		On entry : 
		On exit  : 
		Unchanged: 
 Data sizes:     COMMON   BANK0   BANK1   BANK3   BANK2
      Params:         0       0       0       0       0
      Locals:         0       0       0       0       0
      Temps:          0       0       0       0       0
      Totals:         0       0       0       0       0
Total ram usage:        0 bytes
 Hardware stack levels used:    1
 This function calls:
		Nothing
 This function is called by:
		_main
 This function uses a non-reentrant model


 *************** function _oscInit *****************
 Defined at:
		line 11 in file "OSCCON.c"
 Parameters:    Size  Location     Type
  freq            1    wreg     unsigned char 
 Auto vars:     Size  Location     Type
  freq            1    2[COMMON] unsigned char 
 Return value:  Size  Location     Type
                  1    wreg      unsigned char 
 Registers used:
		wreg, fsr0l, fsr0h, status,2, status,0
 Tracked objects:
		On entry : 
		On exit  : 
		Unchanged: 
 Data sizes:     COMMON   BANK0   BANK1   BANK3   BANK2
      Params:         0       0       0       0       0
      Locals:         1       0       0       0       0
      Temps:          2       0       0       0       0
      Totals:         3       0       0       0       0
Total ram usage:        3 bytes
 Hardware stack levels used:    1
 This function calls:
		Nothing
 This function is called by:
		_main
 This function uses a non-reentrant model


 *************** function _lcd8_setCursor *****************
 Defined at:
		line 62 in file "LCD.c"
 Parameters:    Size  Location     Type
  fila            1    wreg     unsigned char 
  columna         1    3[COMMON] unsigned char 
 Auto vars:     Size  Location     Type
  fila            1    4[COMMON] unsigned char 
 Return value:  Size  Location     Type
                  1    wreg      void 
 Registers used:
		wreg, status,2, status,0, btemp+1, pclath, cstack
 Tracked objects:
		On entry : 
		On exit  : 
		Unchanged: 
 Data sizes:     COMMON   BANK0   BANK1   BANK3   BANK2
      Params:         1       0       0       0       0
      Locals:         1       0       0       0       0
      Temps:          0       0       0       0       0
      Totals:         2       0       0       0       0
Total ram usage:        2 bytes
 Hardware stack levels used:    1
 Hardware stack levels required when called:    2
 This function calls:
		_lcd8_cmd
 This function is called by:
		_main
 This function uses a non-reentrant model


 *************** function _lcd8_init *****************
 Defined at:
		line 18 in file "LCD.c"
 Parameters:    Size  Location     Type
		None
 Auto vars:     Size  Location     Type
		None
 Return value:  Size  Location     Type
                  1    wreg      void 
 Registers used:
		wreg, status,2, status,0, btemp+1, pclath, cstack
 Tracked objects:
		On entry : 
		On exit  : 
		Unchanged: 
 Data sizes:     COMMON   BANK0   BANK1   BANK3   BANK2
      Params:         0       0       0       0       0
      Locals:         0       0       0       0       0
      Temps:          2       0       0       0       0
      Totals:         2       0       0       0       0
Total ram usage:        2 bytes
 Hardware stack levels used:    1
 Hardware stack levels required when called:    2
 This function calls:
		_lcd8_cmd
 This function is called by:
		_main
 This function uses a non-reentrant model


 *************** function _lcd8_cmd *****************
 Defined at:
		line 34 in file "LCD.c"
 Parameters:    Size  Location     Type
  cmd             1    wreg     unsigned char 
 Auto vars:     Size  Location     Type
  cmd             1    2[COMMON] unsigned char 
 Return value:  Size  Location     Type
                  1    wreg      void 
 Registers used:
		wreg, status,2, status,0, btemp+1, pclath, cstack
 Tracked objects:
		On entry : 
		On exit  : 
		Unchanged: 
 Data sizes:     COMMON   BANK0   BANK1   BANK3   BANK2
      Params:         0       0       0       0       0
      Locals:         1       0       0       0       0
      Temps:          0       0       0       0       0
      Totals:         1       0       0       0       0
Total ram usage:        1 bytes
 Hardware stack levels used:    1
 Hardware stack levels required when called:    1
 This function calls:
		_delay_1ms
 This function is called by:
		_lcd8_init
		_lcd8_setCursor
		_lcd8_clearDisplay
 This function uses a non-reentrant model


 *************** function _lcd8_dispString *****************
 Defined at:
		line 52 in file "LCD.c"
 Parameters:    Size  Location     Type
  value           2    4[COMMON] PTR unsigned char 
		 -> STR_5(3), main@F(5), STR_3(3), STR_2(3), 
		 -> main@D(5), 
 Auto vars:     Size  Location     Type
		None
 Return value:  Size  Location     Type
                  1    wreg      void 
 Registers used:
		wreg, fsr0l, fsr0h, status,2, status,0, btemp+1, pclath, cstack
 Tracked objects:
		On entry : 
		On exit  : 
		Unchanged: 
 Data sizes:     COMMON   BANK0   BANK1   BANK3   BANK2
      Params:         2       0       0       0       0
      Locals:         0       0       0       0       0
      Temps:          2       0       0       0       0
      Totals:         4       0       0       0       0
Total ram usage:        4 bytes
 Hardware stack levels used:    1
 Hardware stack levels required when called:    2
 This function calls:
		_lcd8_write
 This function is called by:
		_main
 This function uses a non-reentrant model


 *************** function _lcd8_write *****************
 Defined at:
		line 43 in file "LCD.c"
 Parameters:    Size  Location     Type
  dat             2    2[COMMON] unsigned int 
 Auto vars:     Size  Location     Type
		None
 Return value:  Size  Location     Type
                  1    wreg      void 
 Registers used:
		wreg, status,2, status,0, btemp+1, pclath, cstack
 Tracked objects:
		On entry : 
		On exit  : 
		Unchanged: 
 Data sizes:     COMMON   BANK0   BANK1   BANK3   BANK2
      Params:         2       0       0       0       0
      Locals:         0       0       0       0       0
      Temps:          0       0       0       0       0
      Totals:         2       0       0       0       0
Total ram usage:        2 bytes
 Hardware stack levels used:    1
 Hardware stack levels required when called:    1
 This function calls:
		_delay_1ms
 This function is called by:
		_lcd8_dispString
		_lcd8_dispChar
 This function uses a non-reentrant model


 *************** function _delay_1ms *****************
 Defined at:
		line 75 in file "LCD.c"
 Parameters:    Size  Location     Type
		None
 Auto vars:     Size  Location     Type
  i               2    0[COMMON] int 
 Return value:  Size  Location     Type
                  1    wreg      void 
 Registers used:
		wreg, status,2, btemp+1
 Tracked objects:
		On entry : 
		On exit  : 
		Unchanged: 
 Data sizes:     COMMON   BANK0   BANK1   BANK3   BANK2
      Params:         0       0       0       0       0
      Locals:         2       0       0       0       0
      Temps:          0       0       0       0       0
      Totals:         2       0       0       0       0
Total ram usage:        2 bytes
 Hardware stack levels used:    1
 This function calls:
		Nothing
 This function is called by:
		_main
		_lcd8_cmd
		_lcd8_write
 This function uses a non-reentrant model


 *************** function _i2c_master_init *****************
 Defined at:
		line 12 in file "I2C.c"
 Parameters:    Size  Location     Type
  c               4    0[BANK0 ] unsigned long 
 Auto vars:     Size  Location     Type
		None
 Return value:  Size  Location     Type
                  1    wreg      void 
 Registers used:
		wreg, status,2, status,0, pclath, cstack
 Tracked objects:
		On entry : 
		On exit  : 
		Unchanged: 
 Data sizes:     COMMON   BANK0   BANK1   BANK3   BANK2
      Params:         0       4       0       0       0
      Locals:         0       0       0       0       0
      Temps:          0       4       0       0       0
      Totals:         0       8       0       0       0
Total ram usage:        8 bytes
 Hardware stack levels used:    1
 Hardware stack levels required when called:    1
 This function calls:
		___lldiv
 This function is called by:
		_main
 This function uses a non-reentrant model


 *************** function ___lldiv *****************
 Defined at:
		line 5 in file "C:\Program Files (x86)\Microchip\xc8\v2.10\pic\sources\c90\common\__lldiv.c"
 Parameters:    Size  Location     Type
  divisor         4    0[COMMON] unsigned long 
  dividend        4    4[COMMON] unsigned long 
 Auto vars:     Size  Location     Type
  quotient        4    9[COMMON] unsigned long 
  counter         1   13[COMMON] unsigned char 
 Return value:  Size  Location     Type
                  4    0[COMMON] unsigned long 
 Registers used:
		wreg, status,2, status,0
 Tracked objects:
		On entry : 
		On exit  : 
		Unchanged: 
 Data sizes:     COMMON   BANK0   BANK1   BANK3   BANK2
      Params:         8       0       0       0       0
      Locals:         5       0       0       0       0
      Temps:          1       0       0       0       0
      Totals:        14       0       0       0       0
Total ram usage:       14 bytes
 Hardware stack levels used:    1
 This function calls:
		Nothing
 This function is called by:
		_i2c_master_init
 This function uses a non-reentrant model


 *************** function _i2c_masterWrite *****************
 Defined at:
		line 40 in file "I2C.c"
 Parameters:    Size  Location     Type
  data            2    0[COMMON] unsigned int 
 Auto vars:     Size  Location     Type
		None
 Return value:  Size  Location     Type
                  1    wreg      void 
 Registers used:
		wreg, status,2, status,0, pclath, cstack
 Tracked objects:
		On entry : 
		On exit  : 
		Unchanged: 
 Data sizes:     COMMON   BANK0   BANK1   BANK3   BANK2
      Params:         2       0       0       0       0
      Locals:         0       0       0       0       0
      Temps:          0       0       0       0       0
      Totals:         2       0       0       0       0
Total ram usage:        2 bytes
 Hardware stack levels used:    1
 Hardware stack levels required when called:    1
 This function calls:
		_i2c_masterWait
 This function is called by:
		_main
 This function uses a non-reentrant model


 *************** function _i2c_masterStop *****************
 Defined at:
		line 35 in file "I2C.c"
 Parameters:    Size  Location     Type
		None
 Auto vars:     Size  Location     Type
		None
 Return value:  Size  Location     Type
                  1    wreg      void 
 Registers used:
		wreg, status,2, status,0, pclath, cstack
 Tracked objects:
		On entry : 
		On exit  : 
		Unchanged: 
 Data sizes:     COMMON   BANK0   BANK1   BANK3   BANK2
      Params:         0       0       0       0       0
      Locals:         0       0       0       0       0
      Temps:          0       0       0       0       0
      Totals:         0       0       0       0       0
Total ram usage:        0 bytes
 Hardware stack levels used:    1
 Hardware stack levels required when called:    1
 This function calls:
		_i2c_masterWait
 This function is called by:
		_main
 This function uses a non-reentrant model


 *************** function _i2c_masterStart *****************
 Defined at:
		line 25 in file "I2C.c"
 Parameters:    Size  Location     Type
		None
 Auto vars:     Size  Location     Type
		None
 Return value:  Size  Location     Type
                  1    wreg      void 
 Registers used:
		wreg, status,2, status,0, pclath, cstack
 Tracked objects:
		On entry : 
		On exit  : 
		Unchanged: 
 Data sizes:     COMMON   BANK0   BANK1   BANK3   BANK2
      Params:         0       0       0       0       0
      Locals:         0       0       0       0       0
      Temps:          0       0       0       0       0
      Totals:         0       0       0       0       0
Total ram usage:        0 bytes
 Hardware stack levels used:    1
 Hardware stack levels required when called:    1
 This function calls:
		_i2c_masterWait
 This function is called by:
		_main
 This function uses a non-reentrant model


 *************** function _i2c_masterRead *****************
 Defined at:
		line 45 in file "I2C.c"
 Parameters:    Size  Location     Type
  a               2    0[COMMON] unsigned short 
 Auto vars:     Size  Location     Type
  temp            2    4[COMMON] unsigned short 
 Return value:  Size  Location     Type
                  2    0[COMMON] unsigned short 
 Registers used:
		wreg, status,2, status,0, pclath, cstack
 Tracked objects:
		On entry : 
		On exit  : 
		Unchanged: 
 Data sizes:     COMMON   BANK0   BANK1   BANK3   BANK2
      Params:         2       0       0       0       0
      Locals:         2       0       0       0       0
      Temps:          2       0       0       0       0
      Totals:         6       0       0       0       0
Total ram usage:        6 bytes
 Hardware stack levels used:    1
 Hardware stack levels required when called:    1
 This function calls:
		_i2c_masterWait
 This function is called by:
		_main
 This function uses a non-reentrant model


 *************** function _i2c_masterWait *****************
 Defined at:
		line 21 in file "I2C.c"
 Parameters:    Size  Location     Type
		None
 Auto vars:     Size  Location     Type
		None
 Return value:  Size  Location     Type
                  1    wreg      void 
 Registers used:
		wreg, status,2
 Tracked objects:
		On entry : 
		On exit  : 
		Unchanged: 
 Data sizes:     COMMON   BANK0   BANK1   BANK3   BANK2
      Params:         0       0       0       0       0
      Locals:         0       0       0       0       0
      Temps:          0       0       0       0       0
      Totals:         0       0       0       0       0
Total ram usage:        0 bytes
 Hardware stack levels used:    1
 This function calls:
		Nothing
 This function is called by:
		_i2c_masterStart
		_i2c_masterStop
		_i2c_masterWrite
		_i2c_masterRead
		_i2c_master_RStart
 This function uses a non-reentrant model



MODULE INFORMATION

Module		Function		Class		Link	Load	Size
TMR1.c
		_tmr1_Interrupt		CODE           	01CB	0000	13
		_tmr1_Prescaler		CODE           	029A	0000	46
		_tmr1_Init     		CODE           	019D	0000	7

TMR1.c estimated size: 66

C:\Program Files (x86)\Microchip\xc8\v2.10\pic\sources\c90\common\lwdiv.c
		___lwdiv       		CODE           	036F	0000	69

C:\Program Files (x86)\Microchip\xc8\v2.10\pic\sources\c90\common\lwdiv.c estimated size: 69

OSCCON.c
		_oscInit       		CODE           	046F	0000	118

OSCCON.c estimated size: 118

C:\Program Files (x86)\Microchip\xc8\v2.10\pic\sources\c90\common\Umul16.c
		___wmul        		CODE           	0249	0000	38

C:\Program Files (x86)\Microchip\xc8\v2.10\pic\sources\c90\common\Umul16.c estimated size: 38

I2C.c
		_i2c_masterRead		CODE           	02C7	0000	55
		_i2c_masterWait		CODE           	01D7	0000	14
		_i2c_masterStop		CODE           	01AC	0000	10
		_i2c_masterWrite		CODE           	01B5	0000	11
		_i2c_master_init		CODE           	02FD	0000	57
		_i2c_masterStart		CODE           	01A3	0000	10

I2C.c estimated size: 157

C:\Program Files (x86)\Microchip\xc8\v2.10\pic\sources\c90\common\__lldiv.c
		___lldiv       		CODE           	0409	0000	103

C:\Program Files (x86)\Microchip\xc8\v2.10\pic\sources\c90\common\__lldiv.c estimated size: 103

shared
		__stringtab    		STRING         	0003	0000	17
		_dpowers       		STRING         	0013	0000	11
		__initialization		CODE           	07F6	0000	7

shared estimated size: 35

master.c
		_main          		CODE           	063D	0000	442
		_setup         		CODE           	01BF	0000	13

master.c estimated size: 455

C:\Program Files (x86)\Microchip\xc8\v2.10\pic\sources\c90\common\lwmod.c
		___lwmod       		CODE           	0335	0000	59

C:\Program Files (x86)\Microchip\xc8\v2.10\pic\sources\c90\common\lwmod.c estimated size: 59

C:\Program Files (x86)\Microchip\xc8\v2.10\pic\sources\c90\common\isdigit.c
		_isdigit       		CODE           	0205	0000	19

C:\Program Files (x86)\Microchip\xc8\v2.10\pic\sources\c90\common\isdigit.c estimated size: 19

C:\Program Files (x86)\Microchip\xc8\v2.10\pic\sources\c90\common\doprnt.c
		_sprintf       		CODE           	04E4	0000	346

C:\Program Files (x86)\Microchip\xc8\v2.10\pic\sources\c90\common\doprnt.c estimated size: 346

LCD.c
		_lcd8_dispString		CODE           	026E	0000	45
		_lcd8_setCursor		CODE           	022D	0000	29
		_lcd8_write    		CODE           	01E4	0000	17
		_delay_1ms     		CODE           	0217	0000	23
		_lcd8_init     		CODE           	03B3	0000	87
		_lcd8_cmd      		CODE           	01F4	0000	18

LCD.c estimated size: 219

