Microchip MPLAB XC8 Compiler V2.10 ()

Linker command line:

-W-3 --edf=C:\Program Files (x86)\Microchip\xc8\v2.10\pic\dat\en_msgs.txt \
  -cs -h+dist/default/production\Sensores.X.production.sym \
  --cmf=dist/default/production\Sensores.X.production.cmf -z -Q16F887 \
  -oC:\Users\Peter\AppData\Local\Temp\s4vg.2 --defsym=__MPLAB_BUILD=1 \
  -Mdist/default/production/Sensores.X.production.map -E1 -ver=XC8 \
  --acfsm=1493 -ASTACK=0110h-016Fh -pstack=STACK -ACODE=00h-07FFhx4 \
  -ASTRCODE=00h-01FFFh -ASTRING=00h-0FFhx32 -ACONST=00h-0FFhx32 \
  -AENTRY=00h-0FFhx32 -ACOMMON=070h-07Fh -ABANK0=020h-06Fh \
  -ABANK1=0A0h-0EFh -ABANK2=0110h-016Fh -ABANK3=0190h-01EFh \
  -ARAM=020h-06Fh,0A0h-0EFh,0110h-016Fh,0190h-01EFh \
  -AABS1=020h-07Fh,0A0h-0EFh,0110h-016Fh,0190h-01EFh -ASFR0=00h-01Fh \
  -ASFR1=080h-09Fh -ASFR2=0100h-010Fh -ASFR3=0180h-018Fh \
  -preset_vec=00h,intentry=04h,init,end_init -ppowerup=CODE -pcinit=CODE \
  -pfunctab=ENTRY -ACONFIG=02007h-02008h -pconfig=CONFIG -DCONFIG=2 \
  -AIDLOC=02000h-02003h -pidloc=IDLOC -DIDLOC=2 -AEEDATA=00h-0FFh/02100h \
  -peeprom_data=EEDATA -DEEDATA=2 -DCODE=2 -DSTRCODE=2 -DSTRING=2 -DCONST=2 \
  -DENTRY=2 -k C:\Users\Peter\AppData\Local\Temp\s4vg.o \
  dist/default/production\Sensores.X.production.o 

Object code version is 3.11

Machine type is 16F887



                Name                               Link     Load   Length Selector   Space Scale
C:\Users\Peter\AppData\Local\Temp\s4vg.o
                end_init                              E        E        3        8       0
                reset_vec                             0        0        3        0       0
                config                             2007     2007        2     400E       0
dist/default/production\Sensores.X.production.o
                cinit                                11       11        A        8       0
                intentry                              4        4        A        8       0
                text9                                DF       DF       9C        8       0
                text8                                1B       1B       C4        8       0
                text7                               2CD      2CD       21        8       0
                text6                               2AA      2AA       23        8       0
                text5                               318      318        9        8       0
                text4                               17B      17B       80        8       0
                text3                               2EE      2EE       1D        8       0
                text2                               1FB      1FB       77        8       0
                text1                               30B      30B        D        8       0
                maintext                            272      272       38        8       0
                cstackBANK0                          20       20        3       20       1
                cstackCOMMON                         70       70        8       70       1
                bssCOMMON                            78       78        6       70       1

TOTAL           Name                               Link     Load   Length     Space
        CLASS   STACK          

        CLASS   CODE           
                end_init                              E        E        3         0
                cinit                                11       11        A         0
                intentry                              4        4        A         0
                reset_vec                             0        0        3         0
                text9                                DF       DF       9C         0
                text8                                1B       1B       C4         0
                text7                               2CD      2CD       21         0
                text6                               2AA      2AA       23         0
                text5                               318      318        9         0
                text4                               17B      17B       80         0
                text3                               2EE      2EE       1D         0
                text2                               1FB      1FB       77         0
                text1                               30B      30B        D         0
                maintext                            272      272       38         0

        CLASS   STRCODE        

        CLASS   STRING         

        CLASS   CONST          

        CLASS   ENTRY          

        CLASS   COMMON         
                cstackCOMMON                         70       70        8         1
                bssCOMMON                            78       78        6         1

        CLASS   BANK0          
                cstackBANK0                          20       20        3         1

        CLASS   BANK1          

        CLASS   BANK2          

        CLASS   BANK3          

        CLASS   RAM            

        CLASS   ABS1           
                abs_s1                               7E       7E        2         1

        CLASS   SFR0           

        CLASS   SFR1           

        CLASS   SFR2           

        CLASS   SFR3           

        CLASS   CONFIG         
                config                             2007     2007        2         0

        CLASS   IDLOC          

        CLASS   EEDATA         



SEGMENTS        Name                           Load    Length   Top    Selector   Space  Class     Delta

                reset_vec                      000000  000003  000003         0       0  CODE        2
                intentry                       000004  00031D  000321         8       0  CODE        2
                cstackBANK0                    000020  000003  000023        20       1  BANK0       1
                cstackCOMMON                   000070  00000E  00007E        70       1  COMMON      1
                config                         002007  000002  002009      400E       0  CONFIG      2


UNUSED ADDRESS RANGES

        Name                Unused          Largest block    Delta
        BANK0            0023-006F             4D           1
        BANK1            00A0-00EF             50           1
        BANK2            0110-016F             60           1
        BANK3            0190-01EF             60           1
        CODE             0003-0003              1           2
                         0321-1FFF            800
        CONST            0003-0003              1           2
                         0321-1FFF            100
        EEDATA           2100-21FF            100           2
        ENTRY            0003-0003              1           2
                         0321-1FFF            100
        IDLOC            2000-2003              4           2
        RAM              0023-006F             4D           1
                         00A0-00EF             50
                         0110-016F             60
                         0190-01EF             60
        SFR0             0000-001F             20           1
        SFR1             0080-009F             20           1
        SFR2             0100-010F             10           1
        SFR3             0180-018F             10           1
        STACK            0110-016F             60           1
        STRCODE          0003-0003              1           2
                         0321-1FFF           1CDF
        STRING           0003-0003              1           2
                         0321-1FFF            100

                                  Symbol Table

_ACKEN                    (abs)        048C
_ADCON0bits               (abs)        001F
_ADCON1bits               (abs)        009F
_ADRESH                   (abs)        001E
_ANSEL                    (abs)        0188
_ANSELHbits               (abs)        0189
_INTCONbits               (abs)        000B
_ISR                      text8        001B
_OSCCONbits               (abs)        008F
_PIE1bits                 (abs)        008C
_PIR1bits                 (abs)        000C
_SSPADD                   (abs)        0093
_SSPBUF                   (abs)        0013
_SSPCON                   (abs)        0014
_SSPCON2                  (abs)        0091
_SSPCON2bits              (abs)        0091
_SSPCONbits               (abs)        0014
_SSPSTAT                  (abs)        0094
_SSPSTATbits              (abs)        0094
_T1CONbits                (abs)        0010
_TRISBbits                (abs)        0086
_TRISCbits                (abs)        0087
__CFG_BOR4V$BOR40V        (abs)        0000
__CFG_BOREN$OFF           (abs)        0000
__CFG_CP$OFF              (abs)        0000
__CFG_CPD$OFF             (abs)        0000
__CFG_FCMEN$OFF           (abs)        0000
__CFG_FOSC$INTRC_NOCLKOUT (abs)        0000
__CFG_IESO$OFF            (abs)        0000
__CFG_LVP$OFF             (abs)        0000
__CFG_MCLRE$OFF           (abs)        0000
__CFG_PWRTE$OFF           (abs)        0000
__CFG_WDTE$OFF            (abs)        0000
__CFG_WRT$OFF             (abs)        0000
__Habs1                   abs1         0000
__Hbank0                  bank0        0000
__Hbank1                  bank1        0000
__Hbank2                  bank2        0000
__Hbank3                  bank3        0000
__HbssCOMMON              bssCOMMON    0000
__Hcinit                  cinit        001B
__Hclrtext                clrtext      0000
__Hcode                   code         0000
__Hcommon                 common       0000
__Hconfig                 config       2009
__HcstackBANK0            cstackBANK0  0000
__HcstackCOMMON           cstackCOMMON 0000
__Heeprom_data            eeprom_data  0000
__Hend_init               end_init     0011
__Hfunctab                functab      0000
__Hidloc                  idloc        0000
__Hinit                   init         000E
__Hintentry               intentry     000E
__Hmaintext               maintext     0000
__Hpowerup                powerup      0000
__Hram                    ram          0000
__Hreset_vec              reset_vec    0003
__Hsfr0                   sfr0         0000
__Hsfr1                   sfr1         0000
__Hsfr2                   sfr2         0000
__Hsfr3                   sfr3         0000
__Hspace_0                (abs)        2009
__Hspace_1                (abs)        007E
__Hspace_2                (abs)        0000
__Hspace_3                (abs)        0000
__Hstack                  stack        0000
__Hstrings                strings      0000
__Htext                   text         0000
__Labs1                   abs1         0000
__Lbank0                  bank0        0000
__Lbank1                  bank1        0000
__Lbank2                  bank2        0000
__Lbank3                  bank3        0000
__LbssCOMMON              bssCOMMON    0000
__Lcinit                  cinit        0011
__Lclrtext                clrtext      0000
__Lcode                   code         0000
__Lcommon                 common       0000
__Lconfig                 config       2007
__LcstackBANK0            cstackBANK0  0000
__LcstackCOMMON           cstackCOMMON 0000
__Leeprom_data            eeprom_data  0000
__Lend_init               end_init     000E
__Lfunctab                functab      0000
__Lidloc                  idloc        0000
__Linit                   init         000E
__Lintentry               intentry     0004
__Lmaintext               maintext     0000
__Lpowerup                powerup      0000
__Lram                    ram          0000
__Lreset_vec              reset_vec    0000
__Lsfr0                   sfr0         0000
__Lsfr1                   sfr1         0000
__Lsfr2                   sfr2         0000
__Lsfr3                   sfr3         0000
__Lspace_0                (abs)        0000
__Lspace_1                (abs)        0000
__Lspace_2                (abs)        0000
__Lspace_3                (abs)        0000
__Lstack                  stack        0000
__Lstrings                strings      0000
__Ltext                   text         0000
__S0                      (abs)        2009
__S1                      (abs)        007E
__S2                      (abs)        0000
__S3                      (abs)        0000
___int_sp                 stack        0000
___latbits                (abs)        0002
___sp                     stack        0000
___stackhi                (abs)        0000
___stacklo                (abs)        0000
__end_of_ISR              text8        00DF
__end_of__initialization  cinit        0017
__end_of_adcFoscSel       text7        02EE
__end_of_adcInterrupt     text6        02CD
__end_of_adcSetup         text5        0321
__end_of_analogInSel      text4        01FB
__end_of_i2c_slave_init   text3        030B
__end_of_main             maintext     02AA
__end_of_oscInit          text2        0272
__end_of_setup            text1        0318
__end_ofi1_analogInSel    text9        017B
__initialization          cinit        0011
__pbssCOMMON              bssCOMMON    0078
__pcstackBANK0            cstackBANK0  0020
__pcstackCOMMON           cstackCOMMON 0070
__pintentry               intentry     0004
__pmaintext               maintext     0272
__ptext1                  text1        030B
__ptext2                  text2        01FB
__ptext3                  text3        02EE
__ptext4                  text4        017B
__ptext5                  text5        0318
__ptext6                  text6        02AA
__ptext7                  text7        02CD
__ptext8                  text8        001B
__ptext9                  text9        00DF
__size_of_ISR             (abs)        0000
__size_of_adcFoscSel      (abs)        0000
__size_of_adcInterrupt    (abs)        0000
__size_of_adcSetup        (abs)        0000
__size_of_analogInSel     (abs)        0000
__size_of_i2c_slave_init  (abs)        0000
__size_of_main            (abs)        0000
__size_of_oscInit         (abs)        0000
__size_of_setup           (abs)        0000
__size_ofi1_analogInSel   (abs)        0000
_adcFoscSel               text7        02CD
_adcInterrupt             text6        02AA
_adcSetup                 text5        0318
_analogInSel              text4        017B
_fuerza                   bssCOMMON    0078
_i2c_slave_init           text3        02EE
_luz                      bssCOMMON    007A
_main                     maintext     0272
_oscInit                  text2        01FB
_setup                    text1        030B
_x                        bssCOMMON    007D
_z                        bssCOMMON    007C
adcFoscSel@fosc           cstackBANK0  0022
adcInterrupt@en           cstackBANK0  0022
analogInSel@analogIn      cstackBANK0  0022
btemp                     (abs)        007E
end_of_initialization     cinit        0017
i1_analogInSel            text9        00DF
i1analogInSel@analogIn    cstackCOMMON 0072
i2c_slave_init@address    cstackBANK0  0020
interrupt_function        intentry     0004
intlevel0                 functab      0000
intlevel1                 functab      0000
intlevel2                 functab      0000
intlevel3                 functab      0000
intlevel4                 functab      0000
intlevel5                 functab      0000
oscInit@freq              cstackBANK0  0022
reset_vec                 reset_vec    0000
saved_w                   (abs)        007E
start                     init         000E
start_initialization      cinit        0011
wtemp0                    (abs)        007E


FUNCTION INFORMATION:

 *************** function _main *****************
 Defined at:
		line 110 in file "Sensores.c"
 Parameters:    Size  Location     Type
		None
 Auto vars:     Size  Location     Type
		None
 Return value:  Size  Location     Type
                  1    wreg      void 
 Registers used:
		wreg, fsr0l, fsr0h, status,2, status,0, pclath, cstack
 Tracked objects:
		On entry : 
		On exit  : 
		Unchanged: 
 Data sizes:     COMMON   BANK0   BANK1   BANK3   BANK2
      Params:         0       0       0       0       0
      Locals:         0       0       0       0       0
      Temps:          0       0       0       0       0
      Totals:         0       0       0       0       0
Total ram usage:        0 bytes
 Hardware stack levels required when called:    3
 This function calls:
		_adcFoscSel
		_adcInterrupt
		_adcSetup
		_analogInSel
		_i2c_slave_init
		_oscInit
		_setup
 This function is called by:
		Startup code after reset
 This function uses a non-reentrant model


 *************** function _setup *****************
 Defined at:
		line 159 in file "Sensores.c"
 Parameters:    Size  Location     Type
		None
 Auto vars:     Size  Location     Type
		None
 Return value:  Size  Location     Type
                  1    wreg      void 
 Registers used:
		status,2
 Tracked objects:
		On entry : 
		On exit  : 
		Unchanged: 
 Data sizes:     COMMON   BANK0   BANK1   BANK3   BANK2
      Params:         0       0       0       0       0
      Locals:         0       0       0       0       0
      Temps:          0       0       0       0       0
      Totals:         0       0       0       0       0
Total ram usage:        0 bytes
 Hardware stack levels used:    1
 Hardware stack levels required when called:    2
 This function calls:
		Nothing
 This function is called by:
		_main
 This function uses a non-reentrant model


 *************** function _oscInit *****************
 Defined at:
		line 11 in file "OSCCON.c"
 Parameters:    Size  Location     Type
  freq            1    wreg     unsigned char 
 Auto vars:     Size  Location     Type
  freq            1    2[BANK0 ] unsigned char 
 Return value:  Size  Location     Type
                  1    wreg      unsigned char 
 Registers used:
		wreg, fsr0l, fsr0h, status,2, status,0
 Tracked objects:
		On entry : 
		On exit  : 
		Unchanged: 
 Data sizes:     COMMON   BANK0   BANK1   BANK3   BANK2
      Params:         0       0       0       0       0
      Locals:         0       1       0       0       0
      Temps:          0       2       0       0       0
      Totals:         0       3       0       0       0
Total ram usage:        3 bytes
 Hardware stack levels used:    1
 Hardware stack levels required when called:    2
 This function calls:
		Nothing
 This function is called by:
		_main
 This function uses a non-reentrant model


 *************** function _i2c_slave_init *****************
 Defined at:
		line 62 in file "I2C.c"
 Parameters:    Size  Location     Type
  address         2    0[BANK0 ] short 
 Auto vars:     Size  Location     Type
		None
 Return value:  Size  Location     Type
                  1    wreg      void 
 Registers used:
		wreg
 Tracked objects:
		On entry : 
		On exit  : 
		Unchanged: 
 Data sizes:     COMMON   BANK0   BANK1   BANK3   BANK2
      Params:         0       2       0       0       0
      Locals:         0       0       0       0       0
      Temps:          0       0       0       0       0
      Totals:         0       2       0       0       0
Total ram usage:        2 bytes
 Hardware stack levels used:    1
 Hardware stack levels required when called:    2
 This function calls:
		Nothing
 This function is called by:
		_main
 This function uses a non-reentrant model


 *************** function _analogInSel *****************
 Defined at:
		line 32 in file "ADC.c"
 Parameters:    Size  Location     Type
  analogIn        1    wreg     unsigned char 
 Auto vars:     Size  Location     Type
  analogIn        1    2[BANK0 ] unsigned char 
 Return value:  Size  Location     Type
                  1    wreg      unsigned char 
 Registers used:
		wreg, fsr0l, fsr0h, status,2, status,0
 Tracked objects:
		On entry : 
		On exit  : 
		Unchanged: 
 Data sizes:     COMMON   BANK0   BANK1   BANK3   BANK2
      Params:         0       0       0       0       0
      Locals:         0       1       0       0       0
      Temps:          0       2       0       0       0
      Totals:         0       3       0       0       0
Total ram usage:        3 bytes
 Hardware stack levels used:    1
 Hardware stack levels required when called:    2
 This function calls:
		Nothing
 This function is called by:
		_main
 This function uses a non-reentrant model


 *************** function _adcSetup *****************
 Defined at:
		line 12 in file "ADC.c"
 Parameters:    Size  Location     Type
		None
 Auto vars:     Size  Location     Type
		None
 Return value:  Size  Location     Type
                  1    wreg      void 
 Registers used:
		None
 Tracked objects:
		On entry : 
		On exit  : 
		Unchanged: 
 Data sizes:     COMMON   BANK0   BANK1   BANK3   BANK2
      Params:         0       0       0       0       0
      Locals:         0       0       0       0       0
      Temps:          0       0       0       0       0
      Totals:         0       0       0       0       0
Total ram usage:        0 bytes
 Hardware stack levels used:    1
 Hardware stack levels required when called:    2
 This function calls:
		Nothing
 This function is called by:
		_main
 This function uses a non-reentrant model


 *************** function _adcInterrupt *****************
 Defined at:
		line 19 in file "ADC.c"
 Parameters:    Size  Location     Type
  en              1    wreg     unsigned char 
 Auto vars:     Size  Location     Type
  en              1    2[BANK0 ] unsigned char 
 Return value:  Size  Location     Type
                  1    wreg      void 
 Registers used:
		wreg, fsr0l, fsr0h, status,2, status,0
 Tracked objects:
		On entry : 
		On exit  : 
		Unchanged: 
 Data sizes:     COMMON   BANK0   BANK1   BANK3   BANK2
      Params:         0       0       0       0       0
      Locals:         0       1       0       0       0
      Temps:          0       2       0       0       0
      Totals:         0       3       0       0       0
Total ram usage:        3 bytes
 Hardware stack levels used:    1
 Hardware stack levels required when called:    2
 This function calls:
		Nothing
 This function is called by:
		_main
 This function uses a non-reentrant model


 *************** function _adcFoscSel *****************
 Defined at:
		line 128 in file "ADC.c"
 Parameters:    Size  Location     Type
  fosc            1    wreg     unsigned char 
 Auto vars:     Size  Location     Type
  fosc            1    2[BANK0 ] unsigned char 
 Return value:  Size  Location     Type
                  1    wreg      unsigned char 
 Registers used:
		wreg, fsr0l, fsr0h, status,2, status,0
 Tracked objects:
		On entry : 
		On exit  : 
		Unchanged: 
 Data sizes:     COMMON   BANK0   BANK1   BANK3   BANK2
      Params:         0       0       0       0       0
      Locals:         0       1       0       0       0
      Temps:          0       2       0       0       0
      Totals:         0       3       0       0       0
Total ram usage:        3 bytes
 Hardware stack levels used:    1
 Hardware stack levels required when called:    2
 This function calls:
		Nothing
 This function is called by:
		_main
 This function uses a non-reentrant model


 *************** function _ISR *****************
 Defined at:
		line 49 in file "Sensores.c"
 Parameters:    Size  Location     Type
		None
 Auto vars:     Size  Location     Type
		None
 Return value:  Size  Location     Type
                  1    wreg      void 
 Registers used:
		wreg, fsr0l, fsr0h, status,2, status,0, pclath, cstack
 Tracked objects:
		On entry : 
		On exit  : 
		Unchanged: 
 Data sizes:     COMMON   BANK0   BANK1   BANK3   BANK2
      Params:         0       0       0       0       0
      Locals:         0       0       0       0       0
      Temps:          5       0       0       0       0
      Totals:         5       0       0       0       0
Total ram usage:        5 bytes
 Hardware stack levels used:    1
 Hardware stack levels required when called:    1
 This function calls:
		i1_analogInSel
 This function is called by:
		Interrupt level 1
 This function uses a non-reentrant model


 *************** function i1_analogInSel *****************
 Defined at:
		line 32 in file "ADC.c"
 Parameters:    Size  Location     Type
  analogIn        1    wreg     unsigned char 
 Auto vars:     Size  Location     Type
  analogIn        1    2[COMMON] unsigned char 
 Return value:  Size  Location     Type
                  1    wreg      unsigned char 
 Registers used:
		wreg, fsr0l, fsr0h, status,2, status,0
 Tracked objects:
		On entry : 
		On exit  : 
		Unchanged: 
 Data sizes:     COMMON   BANK0   BANK1   BANK3   BANK2
      Params:         0       0       0       0       0
      Locals:         1       0       0       0       0
      Temps:          2       0       0       0       0
      Totals:         3       0       0       0       0
Total ram usage:        3 bytes
 Hardware stack levels used:    1
 This function calls:
		Nothing
 This function is called by:
		_ISR
 This function uses a non-reentrant model



MODULE INFORMATION

Module		Function		Class		Link	Load	Size
Sensores.c
		_ISR           		CODE           	001B	0000	197
		_main          		CODE           	0272	0000	57
		_setup         		CODE           	030B	0000	14

Sensores.c estimated size: 268

OSCCON.c
		_oscInit       		CODE           	01FB	0000	120

OSCCON.c estimated size: 120

I2C.c
		_i2c_slave_init		CODE           	02EE	0000	30

I2C.c estimated size: 30

shared
		__initialization		CODE           	0011	0000	7
		i1_analogInSel 		CODE           	00DF	0000	157

shared estimated size: 164

ADC.c
		_adcInterrupt  		CODE           	02AA	0000	36
		_adcFoscSel    		CODE           	02CD	0000	34
		_adcSetup      		CODE           	0318	0000	10
		_analogInSel   		CODE           	017B	0000	129

ADC.c estimated size: 209

