Microchip MPLAB XC8 Compiler V2.10 ()

Linker command line:

-W-3 --edf=C:\Program Files (x86)\Microchip\xc8\v2.10\pic\dat\en_msgs.txt \
  -cs -h+dist/default/production\Master.X.production.sym \
  --cmf=dist/default/production\Master.X.production.cmf -z -Q16F887 \
  -oC:\Users\Peter\AppData\Local\Temp\s86s.2 --defsym=__MPLAB_BUILD=1 \
  -Mdist/default/production/Master.X.production.map -E1 -ver=XC8 \
  --acfsm=1493 -ASTACK=0110h-016Fh -pstack=STACK -ACODE=00h-07FFhx4 \
  -ASTRCODE=00h-01FFFh -ASTRING=00h-0FFhx32 -ACONST=00h-0FFhx32 \
  -AENTRY=00h-0FFhx32 -ACOMMON=070h-07Fh -ABANK0=020h-06Fh \
  -ABANK1=0A0h-0EFh -ABANK2=0110h-016Fh -ABANK3=0190h-01EFh \
  -ARAM=020h-06Fh,0A0h-0EFh,0110h-016Fh,0190h-01EFh \
  -AABS1=020h-07Fh,0A0h-0EFh,0110h-016Fh,0190h-01EFh -ASFR0=00h-01Fh \
  -ASFR1=080h-09Fh -ASFR2=0100h-010Fh -ASFR3=0180h-018Fh \
  -preset_vec=00h,intentry,init,end_init -ppowerup=CODE -pcinit=CODE \
  -pfunctab=ENTRY -ACONFIG=02007h-02008h -pconfig=CONFIG -DCONFIG=2 \
  -AIDLOC=02000h-02003h -pidloc=IDLOC -DIDLOC=2 -AEEDATA=00h-0FFh/02100h \
  -peeprom_data=EEDATA -DEEDATA=2 -DCODE=2 -DSTRCODE=2 -DSTRING=2 -DCONST=2 \
  -DENTRY=2 -k C:\Users\Peter\AppData\Local\Temp\s86s.o \
  dist/default/production\Master.X.production.o 

Object code version is 3.11

Machine type is 16F887



                Name                               Link     Load   Length Selector   Space Scale
C:\Users\Peter\AppData\Local\Temp\s86s.o
                end_init                              0        0        3        0       0
                config                             2007     2007        2     400E       0
dist/default/production\Master.X.production.o
                cinit                               7F6      7F6        A      FEC       0
                text14                              5A9      5A9        D      B52       0
                text13                              5D7      5D7       13      BAE       0
                text12                              5B6      5B6       10      B6C       0
                text11                              594      594        9      B28       0
                text10                              71B      71B       66      E36       0
                text9                               640      640       38      C80       0
                text8                               5FD      5FD       16      BFA       0
                text7                               5C6      5C6       11      B8C       0
                text6                               6C5      6C5       56      D8A       0
                text5                               781      781       75      F02       0
                text4                               5EA      5EA       13      BD4       0
                text3                               58E      58E        6      B1C       0
                text2                               59D      59D        C      B3A       0
                text1                               613      613       2D      C26       0
                maintext                            678      678       4D      CF0       0
                cstackBANK0                          20       20        9       20       1
                cstackCOMMON                         70       70        E       70       1
                bssBANK0                             29       29        4       20       1

TOTAL           Name                               Link     Load   Length     Space
        CLASS   STACK          

        CLASS   CODE           
                end_init                              0        0        3         0
                cinit                               7F6      7F6        A         0
                text14                              5A9      5A9        D         0
                text13                              5D7      5D7       13         0
                text12                              5B6      5B6       10         0
                text11                              594      594        9         0
                text10                              71B      71B       66         0
                text9                               640      640       38         0
                text8                               5FD      5FD       16         0
                text7                               5C6      5C6       11         0
                text6                               6C5      6C5       56         0
                text5                               781      781       75         0
                text4                               5EA      5EA       13         0
                text3                               58E      58E        6         0
                text2                               59D      59D        C         0
                text1                               613      613       2D         0
                maintext                            678      678       4D         0

        CLASS   STRCODE        

        CLASS   STRING         

        CLASS   CONST          

        CLASS   ENTRY          

        CLASS   COMMON         
                cstackCOMMON                         70       70        E         1

        CLASS   BANK0          
                cstackBANK0                          20       20        9         1
                bssBANK0                             29       29        4         1

        CLASS   BANK1          

        CLASS   BANK2          

        CLASS   BANK3          

        CLASS   RAM            

        CLASS   ABS1           
                abs_s1                               7E       7E        2         1

        CLASS   SFR0           

        CLASS   SFR1           

        CLASS   SFR2           

        CLASS   SFR3           

        CLASS   CONFIG         
                config                             2007     2007        2         0

        CLASS   IDLOC          

        CLASS   EEDATA         



SEGMENTS        Name                           Load    Length   Top    Selector   Space  Class     Delta

                reset_vec                      000000  000003  000003         0       0  CODE        2
                cstackBANK0                    000020  00000D  00002D        20       1  BANK0       1
                cstackCOMMON                   000070  00000E  00007E        70       1  COMMON      1
                text3                          00058E  000006  000594       B1C       0  CODE        2
                text11                         000594  000009  00059D       B28       0  CODE        2
                text2                          00059D  00000C  0005A9       B3A       0  CODE        2
                text14                         0005A9  00000D  0005B6       B52       0  CODE        2
                text12                         0005B6  000010  0005C6       B6C       0  CODE        2
                text7                          0005C6  000011  0005D7       B8C       0  CODE        2
                text13                         0005D7  000013  0005EA       BAE       0  CODE        2
                text4                          0005EA  000013  0005FD       BD4       0  CODE        2
                text8                          0005FD  000016  000613       BFA       0  CODE        2
                text1                          000613  00002D  000640       C26       0  CODE        2
                text9                          000640  000038  000678       C80       0  CODE        2
                maintext                       000678  00004D  0006C5       CF0       0  CODE        2
                text6                          0006C5  000056  00071B       D8A       0  CODE        2
                text10                         00071B  000066  000781       E36       0  CODE        2
                text5                          000781  000075  0007F6       F02       0  CODE        2
                cinit                          0007F6  00000A  000800       FEC       0  CODE        2
                config                         002007  000002  002009      400E       0  CONFIG      2


UNUSED ADDRESS RANGES

        Name                Unused          Largest block    Delta
        BANK0            002D-006F             43           1
        BANK1            00A0-00EF             50           1
        BANK2            0110-016F             60           1
        BANK3            0190-01EF             60           1
        CODE             0003-058D            58B           2
                         0800-1FFF            800
        CONST            0003-058D            100           2
                         0800-1FFF            100
        EEDATA           2100-21FF            100           2
        ENTRY            0003-058D            100           2
                         0800-1FFF            100
        IDLOC            2000-2003              4           2
        RAM              002D-006F             43           1
                         00A0-00EF             50
                         0110-016F             60
                         0190-01EF             60
        SFR0             0000-001F             20           1
        SFR1             0080-009F             20           1
        SFR2             0100-010F             10           1
        SFR3             0180-018F             10           1
        STACK            0110-016F             60           1
        STRCODE          0003-058D            58B           2
                         0800-1FFF           1800
        STRING           0003-058D            100           2
                         0800-1FFF            100

                                  Symbol Table

?___lldiv                 cstackCOMMON 0070
_ANSEL                    (abs)        0188
_ANSELH                   (abs)        0189
_INTCONbits               (abs)        000B
_OSCCONbits               (abs)        008F
_PIE1bits                 (abs)        008C
_PIR1bits                 (abs)        000C
_PORTA                    (abs)        0005
_PORTD                    (abs)        0008
_PORTEbits                (abs)        0009
_SSPADD                   (abs)        0093
_SSPBUF                   (abs)        0013
_SSPCON                   (abs)        0014
_SSPCON2                  (abs)        0091
_SSPCON2bits              (abs)        0091
_SSPSTAT                  (abs)        0094
_SSPSTATbits              (abs)        0094
_T1CONbits                (abs)        0010
_TRISA                    (abs)        0085
_TRISBbits                (abs)        0086
_TRISCbits                (abs)        0087
_TRISD                    (abs)        0088
_TRISE                    (abs)        0089
__CFG_BOR4V$BOR40V        (abs)        0000
__CFG_BOREN$OFF           (abs)        0000
__CFG_CP$OFF              (abs)        0000
__CFG_CPD$OFF             (abs)        0000
__CFG_FCMEN$OFF           (abs)        0000
__CFG_FOSC$INTRC_NOCLKOUT (abs)        0000
__CFG_IESO$OFF            (abs)        0000
__CFG_LVP$OFF             (abs)        0000
__CFG_MCLRE$OFF           (abs)        0000
__CFG_PWRTE$OFF           (abs)        0000
__CFG_WDTE$OFF            (abs)        0000
__CFG_WRT$OFF             (abs)        0000
__Habs1                   abs1         0000
__Hbank0                  bank0        0000
__Hbank1                  bank1        0000
__Hbank2                  bank2        0000
__Hbank3                  bank3        0000
__HbssBANK0               bssBANK0     0000
__Hcinit                  cinit        0800
__Hclrtext                clrtext      0000
__Hcode                   code         0000
__Hcommon                 common       0000
__Hconfig                 config       2009
__HcstackBANK0            cstackBANK0  0000
__HcstackCOMMON           cstackCOMMON 0000
__Heeprom_data            eeprom_data  0000
__Hend_init               end_init     0003
__Hfunctab                functab      0000
__Hidloc                  idloc        0000
__Hinit                   init         0000
__Hintentry               intentry     0000
__Hmaintext               maintext     0000
__Hpowerup                powerup      0000
__Hram                    ram          0000
__Hreset_vec              reset_vec    0000
__Hsfr0                   sfr0         0000
__Hsfr1                   sfr1         0000
__Hsfr2                   sfr2         0000
__Hsfr3                   sfr3         0000
__Hspace_0                (abs)        2009
__Hspace_1                (abs)        007E
__Hspace_2                (abs)        0000
__Hspace_3                (abs)        0000
__Hstack                  stack        0000
__Hstrings                strings      0000
__Htext                   text         0000
__Labs1                   abs1         0000
__Lbank0                  bank0        0000
__Lbank1                  bank1        0000
__Lbank2                  bank2        0000
__Lbank3                  bank3        0000
__LbssBANK0               bssBANK0     0000
__Lcinit                  cinit        07F6
__Lclrtext                clrtext      0000
__Lcode                   code         0000
__Lcommon                 common       0000
__Lconfig                 config       2007
__LcstackBANK0            cstackBANK0  0000
__LcstackCOMMON           cstackCOMMON 0000
__Leeprom_data            eeprom_data  0000
__Lend_init               end_init     0000
__Lfunctab                functab      0000
__Lidloc                  idloc        0000
__Linit                   init         0000
__Lintentry               intentry     0000
__Lmaintext               maintext     0000
__Lpowerup                powerup      0000
__Lram                    ram          0000
__Lreset_vec              reset_vec    0000
__Lsfr0                   sfr0         0000
__Lsfr1                   sfr1         0000
__Lsfr2                   sfr2         0000
__Lsfr3                   sfr3         0000
__Lspace_0                (abs)        0000
__Lspace_1                (abs)        0000
__Lspace_2                (abs)        0000
__Lspace_3                (abs)        0000
__Lstack                  stack        0000
__Lstrings                strings      0000
__Ltext                   text         0000
__S0                      (abs)        2009
__S1                      (abs)        007E
__S2                      (abs)        0000
__S3                      (abs)        0000
___int_sp                 stack        0000
___latbits                (abs)        0002
___lldiv                  text10       071B
___lldiv@counter          cstackCOMMON 007D
___lldiv@dividend         cstackCOMMON 0074
___lldiv@divisor          cstackCOMMON 0070
___lldiv@quotient         cstackCOMMON 0079
___sp                     stack        0000
___stackhi                (abs)        0000
___stacklo                (abs)        0000
__end_of___lldiv          text10       0781
__end_of__initialization  cinit        07FC
__end_of_delay_1ms        text8        0613
__end_of_i2c_addr_start   text12       05C6
__end_of_i2c_masterStop   text11       059D
__end_of_i2c_masterWait   text14       05B6
__end_of_i2c_masterWrite  text13       05EA
__end_of_i2c_master_init  text9        0678
__end_of_lcd8_cmd         text7        05D7
__end_of_lcd8_init        text6        071B
__end_of_main             maintext     06C5
__end_of_oscInit          text5        07F6
__end_of_setup            text4        05FD
__end_of_tmr1_Init        text3        0594
__end_of_tmr1_Interrupt   text2        05A9
__end_of_tmr1_Prescaler   text1        0640
__initialization          cinit        07F6
__pbssBANK0               bssBANK0     0029
__pcstackBANK0            cstackBANK0  0020
__pcstackCOMMON           cstackCOMMON 0070
__pmaintext               maintext     0678
__ptext1                  text1        0613
__ptext10                 text10       071B
__ptext11                 text11       0594
__ptext12                 text12       05B6
__ptext13                 text13       05D7
__ptext14                 text14       05A9
__ptext2                  text2        059D
__ptext3                  text3        058E
__ptext4                  text4        05EA
__ptext5                  text5        0781
__ptext6                  text6        06C5
__ptext7                  text7        05C6
__ptext8                  text8        05FD
__ptext9                  text9        0640
__size_of___lldiv         (abs)        0000
__size_of_delay_1ms       (abs)        0000
__size_of_i2c_addr_start  (abs)        0000
__size_of_i2c_masterStop  (abs)        0000
__size_of_i2c_masterWait  (abs)        0000
__size_of_i2c_masterWrite (abs)        0000
__size_of_i2c_master_init (abs)        0000
__size_of_lcd8_cmd        (abs)        0000
__size_of_lcd8_init       (abs)        0000
__size_of_main            (abs)        0000
__size_of_oscInit         (abs)        0000
__size_of_setup           (abs)        0000
__size_of_tmr1_Init       (abs)        0000
__size_of_tmr1_Interrupt  (abs)        0000
__size_of_tmr1_Prescaler  (abs)        0000
_delay_1ms                text8        05FD
_i2c_addr_start           text12       05B6
_i2c_masterStop           text11       0594
_i2c_masterWait           text14       05A9
_i2c_masterWrite          text13       05D7
_i2c_master_init          text9        0640
_lcd8_cmd                 text7        05C6
_lcd8_init                text6        06C5
_main                     maintext     0678
_oscInit                  text5        0781
_setup                    text4        05EA
_tmr1_Init                text3        058E
_tmr1_Interrupt           text2        059D
_tmr1_Prescaler           text1        0613
btemp                     (abs)        007E
delay_1ms@i               cstackCOMMON 0070
end_of_initialization     cinit        07FC
i2c_addr_start@addr       cstackCOMMON 0071
i2c_masterWrite@data      cstackCOMMON 0070
i2c_master_init@c         cstackBANK0  0020
intlevel0                 functab      0000
intlevel1                 functab      0000
intlevel2                 functab      0000
intlevel3                 functab      0000
intlevel4                 functab      0000
intlevel5                 functab      0000
lcd8_cmd@cmd              cstackCOMMON 0072
oscInit@freq              cstackCOMMON 0072
reset_vec                 reset_vec    0000
start                     init         0000
start_initialization      cinit        07F6
tmr1_Interrupt@tmr1_Int   cstackCOMMON 0070
tmr1_Prescaler@prescaler  cstackCOMMON 0072
wtemp0                    (abs)        007E


FUNCTION INFORMATION:

 *************** function _main *****************
 Defined at:
		line 48 in file "master.c"
 Parameters:    Size  Location     Type
		None
 Auto vars:     Size  Location     Type
		None
 Return value:  Size  Location     Type
                  1    wreg      void 
 Registers used:
		wreg, fsr0l, fsr0h, status,2, status,0, btemp+1, pclath, cstack
 Tracked objects:
		On entry : 
		On exit  : 
		Unchanged: 
 Data sizes:     COMMON   BANK0   BANK1   BANK3   BANK2
      Params:         0       0       0       0       0
      Locals:         0       0       0       0       0
      Temps:          0       1       0       0       0
      Totals:         0       1       0       0       0
Total ram usage:        1 bytes
 Hardware stack levels required when called:    3
 This function calls:
		_i2c_addr_start
		_i2c_masterStop
		_i2c_masterWrite
		_i2c_master_init
		_lcd8_init
		_oscInit
		_setup
		_tmr1_Init
		_tmr1_Interrupt
		_tmr1_Prescaler
 This function is called by:
		Startup code after reset
 This function uses a non-reentrant model


 *************** function _tmr1_Prescaler *****************
 Defined at:
		line 22 in file "TMR1.c"
 Parameters:    Size  Location     Type
  prescaler       1    wreg     unsigned char 
 Auto vars:     Size  Location     Type
  prescaler       1    2[COMMON] unsigned char 
 Return value:  Size  Location     Type
                  1    wreg      void 
 Registers used:
		wreg, fsr0l, fsr0h, status,2, status,0
 Tracked objects:
		On entry : 
		On exit  : 
		Unchanged: 
 Data sizes:     COMMON   BANK0   BANK1   BANK3   BANK2
      Params:         0       0       0       0       0
      Locals:         1       0       0       0       0
      Temps:          2       0       0       0       0
      Totals:         3       0       0       0       0
Total ram usage:        3 bytes
 Hardware stack levels used:    1
 This function calls:
		Nothing
 This function is called by:
		_main
 This function uses a non-reentrant model


 *************** function _tmr1_Interrupt *****************
 Defined at:
		line 43 in file "TMR1.c"
 Parameters:    Size  Location     Type
  tmr1_Int        1    wreg     unsigned char 
 Auto vars:     Size  Location     Type
  tmr1_Int        1    0[COMMON] unsigned char 
 Return value:  Size  Location     Type
                  1    wreg      void 
 Registers used:
		wreg, status,0
 Tracked objects:
		On entry : 
		On exit  : 
		Unchanged: 
 Data sizes:     COMMON   BANK0   BANK1   BANK3   BANK2
      Params:         0       0       0       0       0
      Locals:         1       0       0       0       0
      Temps:          0       0       0       0       0
      Totals:         1       0       0       0       0
Total ram usage:        1 bytes
 Hardware stack levels used:    1
 This function calls:
		Nothing
 This function is called by:
		_main
 This function uses a non-reentrant model


 *************** function _tmr1_Init *****************
 Defined at:
		line 16 in file "TMR1.c"
 Parameters:    Size  Location     Type
		None
 Auto vars:     Size  Location     Type
		None
 Return value:  Size  Location     Type
                  1    wreg      void 
 Registers used:
		None
 Tracked objects:
		On entry : 
		On exit  : 
		Unchanged: 
 Data sizes:     COMMON   BANK0   BANK1   BANK3   BANK2
      Params:         0       0       0       0       0
      Locals:         0       0       0       0       0
      Temps:          0       0       0       0       0
      Totals:         0       0       0       0       0
Total ram usage:        0 bytes
 Hardware stack levels used:    1
 This function calls:
		Nothing
 This function is called by:
		_main
 This function uses a non-reentrant model


 *************** function _setup *****************
 Defined at:
		line 129 in file "master.c"
 Parameters:    Size  Location     Type
		None
 Auto vars:     Size  Location     Type
		None
 Return value:  Size  Location     Type
                  1    wreg      void 
 Registers used:
		wreg, status,2
 Tracked objects:
		On entry : 
		On exit  : 
		Unchanged: 
 Data sizes:     COMMON   BANK0   BANK1   BANK3   BANK2
      Params:         0       0       0       0       0
      Locals:         0       0       0       0       0
      Temps:          0       0       0       0       0
      Totals:         0       0       0       0       0
Total ram usage:        0 bytes
 Hardware stack levels used:    1
 This function calls:
		Nothing
 This function is called by:
		_main
 This function uses a non-reentrant model


 *************** function _oscInit *****************
 Defined at:
		line 11 in file "OSCCON.c"
 Parameters:    Size  Location     Type
  freq            1    wreg     unsigned char 
 Auto vars:     Size  Location     Type
  freq            1    2[COMMON] unsigned char 
 Return value:  Size  Location     Type
                  1    wreg      unsigned char 
 Registers used:
		wreg, fsr0l, fsr0h, status,2, status,0
 Tracked objects:
		On entry : 
		On exit  : 
		Unchanged: 
 Data sizes:     COMMON   BANK0   BANK1   BANK3   BANK2
      Params:         0       0       0       0       0
      Locals:         1       0       0       0       0
      Temps:          2       0       0       0       0
      Totals:         3       0       0       0       0
Total ram usage:        3 bytes
 Hardware stack levels used:    1
 This function calls:
		Nothing
 This function is called by:
		_main
 This function uses a non-reentrant model


 *************** function _lcd8_init *****************
 Defined at:
		line 18 in file "LCD.c"
 Parameters:    Size  Location     Type
		None
 Auto vars:     Size  Location     Type
		None
 Return value:  Size  Location     Type
                  1    wreg      void 
 Registers used:
		wreg, status,2, status,0, btemp+1, pclath, cstack
 Tracked objects:
		On entry : 
		On exit  : 
		Unchanged: 
 Data sizes:     COMMON   BANK0   BANK1   BANK3   BANK2
      Params:         0       0       0       0       0
      Locals:         0       0       0       0       0
      Temps:          2       0       0       0       0
      Totals:         2       0       0       0       0
Total ram usage:        2 bytes
 Hardware stack levels used:    1
 Hardware stack levels required when called:    2
 This function calls:
		_lcd8_cmd
 This function is called by:
		_main
 This function uses a non-reentrant model


 *************** function _lcd8_cmd *****************
 Defined at:
		line 34 in file "LCD.c"
 Parameters:    Size  Location     Type
  cmd             1    wreg     unsigned char 
 Auto vars:     Size  Location     Type
  cmd             1    2[COMMON] unsigned char 
 Return value:  Size  Location     Type
                  1    wreg      void 
 Registers used:
		wreg, status,2, status,0, btemp+1, pclath, cstack
 Tracked objects:
		On entry : 
		On exit  : 
		Unchanged: 
 Data sizes:     COMMON   BANK0   BANK1   BANK3   BANK2
      Params:         0       0       0       0       0
      Locals:         1       0       0       0       0
      Temps:          0       0       0       0       0
      Totals:         1       0       0       0       0
Total ram usage:        1 bytes
 Hardware stack levels used:    1
 Hardware stack levels required when called:    1
 This function calls:
		_delay_1ms
 This function is called by:
		_lcd8_init
		_lcd8_setCursor
		_lcd8_clearDisplay
 This function uses a non-reentrant model


 *************** function _delay_1ms *****************
 Defined at:
		line 75 in file "LCD.c"
 Parameters:    Size  Location     Type
		None
 Auto vars:     Size  Location     Type
  i               2    0[COMMON] int 
 Return value:  Size  Location     Type
                  1    wreg      void 
 Registers used:
		wreg, status,2, btemp+1
 Tracked objects:
		On entry : 
		On exit  : 
		Unchanged: 
 Data sizes:     COMMON   BANK0   BANK1   BANK3   BANK2
      Params:         0       0       0       0       0
      Locals:         2       0       0       0       0
      Temps:          0       0       0       0       0
      Totals:         2       0       0       0       0
Total ram usage:        2 bytes
 Hardware stack levels used:    1
 This function calls:
		Nothing
 This function is called by:
		_lcd8_cmd
		_lcd8_write
 This function uses a non-reentrant model


 *************** function _i2c_master_init *****************
 Defined at:
		line 12 in file "I2C.c"
 Parameters:    Size  Location     Type
  c               4    0[BANK0 ] unsigned long 
 Auto vars:     Size  Location     Type
		None
 Return value:  Size  Location     Type
                  1    wreg      void 
 Registers used:
		wreg, status,2, status,0, pclath, cstack
 Tracked objects:
		On entry : 
		On exit  : 
		Unchanged: 
 Data sizes:     COMMON   BANK0   BANK1   BANK3   BANK2
      Params:         0       4       0       0       0
      Locals:         0       0       0       0       0
      Temps:          0       4       0       0       0
      Totals:         0       8       0       0       0
Total ram usage:        8 bytes
 Hardware stack levels used:    1
 Hardware stack levels required when called:    1
 This function calls:
		___lldiv
 This function is called by:
		_main
 This function uses a non-reentrant model


 *************** function ___lldiv *****************
 Defined at:
		line 5 in file "C:\Program Files (x86)\Microchip\xc8\v2.10\pic\sources\c90\common\__lldiv.c"
 Parameters:    Size  Location     Type
  divisor         4    0[COMMON] unsigned long 
  dividend        4    4[COMMON] unsigned long 
 Auto vars:     Size  Location     Type
  quotient        4    9[COMMON] unsigned long 
  counter         1   13[COMMON] unsigned char 
 Return value:  Size  Location     Type
                  4    0[COMMON] unsigned long 
 Registers used:
		wreg, status,2, status,0
 Tracked objects:
		On entry : 
		On exit  : 
		Unchanged: 
 Data sizes:     COMMON   BANK0   BANK1   BANK3   BANK2
      Params:         8       0       0       0       0
      Locals:         5       0       0       0       0
      Temps:          1       0       0       0       0
      Totals:        14       0       0       0       0
Total ram usage:       14 bytes
 Hardware stack levels used:    1
 This function calls:
		Nothing
 This function is called by:
		_i2c_master_init
 This function uses a non-reentrant model


 *************** function _i2c_masterStop *****************
 Defined at:
		line 41 in file "I2C.c"
 Parameters:    Size  Location     Type
		None
 Auto vars:     Size  Location     Type
		None
 Return value:  Size  Location     Type
                  1    wreg      void 
 Registers used:
		wreg, status,2, status,0, pclath, cstack
 Tracked objects:
		On entry : 
		On exit  : 
		Unchanged: 
 Data sizes:     COMMON   BANK0   BANK1   BANK3   BANK2
      Params:         0       0       0       0       0
      Locals:         0       0       0       0       0
      Temps:          0       0       0       0       0
      Totals:         0       0       0       0       0
Total ram usage:        0 bytes
 Hardware stack levels used:    1
 Hardware stack levels required when called:    1
 This function calls:
		_i2c_masterWait
 This function is called by:
		_main
 This function uses a non-reentrant model


 *************** function _i2c_addr_start *****************
 Defined at:
		line 30 in file "I2C.c"
 Parameters:    Size  Location     Type
  addr            1    wreg     unsigned char 
 Auto vars:     Size  Location     Type
  addr            1    1[COMMON] unsigned char 
 Return value:  Size  Location     Type
                  1    wreg      void 
 Registers used:
		wreg, status,2, status,0, pclath, cstack
 Tracked objects:
		On entry : 
		On exit  : 
		Unchanged: 
 Data sizes:     COMMON   BANK0   BANK1   BANK3   BANK2
      Params:         0       0       0       0       0
      Locals:         1       0       0       0       0
      Temps:          0       0       0       0       0
      Totals:         1       0       0       0       0
Total ram usage:        1 bytes
 Hardware stack levels used:    1
 Hardware stack levels required when called:    2
 This function calls:
		_i2c_masterWait
		_i2c_masterWrite
 This function is called by:
		_main
 This function uses a non-reentrant model


 *************** function _i2c_masterWrite *****************
 Defined at:
		line 46 in file "I2C.c"
 Parameters:    Size  Location     Type
  data            1    wreg     unsigned char 
 Auto vars:     Size  Location     Type
  data            1    0[COMMON] unsigned char 
 Return value:  Size  Location     Type
                  1    wreg      unsigned char 
 Registers used:
		wreg, status,2, status,0, pclath, cstack
 Tracked objects:
		On entry : 
		On exit  : 
		Unchanged: 
 Data sizes:     COMMON   BANK0   BANK1   BANK3   BANK2
      Params:         0       0       0       0       0
      Locals:         1       0       0       0       0
      Temps:          0       0       0       0       0
      Totals:         1       0       0       0       0
Total ram usage:        1 bytes
 Hardware stack levels used:    1
 Hardware stack levels required when called:    1
 This function calls:
		_i2c_masterWait
 This function is called by:
		_main
		_i2c_addr_start
 This function uses a non-reentrant model


 *************** function _i2c_masterWait *****************
 Defined at:
		line 21 in file "I2C.c"
 Parameters:    Size  Location     Type
		None
 Auto vars:     Size  Location     Type
		None
 Return value:  Size  Location     Type
                  1    wreg      void 
 Registers used:
		wreg, status,2
 Tracked objects:
		On entry : 
		On exit  : 
		Unchanged: 
 Data sizes:     COMMON   BANK0   BANK1   BANK3   BANK2
      Params:         0       0       0       0       0
      Locals:         0       0       0       0       0
      Temps:          0       0       0       0       0
      Totals:         0       0       0       0       0
Total ram usage:        0 bytes
 Hardware stack levels used:    1
 This function calls:
		Nothing
 This function is called by:
		_i2c_addr_start
		_i2c_masterStop
		_i2c_masterWrite
		_i2c_masterStart
		_i2c_master_RStart
 This function uses a non-reentrant model



MODULE INFORMATION

Module		Function		Class		Link	Load	Size
TMR1.c
		_tmr1_Interrupt		CODE           	059D	0000	13
		_tmr1_Prescaler		CODE           	0613	0000	46
		_tmr1_Init     		CODE           	058E	0000	7

TMR1.c estimated size: 66

OSCCON.c
		_oscInit       		CODE           	0781	0000	118

OSCCON.c estimated size: 118

I2C.c
		_i2c_masterWait		CODE           	05A9	0000	14
		_i2c_masterStop		CODE           	0594	0000	10
		_i2c_masterWrite		CODE           	05D7	0000	20
		_i2c_master_init		CODE           	0640	0000	57
		_i2c_addr_start		CODE           	05B6	0000	17

I2C.c estimated size: 118

C:\Program Files (x86)\Microchip\xc8\v2.10\pic\sources\c90\common\__lldiv.c
		___lldiv       		CODE           	071B	0000	103

C:\Program Files (x86)\Microchip\xc8\v2.10\pic\sources\c90\common\__lldiv.c estimated size: 103

shared
		__initialization		CODE           	07F6	0000	7

shared estimated size: 7

master.c
		_main          		CODE           	0678	0000	78
		_setup         		CODE           	05EA	0000	20

master.c estimated size: 98

LCD.c
		_delay_1ms     		CODE           	05FD	0000	23
		_lcd8_init     		CODE           	06C5	0000	87
		_lcd8_cmd      		CODE           	05C6	0000	18

LCD.c estimated size: 128

