Microchip MPLAB XC8 Compiler V2.10 ()

Linker command line:

-W-3 --edf=C:\Program Files (x86)\Microchip\xc8\v2.10\pic\dat\en_msgs.txt \
  -cs -h+dist/default/production\Master.X.production.sym \
  --cmf=dist/default/production\Master.X.production.cmf -z -Q16F887 \
  -oC:\Users\Peter\AppData\Local\Temp\s2nk.2 --defsym=__MPLAB_BUILD=1 \
  -Mdist/default/production/Master.X.production.map -E1 -ver=XC8 \
  --acfsm=1493 -ASTACK=0110h-016Fh -pstack=STACK -ACODE=00h-07FFhx4 \
  -ASTRCODE=00h-01FFFh -ASTRING=00h-0FFhx32 -ACONST=00h-0FFhx32 \
  -AENTRY=00h-0FFhx32 -ACOMMON=070h-07Fh -ABANK0=020h-06Fh \
  -ABANK1=0A0h-0EFh -ABANK2=0110h-016Fh -ABANK3=0190h-01EFh \
  -ARAM=020h-06Fh,0A0h-0EFh,0110h-016Fh,0190h-01EFh \
  -AABS1=020h-07Fh,0A0h-0EFh,0110h-016Fh,0190h-01EFh -ASFR0=00h-01Fh \
  -ASFR1=080h-09Fh -ASFR2=0100h-010Fh -ASFR3=0180h-018Fh \
  -preset_vec=00h,intentry=04h,init,end_init -ppowerup=CODE -pcinit=CODE \
  -pfunctab=ENTRY -ACONFIG=02007h-02008h -pconfig=CONFIG -DCONFIG=2 \
  -AIDLOC=02000h-02003h -pidloc=IDLOC -DIDLOC=2 -AEEDATA=00h-0FFh/02100h \
  -peeprom_data=EEDATA -DEEDATA=2 -DCODE=2 -DSTRCODE=2 -DSTRING=2 -DCONST=2 \
  -DENTRY=2 -k C:\Users\Peter\AppData\Local\Temp\s2nk.o \
  dist/default/production\Master.X.production.o 

Object code version is 3.11

Machine type is 16F887



                Name                               Link     Load   Length Selector   Space Scale
C:\Users\Peter\AppData\Local\Temp\s2nk.o
                end_init                              C        C        3        8       0
                reset_vec                             0        0        3        0       0
                config                             2007     2007        2     400E       0
dist/default/production\Master.X.production.o
                cinit                                 F        F       13        8       0
                intentry                              4        4        8        8       0
                text29                              E8A      E8A        7     1D14       0
                text28                              F5D      F5D       25     1EBA       0
                text27                              F3C      F3C       21     1E78       0
                text26                              E99      E99        9     1D32       0
                text25                              496      496       99        8       0
                text24                              EC2      EC2        D     1D84       0
                text23                              7AE      7AE       36        8       0
                text22                              638      638       68        8       0
                text21                              776      776       38        8       0
                text20                              F26      F26       16     1E4C       0
                text19                              ECF      ECF       10     1D9E       0
                text18                              FA7      FA7       2C     1F4E       0
                text17                              EEF      EEF       11     1DDE       0
                text16                              6A0      6A0       56        8       0
                text15                              7E4      7E4       1C        8       0
                text14                              EAB      EAB        B     1D56       0
                text13                              EDF      EDF       10     1DBE       0
                text12                              EA2      EA2        9     1D44       0
                text11                              52F      52F       94        8       0
                text10                              5C3      5C3       75        8       0
                text9                               F12      F12       14     1E24       0
                text8                               6F6      6F6       44        8       0
                text7                               73A      73A       3C        8       0
                text6                               F82      F82       25     1F04       0
                text5                               F00      F00       12     1E00       0
                text4                               33B      33B      15B        8       0
                text3                               E84      E84        6     1D08       0
                text2                               EB6      EB6        C     1D6C       0
                text1                               FD3      FD3       2D     1FA6       0
                maintext                             22       22      319        8       0
                cstackBANK0                          20       20       37       20       1
                cstackCOMMON                         70       70        B       70       1
                clrtext                             E91      E91        8     1D22       0
                bssBANK0                             57       57       17       20       1
                dataCOMMON                           7B       7B        1       70       1
                strings                             800      800       2F     1000       0
                idataCOMMON                           3        3        1        0       0

TOTAL           Name                               Link     Load   Length     Space
        CLASS   STACK          

        CLASS   CODE           
                end_init                              C        C        3         0
                cinit                                 F        F       13         0
                intentry                              4        4        8         0
                reset_vec                             0        0        3         0
                text29                              E8A      E8A        7         0
                text28                              F5D      F5D       25         0
                text27                              F3C      F3C       21         0
                text26                              E99      E99        9         0
                text25                              496      496       99         0
                text24                              EC2      EC2        D         0
                text23                              7AE      7AE       36         0
                text22                              638      638       68         0
                text21                              776      776       38         0
                text20                              F26      F26       16         0
                text19                              ECF      ECF       10         0
                text18                              FA7      FA7       2C         0
                text17                              EEF      EEF       11         0
                text16                              6A0      6A0       56         0
                text15                              7E4      7E4       1C         0
                text14                              EAB      EAB        B         0
                text13                              EDF      EDF       10         0
                text12                              EA2      EA2        9         0
                text11                              52F      52F       94         0
                text10                              5C3      5C3       75         0
                text9                               F12      F12       14         0
                text8                               6F6      6F6       44         0
                text7                               73A      73A       3C         0
                text6                               F82      F82       25         0
                text5                               F00      F00       12         0
                text4                               33B      33B      15B         0
                text3                               E84      E84        6         0
                text2                               EB6      EB6        C         0
                text1                               FD3      FD3       2D         0
                maintext                             22       22      319         0
                clrtext                             E91      E91        8         0
                idataCOMMON                           3        3        1         0

        CLASS   STRCODE        

        CLASS   STRING         
                strings                             800      800       2F         0

        CLASS   CONST          

        CLASS   ENTRY          

        CLASS   COMMON         
                cstackCOMMON                         70       70        B         1
                dataCOMMON                           7B       7B        1         1

        CLASS   BANK0          
                cstackBANK0                          20       20       37         1
                bssBANK0                             57       57       17         1

        CLASS   BANK1          

        CLASS   BANK2          

        CLASS   BANK3          

        CLASS   RAM            

        CLASS   ABS1           
                abs_s1                               7E       7E        2         1

        CLASS   SFR0           

        CLASS   SFR1           

        CLASS   SFR2           

        CLASS   SFR3           

        CLASS   CONFIG         
                config                             2007     2007        2         0

        CLASS   IDLOC          

        CLASS   EEDATA         



SEGMENTS        Name                           Load    Length   Top    Selector   Space  Class     Delta

                reset_vec                      000000  000004  000004         0       0  CODE        2
                intentry                       000004  0007FC  000800         8       0  CODE        2
                cstackBANK0                    000020  00004E  00006E        20       1  BANK0       1
                cstackCOMMON                   000070  00000C  00007C        70       1  COMMON      1
                strings                        000800  00002F  00082F      1000       0  STRING      2
                text3                          000E84  000006  000E8A      1D08       0  CODE        2
                text29                         000E8A  000007  000E91      1D14       0  CODE        2
                clrtext                        000E91  000008  000E99      1D22       0  CODE        2
                text26                         000E99  000009  000EA2      1D32       0  CODE        2
                text12                         000EA2  000009  000EAB      1D44       0  CODE        2
                text14                         000EAB  00000B  000EB6      1D56       0  CODE        2
                text2                          000EB6  00000C  000EC2      1D6C       0  CODE        2
                text24                         000EC2  00000D  000ECF      1D84       0  CODE        2
                text19                         000ECF  000010  000EDF      1D9E       0  CODE        2
                text13                         000EDF  000010  000EEF      1DBE       0  CODE        2
                text17                         000EEF  000011  000F00      1DDE       0  CODE        2
                text5                          000F00  000012  000F12      1E00       0  CODE        2
                text9                          000F12  000014  000F26      1E24       0  CODE        2
                text20                         000F26  000016  000F3C      1E4C       0  CODE        2
                text27                         000F3C  000021  000F5D      1E78       0  CODE        2
                text28                         000F5D  000025  000F82      1EBA       0  CODE        2
                text6                          000F82  000025  000FA7      1F04       0  CODE        2
                text18                         000FA7  00002C  000FD3      1F4E       0  CODE        2
                text1                          000FD3  00002D  001000      1FA6       0  CODE        2
                config                         002007  000002  002009      400E       0  CONFIG      2


UNUSED ADDRESS RANGES

        Name                Unused          Largest block    Delta
        BANK0            006E-006F              2           1
        BANK1            00A0-00EF             50           1
        BANK2            0110-016F             60           1
        BANK3            0190-01EF             60           1
        CODE             082F-0E83            655           2
                         1000-1FFF            800
        COMMON           007C-007D              2           1
        CONST            082F-0E83            100           2
                         1000-1FFF            100
        EEDATA           2100-21FF            100           2
        ENTRY            082F-0E83            100           2
                         1000-1FFF            100
        IDLOC            2000-2003              4           2
        RAM              006E-006F              2           1
                         00A0-00EF             50
                         0110-016F             60
                         0190-01EF             60
        SFR0             0000-001F             20           1
        SFR1             0080-009F             20           1
        SFR2             0100-010F             10           1
        SFR3             0180-018F             10           1
        STACK            0110-016F             60           1
        STRCODE          082F-0E83            655           2
                         1000-1FFF           1000
        STRING           082F-0E83            100           2
                         1000-1FFF            100

                                  Symbol Table

?___lldiv                 cstackCOMMON 0072
?___lwdiv                 cstackCOMMON 0072
?___lwmod                 cstackBANK0  0020
?___wmul                  cstackCOMMON 0072
?_i2c_masterRead          cstackCOMMON 0072
?_sprintf                 cstackBANK0  0025
_ADCON0bits               (abs)        001F
_ADCON1bits               (abs)        009F
_ADRESH                   (abs)        001E
_ANSEL                    (abs)        0188
_ANSELH                   (abs)        0189
_INTCONbits               (abs)        000B
_OSCCONbits               (abs)        008F
_PIE1bits                 (abs)        008C
_PIR1bits                 (abs)        000C
_PORTA                    (abs)        0005
_PORTBbits                (abs)        0006
_PORTD                    (abs)        0008
_PORTEbits                (abs)        0009
_SSPADD                   (abs)        0093
_SSPBUF                   (abs)        0013
_SSPCON                   (abs)        0014
_SSPCON2                  (abs)        0091
_SSPCON2bits              (abs)        0091
_SSPSTAT                  (abs)        0094
_T1CONbits                (abs)        0010
_TMR1H                    (abs)        000F
_TMR1L                    (abs)        000E
_TRISA                    (abs)        0085
_TRISBbits                (abs)        0086
_TRISCbits                (abs)        0087
_TRISD                    (abs)        0088
_TRISE                    (abs)        0089
__CFG_BOR4V$BOR40V        (abs)        0000
__CFG_BOREN$OFF           (abs)        0000
__CFG_CP$OFF              (abs)        0000
__CFG_CPD$OFF             (abs)        0000
__CFG_FCMEN$OFF           (abs)        0000
__CFG_FOSC$INTRC_NOCLKOUT (abs)        0000
__CFG_IESO$OFF            (abs)        0000
__CFG_LVP$OFF             (abs)        0000
__CFG_MCLRE$OFF           (abs)        0000
__CFG_PWRTE$OFF           (abs)        0000
__CFG_WDTE$OFF            (abs)        0000
__CFG_WRT$OFF             (abs)        0000
__Habs1                   abs1         0000
__Hbank0                  bank0        0000
__Hbank1                  bank1        0000
__Hbank2                  bank2        0000
__Hbank3                  bank3        0000
__HbssBANK0               bssBANK0     0000
__Hcinit                  cinit        0022
__Hclrtext                clrtext      0000
__Hcode                   code         0000
__Hcommon                 common       0000
__Hconfig                 config       2009
__HcstackBANK0            cstackBANK0  0000
__HcstackCOMMON           cstackCOMMON 0000
__HdataCOMMON             dataCOMMON   0000
__Heeprom_data            eeprom_data  0000
__Hend_init               end_init     000F
__Hfunctab                functab      0000
__HidataCOMMON            idataCOMMON  0000
__Hidloc                  idloc        0000
__Hinit                   init         000C
__Hintentry               intentry     000C
__Hmaintext               maintext     0000
__Hpowerup                powerup      0000
__Hram                    ram          0000
__Hreset_vec              reset_vec    0003
__Hsfr0                   sfr0         0000
__Hsfr1                   sfr1         0000
__Hsfr2                   sfr2         0000
__Hsfr3                   sfr3         0000
__Hspace_0                (abs)        2009
__Hspace_1                (abs)        007C
__Hspace_2                (abs)        0000
__Hspace_3                (abs)        0000
__Hstack                  stack        0000
__Hstrings                strings      0000
__Htext                   text         0000
__Labs1                   abs1         0000
__Lbank0                  bank0        0000
__Lbank1                  bank1        0000
__Lbank2                  bank2        0000
__Lbank3                  bank3        0000
__LbssBANK0               bssBANK0     0000
__Lcinit                  cinit        000F
__Lclrtext                clrtext      0000
__Lcode                   code         0000
__Lcommon                 common       0000
__Lconfig                 config       2007
__LcstackBANK0            cstackBANK0  0000
__LcstackCOMMON           cstackCOMMON 0000
__LdataCOMMON             dataCOMMON   0000
__Leeprom_data            eeprom_data  0000
__Lend_init               end_init     000C
__Lfunctab                functab      0000
__LidataCOMMON            idataCOMMON  0000
__Lidloc                  idloc        0000
__Linit                   init         000C
__Lintentry               intentry     0004
__Lmaintext               maintext     0000
__Lpowerup                powerup      0000
__Lram                    ram          0000
__Lreset_vec              reset_vec    0000
__Lsfr0                   sfr0         0000
__Lsfr1                   sfr1         0000
__Lsfr2                   sfr2         0000
__Lsfr3                   sfr3         0000
__Lspace_0                (abs)        0000
__Lspace_1                (abs)        0000
__Lspace_2                (abs)        0000
__Lspace_3                (abs)        0000
__Lstack                  stack        0000
__Lstrings                strings      0000
__Ltext                   text         0000
__S0                      (abs)        2009
__S1                      (abs)        007C
__S2                      (abs)        0000
__S3                      (abs)        0000
___int_sp                 stack        0000
___latbits                (abs)        0002
___lldiv                  text22       0638
___lldiv@counter          cstackBANK0  0024
___lldiv@dividend         cstackCOMMON 0076
___lldiv@divisor          cstackCOMMON 0072
___lldiv@quotient         cstackBANK0  0020
___lwdiv                  text8        06F6
___lwdiv@counter          cstackCOMMON 0079
___lwdiv@dividend         cstackCOMMON 0074
___lwdiv@divisor          cstackCOMMON 0072
___lwdiv@quotient         cstackCOMMON 0077
___lwmod                  text7        073A
___lwmod@counter          cstackBANK0  0024
___lwmod@dividend         cstackBANK0  0022
___lwmod@divisor          cstackBANK0  0020
___sp                     stack        0000
___stackhi                (abs)        0000
___stacklo                (abs)        0000
___wmul                   text6        0F82
___wmul@multiplicand      cstackCOMMON 0074
___wmul@multiplier        cstackCOMMON 0072
___wmul@product           cstackCOMMON 0076
__end_of___lldiv          text22       06A0
__end_of___lwdiv          text8        073A
__end_of___lwmod          text7        0776
__end_of___wmul           text6        0FA7
__end_of__initialization  cinit        001E
__end_of__stringtab       strings      0810
__end_of_adcFoscSel       text28       0F82
__end_of_adcInterrupt     text27       0F5D
__end_of_adcSetup         text26       0EA2
__end_of_analogInSel      text25       052F
__end_of_delay_1ms        text20       0F3C
__end_of_dpowers          strings      081A
__end_of_i2c_addr_start   text13       0EEF
__end_of_i2c_masterRead   text23       07E4
__end_of_i2c_masterStop   text12       0EAB
__end_of_i2c_masterWait   text24       0ECF
__end_of_i2c_masterWrite  text14       0EB6
__end_of_i2c_master_init  text21       07AE
__end_of_isdigit          text5        0F12
__end_of_isr              text29       0E91
__end_of_lcd8_cmd         text17       0F00
__end_of_lcd8_dispString  text18       0FD3
__end_of_lcd8_init        text16       06F6
__end_of_lcd8_setCursor   text15       0800
__end_of_lcd8_write       text19       0EDF
__end_of_main             maintext     033B
__end_of_mpu6050_init     text11       05C3
__end_of_oscInit          text10       0638
__end_of_setup            text9        0F26
__end_of_sprintf          text4        0496
__end_of_tmr1_Init        text3        0E8A
__end_of_tmr1_Interrupt   text2        0EC2
__end_of_tmr1_Prescaler   text1        1000
__initialization          cinit        000F
__pbssBANK0               bssBANK0     0057
__pcstackBANK0            cstackBANK0  0020
__pcstackCOMMON           cstackCOMMON 0070
__pdataCOMMON             dataCOMMON   007B
__pidataCOMMON            idataCOMMON  0003
__pintentry               intentry     0004
__pmaintext               maintext     0022
__pstrings                strings      0800
__ptext1                  text1        0FD3
__ptext10                 text10       05C3
__ptext11                 text11       052F
__ptext12                 text12       0EA2
__ptext13                 text13       0EDF
__ptext14                 text14       0EAB
__ptext15                 text15       07E4
__ptext16                 text16       06A0
__ptext17                 text17       0EEF
__ptext18                 text18       0FA7
__ptext19                 text19       0ECF
__ptext2                  text2        0EB6
__ptext20                 text20       0F26
__ptext21                 text21       0776
__ptext22                 text22       0638
__ptext23                 text23       07AE
__ptext24                 text24       0EC2
__ptext25                 text25       0496
__ptext26                 text26       0E99
__ptext27                 text27       0F3C
__ptext28                 text28       0F5D
__ptext29                 text29       0E8A
__ptext3                  text3        0E84
__ptext4                  text4        033B
__ptext5                  text5        0F00
__ptext6                  text6        0F82
__ptext7                  text7        073A
__ptext8                  text8        06F6
__ptext9                  text9        0F12
__size_of___lldiv         (abs)        0000
__size_of___lwdiv         (abs)        0000
__size_of___lwmod         (abs)        0000
__size_of___wmul          (abs)        0000
__size_of_adcFoscSel      (abs)        0000
__size_of_adcInterrupt    (abs)        0000
__size_of_adcSetup        (abs)        0000
__size_of_analogInSel     (abs)        0000
__size_of_delay_1ms       (abs)        0000
__size_of_i2c_addr_start  (abs)        0000
__size_of_i2c_masterRead  (abs)        0000
__size_of_i2c_masterStop  (abs)        0000
__size_of_i2c_masterWait  (abs)        0000
__size_of_i2c_masterWrite (abs)        0000
__size_of_i2c_master_init (abs)        0000
__size_of_isdigit         (abs)        0000
__size_of_isr             (abs)        0000
__size_of_lcd8_cmd        (abs)        0000
__size_of_lcd8_dispString (abs)        0000
__size_of_lcd8_init       (abs)        0000
__size_of_lcd8_setCursor  (abs)        0000
__size_of_lcd8_write      (abs)        0000
__size_of_main            (abs)        0000
__size_of_mpu6050_init    (abs)        0000
__size_of_oscInit         (abs)        0000
__size_of_setup           (abs)        0000
__size_of_sprintf         (abs)        0000
__size_of_tmr1_Init       (abs)        0000
__size_of_tmr1_Interrupt  (abs)        0000
__size_of_tmr1_Prescaler  (abs)        0000
__stringbase              strings      080F
__stringtab               strings      0800
_adcFoscSel               text28       0F5D
_adcInterrupt             text27       0F3C
_adcSetup                 text26       0E99
_analogInSel              text25       0496
_controlador              bssBANK0     006B
_delay_1ms                text20       0F26
_distancia                bssBANK0     0069
_dpowers                  strings      0810
_fuerza                   bssBANK0     006D
_i2c_addr_start           text13       0EDF
_i2c_masterRead           text23       07AE
_i2c_masterStop           text12       0EA2
_i2c_masterWait           text24       0EC2
_i2c_masterWrite          text14       0EAB
_i2c_master_init          text21       0776
_isdigit                  text5        0F00
_isdigit$1178             cstackCOMMON 0072
_isr                      text29       0E8A
_lcd8_cmd                 text17       0EEF
_lcd8_dispString          text18       0FA7
_lcd8_init                text16       06A0
_lcd8_setCursor           text15       07E4
_lcd8_write               text19       0ECF
_luz                      bssBANK0     006C
_main                     maintext     0022
_mpu6050_init             text11       052F
_oscInit                  text10       05C3
_setup                    text9        0F12
_sprintf                  text4        033B
_tmr1_Init                text3        0E84
_tmr1_Interrupt           text2        0EB6
_tmr1_Prescaler           text1        0FD3
adcFoscSel@fosc           cstackCOMMON 0074
adcInterrupt@en           cstackCOMMON 0074
analogInSel@analogIn      cstackCOMMON 0074
btemp                     (abs)        007E
clear_ram0                clrtext      0E91
delay_1ms@i               cstackCOMMON 0072
end_of_initialization     cinit        001E
i2c_addr_start@addr       cstackCOMMON 0073
i2c_masterRead@a          cstackCOMMON 0072
i2c_masterRead@temp       cstackCOMMON 0076
i2c_masterWrite@data      cstackCOMMON 0072
i2c_master_init@c         cstackBANK0  0025
interrupt_function        intentry     0004
intlevel0                 functab      0000
intlevel1                 functab      0000
intlevel2                 functab      0000
intlevel3                 functab      0000
intlevel4                 functab      0000
intlevel5                 functab      0000
isdigit@c                 cstackCOMMON 0073
lcd8_cmd@cmd              cstackCOMMON 0074
lcd8_dispString@value     cstackCOMMON 0076
lcd8_setCursor@columna    cstackCOMMON 0075
lcd8_setCursor@fila       cstackCOMMON 0076
lcd8_write@dat            cstackCOMMON 0074
main@A                    cstackBANK0  0041
main@Ayh                  cstackBANK0  0055
main@D                    cstackBANK0  004B
main@F                    cstackBANK0  0050
main@G                    cstackBANK0  0037
main@Gxh                  cstackBANK0  0056
oscInit@freq              cstackCOMMON 0074
reset_vec                 reset_vec    0000
saved_w                   (abs)        007E
sprintf@ap                cstackBANK0  002C
sprintf@c                 cstackBANK0  0033
sprintf@f                 cstackBANK0  0025
sprintf@flag              cstackBANK0  002B
sprintf@prec              cstackBANK0  002F
sprintf@sp                cstackBANK0  0032
sprintf@val               cstackBANK0  002D
sprintf@width             cstackBANK0  0030
start                     init         000C
start_initialization      cinit        000F
tmr1_Interrupt@tmr1_Int   cstackCOMMON 0072
tmr1_Prescaler@prescaler  cstackCOMMON 0074
wtemp0                    (abs)        007E


FUNCTION INFORMATION:

 *************** function _main *****************
 Defined at:
		line 57 in file "master.c"
 Parameters:    Size  Location     Type
		None
 Auto vars:     Size  Location     Type
  A              10   33[BANK0 ] unsigned char [10]
  G              10   23[BANK0 ] unsigned char [10]
  F               5   48[BANK0 ] unsigned char [5]
  D               5   43[BANK0 ] unsigned char [5]
  Gxh             1   54[BANK0 ] unsigned char 
  Ayh             1   53[BANK0 ] unsigned char 
 Return value:  Size  Location     Type
                  1    wreg      void 
 Registers used:
		wreg, fsr0l, fsr0h, status,2, status,0, btemp+1, pclath, cstack
 Tracked objects:
		On entry : 
		On exit  : 
		Unchanged: 
 Data sizes:     COMMON   BANK0   BANK1   BANK3   BANK2
      Params:         0       0       0       0       0
      Locals:         0      32       0       0       0
      Temps:          0       3       0       0       0
      Totals:         0      35       0       0       0
Total ram usage:       35 bytes
 Hardware stack levels required when called:    5
 This function calls:
		___lwdiv
		_adcFoscSel
		_adcInterrupt
		_adcSetup
		_analogInSel
		_delay_1ms
		_i2c_addr_start
		_i2c_masterRead
		_i2c_masterStop
		_i2c_masterWrite
		_i2c_master_init
		_lcd8_dispString
		_lcd8_init
		_lcd8_setCursor
		_mpu6050_init
		_oscInit
		_setup
		_sprintf
		_tmr1_Init
		_tmr1_Interrupt
		_tmr1_Prescaler
 This function is called by:
		Startup code after reset
 This function uses a non-reentrant model


 *************** function _tmr1_Prescaler *****************
 Defined at:
		line 22 in file "TMR1.c"
 Parameters:    Size  Location     Type
  prescaler       1    wreg     unsigned char 
 Auto vars:     Size  Location     Type
  prescaler       1    4[COMMON] unsigned char 
 Return value:  Size  Location     Type
                  1    wreg      void 
 Registers used:
		wreg, fsr0l, fsr0h, status,2, status,0
 Tracked objects:
		On entry : 
		On exit  : 
		Unchanged: 
 Data sizes:     COMMON   BANK0   BANK1   BANK3   BANK2
      Params:         0       0       0       0       0
      Locals:         1       0       0       0       0
      Temps:          2       0       0       0       0
      Totals:         3       0       0       0       0
Total ram usage:        3 bytes
 Hardware stack levels used:    1
 Hardware stack levels required when called:    1
 This function calls:
		Nothing
 This function is called by:
		_main
 This function uses a non-reentrant model


 *************** function _tmr1_Interrupt *****************
 Defined at:
		line 43 in file "TMR1.c"
 Parameters:    Size  Location     Type
  tmr1_Int        1    wreg     unsigned char 
 Auto vars:     Size  Location     Type
  tmr1_Int        1    2[COMMON] unsigned char 
 Return value:  Size  Location     Type
                  1    wreg      void 
 Registers used:
		wreg, status,0
 Tracked objects:
		On entry : 
		On exit  : 
		Unchanged: 
 Data sizes:     COMMON   BANK0   BANK1   BANK3   BANK2
      Params:         0       0       0       0       0
      Locals:         1       0       0       0       0
      Temps:          0       0       0       0       0
      Totals:         1       0       0       0       0
Total ram usage:        1 bytes
 Hardware stack levels used:    1
 Hardware stack levels required when called:    1
 This function calls:
		Nothing
 This function is called by:
		_main
 This function uses a non-reentrant model


 *************** function _tmr1_Init *****************
 Defined at:
		line 16 in file "TMR1.c"
 Parameters:    Size  Location     Type
		None
 Auto vars:     Size  Location     Type
		None
 Return value:  Size  Location     Type
                  1    wreg      void 
 Registers used:
		None
 Tracked objects:
		On entry : 
		On exit  : 
		Unchanged: 
 Data sizes:     COMMON   BANK0   BANK1   BANK3   BANK2
      Params:         0       0       0       0       0
      Locals:         0       0       0       0       0
      Temps:          0       0       0       0       0
      Totals:         0       0       0       0       0
Total ram usage:        0 bytes
 Hardware stack levels used:    1
 Hardware stack levels required when called:    1
 This function calls:
		Nothing
 This function is called by:
		_main
 This function uses a non-reentrant model


 *************** function _sprintf *****************
 Defined at:
		line 505 in file "C:\Program Files (x86)\Microchip\xc8\v2.10\pic\sources\c90\common\doprnt.c"
 Parameters:    Size  Location     Type
  sp              1    wreg     PTR unsigned char 
		 -> main@A(10), main@G(10), main@F(5), main@D(5), 
  f               1    5[BANK0 ] PTR const unsigned char 
		 -> STR_8(4), STR_6(4), STR_4(4), STR_1(4), 
 Auto vars:     Size  Location     Type
  sp              1   18[BANK0 ] PTR unsigned char 
		 -> main@A(10), main@G(10), main@F(5), main@D(5), 
  tmpval          4    0        struct .
  width           2   16[BANK0 ] int 
  val             2   13[BANK0 ] unsigned int 
  cp              2    0        PTR const unsigned char 
  len             2    0        unsigned int 
  c               1   19[BANK0 ] unsigned char 
  prec            1   15[BANK0 ] char 
  ap              1   12[BANK0 ] PTR void [1]
		 -> ?_sprintf(2), 
  flag            1   11[BANK0 ] unsigned char 
 Return value:  Size  Location     Type
                  2    5[BANK0 ] int 
 Registers used:
		wreg, fsr0l, fsr0h, status,2, status,0, btemp+1, pclath, cstack
 Tracked objects:
		On entry : 
		On exit  : 
		Unchanged: 
 Data sizes:     COMMON   BANK0   BANK1   BANK3   BANK2
      Params:         0       3       0       0       0
      Locals:         0       9       0       0       0
      Temps:          0       3       0       0       0
      Totals:         0      15       0       0       0
Total ram usage:       15 bytes
 Hardware stack levels used:    1
 Hardware stack levels required when called:    2
 This function calls:
		___lwdiv
		___lwmod
		___wmul
		_isdigit
 This function is called by:
		_main
 This function uses a non-reentrant model


 *************** function _isdigit *****************
 Defined at:
		line 8 in file "C:\Program Files (x86)\Microchip\xc8\v2.10\pic\sources\c90\common\isdigit.c"
 Parameters:    Size  Location     Type
  c               1    wreg     unsigned char 
 Auto vars:     Size  Location     Type
  c               1    3[COMMON] unsigned char 
 Return value:  Size  Location     Type
		None               void
 Registers used:
		wreg, status,2, status,0
 Tracked objects:
		On entry : 
		On exit  : 
		Unchanged: 
 Data sizes:     COMMON   BANK0   BANK1   BANK3   BANK2
      Params:         0       0       0       0       0
      Locals:         2       0       0       0       0
      Temps:          0       0       0       0       0
      Totals:         2       0       0       0       0
Total ram usage:        2 bytes
 Hardware stack levels used:    1
 Hardware stack levels required when called:    1
 This function calls:
		Nothing
 This function is called by:
		_sprintf
 This function uses a non-reentrant model


 *************** function ___wmul *****************
 Defined at:
		line 15 in file "C:\Program Files (x86)\Microchip\xc8\v2.10\pic\sources\c90\common\Umul16.c"
 Parameters:    Size  Location     Type
  multiplier      2    2[COMMON] unsigned int 
  multiplicand    2    4[COMMON] unsigned int 
 Auto vars:     Size  Location     Type
  product         2    6[COMMON] unsigned int 
 Return value:  Size  Location     Type
                  2    2[COMMON] unsigned int 
 Registers used:
		wreg, status,2, status,0
 Tracked objects:
		On entry : 
		On exit  : 
		Unchanged: 
 Data sizes:     COMMON   BANK0   BANK1   BANK3   BANK2
      Params:         4       0       0       0       0
      Locals:         2       0       0       0       0
      Temps:          0       0       0       0       0
      Totals:         6       0       0       0       0
Total ram usage:        6 bytes
 Hardware stack levels used:    1
 Hardware stack levels required when called:    1
 This function calls:
		Nothing
 This function is called by:
		_sprintf
 This function uses a non-reentrant model


 *************** function ___lwmod *****************
 Defined at:
		line 5 in file "C:\Program Files (x86)\Microchip\xc8\v2.10\pic\sources\c90\common\lwmod.c"
 Parameters:    Size  Location     Type
  divisor         2    0[BANK0 ] unsigned int 
  dividend        2    2[BANK0 ] unsigned int 
 Auto vars:     Size  Location     Type
  counter         1    4[BANK0 ] unsigned char 
 Return value:  Size  Location     Type
                  2    0[BANK0 ] unsigned int 
 Registers used:
		wreg, status,2, status,0
 Tracked objects:
		On entry : 
		On exit  : 
		Unchanged: 
 Data sizes:     COMMON   BANK0   BANK1   BANK3   BANK2
      Params:         0       4       0       0       0
      Locals:         0       1       0       0       0
      Temps:          1       0       0       0       0
      Totals:         1       5       0       0       0
Total ram usage:        6 bytes
 Hardware stack levels used:    1
 Hardware stack levels required when called:    1
 This function calls:
		Nothing
 This function is called by:
		_sprintf
 This function uses a non-reentrant model


 *************** function ___lwdiv *****************
 Defined at:
		line 5 in file "C:\Program Files (x86)\Microchip\xc8\v2.10\pic\sources\c90\common\lwdiv.c"
 Parameters:    Size  Location     Type
  divisor         2    2[COMMON] unsigned int 
  dividend        2    4[COMMON] unsigned int 
 Auto vars:     Size  Location     Type
  quotient        2    7[COMMON] unsigned int 
  counter         1    9[COMMON] unsigned char 
 Return value:  Size  Location     Type
                  2    2[COMMON] unsigned int 
 Registers used:
		wreg, status,2, status,0
 Tracked objects:
		On entry : 
		On exit  : 
		Unchanged: 
 Data sizes:     COMMON   BANK0   BANK1   BANK3   BANK2
      Params:         4       0       0       0       0
      Locals:         3       0       0       0       0
      Temps:          1       0       0       0       0
      Totals:         8       0       0       0       0
Total ram usage:        8 bytes
 Hardware stack levels used:    1
 Hardware stack levels required when called:    1
 This function calls:
		Nothing
 This function is called by:
		_main
		_sprintf
 This function uses a non-reentrant model


 *************** function _setup *****************
 Defined at:
		line 190 in file "master.c"
 Parameters:    Size  Location     Type
		None
 Auto vars:     Size  Location     Type
		None
 Return value:  Size  Location     Type
                  1    wreg      void 
 Registers used:
		status,2
 Tracked objects:
		On entry : 
		On exit  : 
		Unchanged: 
 Data sizes:     COMMON   BANK0   BANK1   BANK3   BANK2
      Params:         0       0       0       0       0
      Locals:         0       0       0       0       0
      Temps:          0       0       0       0       0
      Totals:         0       0       0       0       0
Total ram usage:        0 bytes
 Hardware stack levels used:    1
 Hardware stack levels required when called:    1
 This function calls:
		Nothing
 This function is called by:
		_main
 This function uses a non-reentrant model


 *************** function _oscInit *****************
 Defined at:
		line 11 in file "OSCCON.c"
 Parameters:    Size  Location     Type
  freq            1    wreg     unsigned char 
 Auto vars:     Size  Location     Type
  freq            1    4[COMMON] unsigned char 
 Return value:  Size  Location     Type
                  1    wreg      unsigned char 
 Registers used:
		wreg, fsr0l, fsr0h, status,2, status,0
 Tracked objects:
		On entry : 
		On exit  : 
		Unchanged: 
 Data sizes:     COMMON   BANK0   BANK1   BANK3   BANK2
      Params:         0       0       0       0       0
      Locals:         1       0       0       0       0
      Temps:          2       0       0       0       0
      Totals:         3       0       0       0       0
Total ram usage:        3 bytes
 Hardware stack levels used:    1
 Hardware stack levels required when called:    1
 This function calls:
		Nothing
 This function is called by:
		_main
 This function uses a non-reentrant model


 *************** function _mpu6050_init *****************
 Defined at:
		line 20 in file "MPU6050.c"
 Parameters:    Size  Location     Type
		None
 Auto vars:     Size  Location     Type
		None
 Return value:  Size  Location     Type
                  1    wreg      void 
 Registers used:
		wreg, status,2, status,0, pclath, cstack
 Tracked objects:
		On entry : 
		On exit  : 
		Unchanged: 
 Data sizes:     COMMON   BANK0   BANK1   BANK3   BANK2
      Params:         0       0       0       0       0
      Locals:         0       0       0       0       0
      Temps:          2       0       0       0       0
      Totals:         2       0       0       0       0
Total ram usage:        2 bytes
 Hardware stack levels used:    1
 Hardware stack levels required when called:    4
 This function calls:
		_i2c_addr_start
		_i2c_masterStop
		_i2c_masterWrite
 This function is called by:
		_main
 This function uses a non-reentrant model


 *************** function _i2c_masterStop *****************
 Defined at:
		line 41 in file "I2C.c"
 Parameters:    Size  Location     Type
		None
 Auto vars:     Size  Location     Type
		None
 Return value:  Size  Location     Type
                  1    wreg      void 
 Registers used:
		wreg, status,2, status,0, pclath, cstack
 Tracked objects:
		On entry : 
		On exit  : 
		Unchanged: 
 Data sizes:     COMMON   BANK0   BANK1   BANK3   BANK2
      Params:         0       0       0       0       0
      Locals:         0       0       0       0       0
      Temps:          0       0       0       0       0
      Totals:         0       0       0       0       0
Total ram usage:        0 bytes
 Hardware stack levels used:    1
 Hardware stack levels required when called:    2
 This function calls:
		_i2c_masterWait
 This function is called by:
		_main
		_mpu6050_init
 This function uses a non-reentrant model


 *************** function _i2c_addr_start *****************
 Defined at:
		line 30 in file "I2C.c"
 Parameters:    Size  Location     Type
  addr            1    wreg     unsigned char 
 Auto vars:     Size  Location     Type
  addr            1    3[COMMON] unsigned char 
 Return value:  Size  Location     Type
                  1    wreg      void 
 Registers used:
		wreg, status,2, status,0, pclath, cstack
 Tracked objects:
		On entry : 
		On exit  : 
		Unchanged: 
 Data sizes:     COMMON   BANK0   BANK1   BANK3   BANK2
      Params:         0       0       0       0       0
      Locals:         1       0       0       0       0
      Temps:          0       0       0       0       0
      Totals:         1       0       0       0       0
Total ram usage:        1 bytes
 Hardware stack levels used:    1
 Hardware stack levels required when called:    3
 This function calls:
		_i2c_masterWait
		_i2c_masterWrite
 This function is called by:
		_main
		_mpu6050_init
 This function uses a non-reentrant model


 *************** function _i2c_masterWrite *****************
 Defined at:
		line 54 in file "I2C.c"
 Parameters:    Size  Location     Type
  data            1    wreg     unsigned char 
 Auto vars:     Size  Location     Type
  data            1    2[COMMON] unsigned char 
 Return value:  Size  Location     Type
                  1    wreg      void 
 Registers used:
		wreg, status,2, status,0, pclath, cstack
 Tracked objects:
		On entry : 
		On exit  : 
		Unchanged: 
 Data sizes:     COMMON   BANK0   BANK1   BANK3   BANK2
      Params:         0       0       0       0       0
      Locals:         1       0       0       0       0
      Temps:          0       0       0       0       0
      Totals:         1       0       0       0       0
Total ram usage:        1 bytes
 Hardware stack levels used:    1
 Hardware stack levels required when called:    2
 This function calls:
		_i2c_masterWait
 This function is called by:
		_main
		_i2c_addr_start
		_mpu6050_init
 This function uses a non-reentrant model


 *************** function _lcd8_setCursor *****************
 Defined at:
		line 62 in file "LCD.c"
 Parameters:    Size  Location     Type
  fila            1    wreg     unsigned char 
  columna         1    5[COMMON] unsigned char 
 Auto vars:     Size  Location     Type
  fila            1    6[COMMON] unsigned char 
 Return value:  Size  Location     Type
                  1    wreg      void 
 Registers used:
		wreg, status,2, status,0, btemp+1, pclath, cstack
 Tracked objects:
		On entry : 
		On exit  : 
		Unchanged: 
 Data sizes:     COMMON   BANK0   BANK1   BANK3   BANK2
      Params:         1       0       0       0       0
      Locals:         1       0       0       0       0
      Temps:          0       0       0       0       0
      Totals:         2       0       0       0       0
Total ram usage:        2 bytes
 Hardware stack levels used:    1
 Hardware stack levels required when called:    3
 This function calls:
		_lcd8_cmd
 This function is called by:
		_main
 This function uses a non-reentrant model


 *************** function _lcd8_init *****************
 Defined at:
		line 18 in file "LCD.c"
 Parameters:    Size  Location     Type
		None
 Auto vars:     Size  Location     Type
		None
 Return value:  Size  Location     Type
                  1    wreg      void 
 Registers used:
		wreg, status,2, status,0, btemp+1, pclath, cstack
 Tracked objects:
		On entry : 
		On exit  : 
		Unchanged: 
 Data sizes:     COMMON   BANK0   BANK1   BANK3   BANK2
      Params:         0       0       0       0       0
      Locals:         0       0       0       0       0
      Temps:          2       0       0       0       0
      Totals:         2       0       0       0       0
Total ram usage:        2 bytes
 Hardware stack levels used:    1
 Hardware stack levels required when called:    3
 This function calls:
		_lcd8_cmd
 This function is called by:
		_main
 This function uses a non-reentrant model


 *************** function _lcd8_cmd *****************
 Defined at:
		line 34 in file "LCD.c"
 Parameters:    Size  Location     Type
  cmd             1    wreg     unsigned char 
 Auto vars:     Size  Location     Type
  cmd             1    4[COMMON] unsigned char 
 Return value:  Size  Location     Type
                  1    wreg      void 
 Registers used:
		wreg, status,2, status,0, btemp+1, pclath, cstack
 Tracked objects:
		On entry : 
		On exit  : 
		Unchanged: 
 Data sizes:     COMMON   BANK0   BANK1   BANK3   BANK2
      Params:         0       0       0       0       0
      Locals:         1       0       0       0       0
      Temps:          0       0       0       0       0
      Totals:         1       0       0       0       0
Total ram usage:        1 bytes
 Hardware stack levels used:    1
 Hardware stack levels required when called:    2
 This function calls:
		_delay_1ms
 This function is called by:
		_lcd8_init
		_lcd8_setCursor
		_lcd8_clearDisplay
 This function uses a non-reentrant model


 *************** function _lcd8_dispString *****************
 Defined at:
		line 52 in file "LCD.c"
 Parameters:    Size  Location     Type
  value           2    6[COMMON] PTR unsigned char 
		 -> STR_9(4), main@A(10), STR_7(4), main@G(10), 
		 -> STR_5(3), main@F(5), STR_3(3), STR_2(3), 
		 -> main@D(5), 
 Auto vars:     Size  Location     Type
		None
 Return value:  Size  Location     Type
                  1    wreg      void 
 Registers used:
		wreg, fsr0l, fsr0h, status,2, status,0, btemp+1, pclath, cstack
 Tracked objects:
		On entry : 
		On exit  : 
		Unchanged: 
 Data sizes:     COMMON   BANK0   BANK1   BANK3   BANK2
      Params:         2       0       0       0       0
      Locals:         0       0       0       0       0
      Temps:          2       0       0       0       0
      Totals:         4       0       0       0       0
Total ram usage:        4 bytes
 Hardware stack levels used:    1
 Hardware stack levels required when called:    3
 This function calls:
		_lcd8_write
 This function is called by:
		_main
 This function uses a non-reentrant model


 *************** function _lcd8_write *****************
 Defined at:
		line 43 in file "LCD.c"
 Parameters:    Size  Location     Type
  dat             2    4[COMMON] unsigned int 
 Auto vars:     Size  Location     Type
		None
 Return value:  Size  Location     Type
                  1    wreg      void 
 Registers used:
		wreg, status,2, status,0, btemp+1, pclath, cstack
 Tracked objects:
		On entry : 
		On exit  : 
		Unchanged: 
 Data sizes:     COMMON   BANK0   BANK1   BANK3   BANK2
      Params:         2       0       0       0       0
      Locals:         0       0       0       0       0
      Temps:          0       0       0       0       0
      Totals:         2       0       0       0       0
Total ram usage:        2 bytes
 Hardware stack levels used:    1
 Hardware stack levels required when called:    2
 This function calls:
		_delay_1ms
 This function is called by:
		_lcd8_dispString
		_lcd8_dispChar
 This function uses a non-reentrant model


 *************** function _delay_1ms *****************
 Defined at:
		line 75 in file "LCD.c"
 Parameters:    Size  Location     Type
		None
 Auto vars:     Size  Location     Type
  i               2    2[COMMON] int 
 Return value:  Size  Location     Type
                  1    wreg      void 
 Registers used:
		wreg, status,2, btemp+1
 Tracked objects:
		On entry : 
		On exit  : 
		Unchanged: 
 Data sizes:     COMMON   BANK0   BANK1   BANK3   BANK2
      Params:         0       0       0       0       0
      Locals:         2       0       0       0       0
      Temps:          0       0       0       0       0
      Totals:         2       0       0       0       0
Total ram usage:        2 bytes
 Hardware stack levels used:    1
 Hardware stack levels required when called:    1
 This function calls:
		Nothing
 This function is called by:
		_main
		_lcd8_cmd
		_lcd8_write
 This function uses a non-reentrant model


 *************** function _i2c_master_init *****************
 Defined at:
		line 12 in file "I2C.c"
 Parameters:    Size  Location     Type
  c               4    5[BANK0 ] unsigned long 
 Auto vars:     Size  Location     Type
		None
 Return value:  Size  Location     Type
                  1    wreg      void 
 Registers used:
		wreg, status,2, status,0, pclath, cstack
 Tracked objects:
		On entry : 
		On exit  : 
		Unchanged: 
 Data sizes:     COMMON   BANK0   BANK1   BANK3   BANK2
      Params:         0       4       0       0       0
      Locals:         0       0       0       0       0
      Temps:          0       4       0       0       0
      Totals:         0       8       0       0       0
Total ram usage:        8 bytes
 Hardware stack levels used:    1
 Hardware stack levels required when called:    2
 This function calls:
		___lldiv
 This function is called by:
		_main
 This function uses a non-reentrant model


 *************** function ___lldiv *****************
 Defined at:
		line 5 in file "C:\Program Files (x86)\Microchip\xc8\v2.10\pic\sources\c90\common\__lldiv.c"
 Parameters:    Size  Location     Type
  divisor         4    2[COMMON] unsigned long 
  dividend        4    6[COMMON] unsigned long 
 Auto vars:     Size  Location     Type
  quotient        4    0[BANK0 ] unsigned long 
  counter         1    4[BANK0 ] unsigned char 
 Return value:  Size  Location     Type
                  4    2[COMMON] unsigned long 
 Registers used:
		wreg, status,2, status,0
 Tracked objects:
		On entry : 
		On exit  : 
		Unchanged: 
 Data sizes:     COMMON   BANK0   BANK1   BANK3   BANK2
      Params:         8       0       0       0       0
      Locals:         0       5       0       0       0
      Temps:          1       0       0       0       0
      Totals:         9       5       0       0       0
Total ram usage:       14 bytes
 Hardware stack levels used:    1
 Hardware stack levels required when called:    1
 This function calls:
		Nothing
 This function is called by:
		_i2c_master_init
 This function uses a non-reentrant model


 *************** function _i2c_masterRead *****************
 Defined at:
		line 82 in file "I2C.c"
 Parameters:    Size  Location     Type
  a               2    2[COMMON] unsigned short 
 Auto vars:     Size  Location     Type
  temp            2    6[COMMON] unsigned short 
 Return value:  Size  Location     Type
                  2    2[COMMON] unsigned short 
 Registers used:
		wreg, status,2, status,0, pclath, cstack
 Tracked objects:
		On entry : 
		On exit  : 
		Unchanged: 
 Data sizes:     COMMON   BANK0   BANK1   BANK3   BANK2
      Params:         2       0       0       0       0
      Locals:         2       0       0       0       0
      Temps:          2       0       0       0       0
      Totals:         6       0       0       0       0
Total ram usage:        6 bytes
 Hardware stack levels used:    1
 Hardware stack levels required when called:    2
 This function calls:
		_i2c_masterWait
 This function is called by:
		_main
 This function uses a non-reentrant model


 *************** function _i2c_masterWait *****************
 Defined at:
		line 21 in file "I2C.c"
 Parameters:    Size  Location     Type
		None
 Auto vars:     Size  Location     Type
		None
 Return value:  Size  Location     Type
                  1    wreg      void 
 Registers used:
		wreg, status,2
 Tracked objects:
		On entry : 
		On exit  : 
		Unchanged: 
 Data sizes:     COMMON   BANK0   BANK1   BANK3   BANK2
      Params:         0       0       0       0       0
      Locals:         0       0       0       0       0
      Temps:          0       0       0       0       0
      Totals:         0       0       0       0       0
Total ram usage:        0 bytes
 Hardware stack levels used:    1
 Hardware stack levels required when called:    1
 This function calls:
		Nothing
 This function is called by:
		_i2c_addr_start
		_i2c_masterStop
		_i2c_masterWrite
		_i2c_masterRead
		_i2c_masterStart
		_i2c_master_RStart
 This function uses a non-reentrant model


 *************** function _analogInSel *****************
 Defined at:
		line 32 in file "ADC.c"
 Parameters:    Size  Location     Type
  analogIn        1    wreg     unsigned char 
 Auto vars:     Size  Location     Type
  analogIn        1    4[COMMON] unsigned char 
 Return value:  Size  Location     Type
                  1    wreg      unsigned char 
 Registers used:
		wreg, fsr0l, fsr0h, status,2, status,0
 Tracked objects:
		On entry : 
		On exit  : 
		Unchanged: 
 Data sizes:     COMMON   BANK0   BANK1   BANK3   BANK2
      Params:         0       0       0       0       0
      Locals:         1       0       0       0       0
      Temps:          2       0       0       0       0
      Totals:         3       0       0       0       0
Total ram usage:        3 bytes
 Hardware stack levels used:    1
 Hardware stack levels required when called:    1
 This function calls:
		Nothing
 This function is called by:
		_main
 This function uses a non-reentrant model


 *************** function _adcSetup *****************
 Defined at:
		line 12 in file "ADC.c"
 Parameters:    Size  Location     Type
		None
 Auto vars:     Size  Location     Type
		None
 Return value:  Size  Location     Type
                  1    wreg      void 
 Registers used:
		None
 Tracked objects:
		On entry : 
		On exit  : 
		Unchanged: 
 Data sizes:     COMMON   BANK0   BANK1   BANK3   BANK2
      Params:         0       0       0       0       0
      Locals:         0       0       0       0       0
      Temps:          0       0       0       0       0
      Totals:         0       0       0       0       0
Total ram usage:        0 bytes
 Hardware stack levels used:    1
 Hardware stack levels required when called:    1
 This function calls:
		Nothing
 This function is called by:
		_main
 This function uses a non-reentrant model


 *************** function _adcInterrupt *****************
 Defined at:
		line 19 in file "ADC.c"
 Parameters:    Size  Location     Type
  en              1    wreg     unsigned char 
 Auto vars:     Size  Location     Type
  en              1    4[COMMON] unsigned char 
 Return value:  Size  Location     Type
                  1    wreg      void 
 Registers used:
		wreg, fsr0l, fsr0h, status,2, status,0
 Tracked objects:
		On entry : 
		On exit  : 
		Unchanged: 
 Data sizes:     COMMON   BANK0   BANK1   BANK3   BANK2
      Params:         0       0       0       0       0
      Locals:         1       0       0       0       0
      Temps:          2       0       0       0       0
      Totals:         3       0       0       0       0
Total ram usage:        3 bytes
 Hardware stack levels used:    1
 Hardware stack levels required when called:    1
 This function calls:
		Nothing
 This function is called by:
		_main
 This function uses a non-reentrant model


 *************** function _adcFoscSel *****************
 Defined at:
		line 122 in file "ADC.c"
 Parameters:    Size  Location     Type
  fosc            1    wreg     unsigned char 
 Auto vars:     Size  Location     Type
  fosc            1    4[COMMON] unsigned char 
 Return value:  Size  Location     Type
                  1    wreg      unsigned char 
 Registers used:
		wreg, fsr0l, fsr0h, status,2, status,0
 Tracked objects:
		On entry : 
		On exit  : 
		Unchanged: 
 Data sizes:     COMMON   BANK0   BANK1   BANK3   BANK2
      Params:         0       0       0       0       0
      Locals:         1       0       0       0       0
      Temps:          2       0       0       0       0
      Totals:         3       0       0       0       0
Total ram usage:        3 bytes
 Hardware stack levels used:    1
 Hardware stack levels required when called:    1
 This function calls:
		Nothing
 This function is called by:
		_main
 This function uses a non-reentrant model


 *************** function _isr *****************
 Defined at:
		line 53 in file "master.c"
 Parameters:    Size  Location     Type
		None
 Auto vars:     Size  Location     Type
		None
 Return value:  Size  Location     Type
                  1    wreg      void 
 Registers used:
		None
 Tracked objects:
		On entry : 
		On exit  : 
		Unchanged: 
 Data sizes:     COMMON   BANK0   BANK1   BANK3   BANK2
      Params:         0       0       0       0       0
      Locals:         0       0       0       0       0
      Temps:          2       0       0       0       0
      Totals:         2       0       0       0       0
Total ram usage:        2 bytes
 Hardware stack levels used:    1
 This function calls:
		Nothing
 This function is called by:
		Interrupt level 1
 This function uses a non-reentrant model



MODULE INFORMATION

Module		Function		Class		Link	Load	Size
MPU6050.c
		_mpu6050_init  		CODE           	052F	0000	149

MPU6050.c estimated size: 149

TMR1.c
		_tmr1_Interrupt		CODE           	0EB6	0000	13
		_tmr1_Prescaler		CODE           	0FD3	0000	46
		_tmr1_Init     		CODE           	0E84	0000	7

TMR1.c estimated size: 66

C:\Program Files (x86)\Microchip\xc8\v2.10\pic\sources\c90\common\lwdiv.c
		___lwdiv       		CODE           	06F6	0000	69

C:\Program Files (x86)\Microchip\xc8\v2.10\pic\sources\c90\common\lwdiv.c estimated size: 69

OSCCON.c
		_oscInit       		CODE           	05C3	0000	118

OSCCON.c estimated size: 118

C:\Program Files (x86)\Microchip\xc8\v2.10\pic\sources\c90\common\Umul16.c
		___wmul        		CODE           	0F82	0000	38

C:\Program Files (x86)\Microchip\xc8\v2.10\pic\sources\c90\common\Umul16.c estimated size: 38

I2C.c
		_i2c_masterRead		CODE           	07AE	0000	55
		_i2c_masterWait		CODE           	0EC2	0000	14
		_i2c_masterStop		CODE           	0EA2	0000	10
		_i2c_masterWrite		CODE           	0EAB	0000	12
		_i2c_master_init		CODE           	0776	0000	57
		_i2c_addr_start		CODE           	0EDF	0000	17

I2C.c estimated size: 165

C:\Program Files (x86)\Microchip\xc8\v2.10\pic\sources\c90\common\__lldiv.c
		___lldiv       		CODE           	0638	0000	105

C:\Program Files (x86)\Microchip\xc8\v2.10\pic\sources\c90\common\__lldiv.c estimated size: 105

shared
		__stringtab    		STRING         	0800	0000	17
		_dpowers       		STRING         	0810	0000	11
		__initialization		CODE           	000F	0000	16

shared estimated size: 44

master.c
		_main          		CODE           	0022	0000	794
		_isr           		CODE           	0E8A	0000	8
		_setup         		CODE           	0F12	0000	21

master.c estimated size: 823

ADC.c
		_adcInterrupt  		CODE           	0F3C	0000	34
		_adcFoscSel    		CODE           	0F5D	0000	38
		_adcSetup      		CODE           	0E99	0000	10
		_analogInSel   		CODE           	0496	0000	154

ADC.c estimated size: 236

C:\Program Files (x86)\Microchip\xc8\v2.10\pic\sources\c90\common\lwmod.c
		___lwmod       		CODE           	073A	0000	61

C:\Program Files (x86)\Microchip\xc8\v2.10\pic\sources\c90\common\lwmod.c estimated size: 61

C:\Program Files (x86)\Microchip\xc8\v2.10\pic\sources\c90\common\isdigit.c
		_isdigit       		CODE           	0F00	0000	19

C:\Program Files (x86)\Microchip\xc8\v2.10\pic\sources\c90\common\isdigit.c estimated size: 19

C:\Program Files (x86)\Microchip\xc8\v2.10\pic\sources\c90\common\doprnt.c
		_sprintf       		CODE           	033B	0000	348

C:\Program Files (x86)\Microchip\xc8\v2.10\pic\sources\c90\common\doprnt.c estimated size: 348

LCD.c
		_lcd8_dispString		CODE           	0FA7	0000	45
		_lcd8_setCursor		CODE           	07E4	0000	29
		_lcd8_write    		CODE           	0ECF	0000	17
		_delay_1ms     		CODE           	0F26	0000	23
		_lcd8_init     		CODE           	06A0	0000	87
		_lcd8_cmd      		CODE           	0EEF	0000	18

LCD.c estimated size: 219

