Microchip MPLAB XC8 Compiler V2.10 ()

Linker command line:

-W-3 --edf=C:\Program Files (x86)\Microchip\xc8\v2.10\pic\dat\en_msgs.txt \
  -cs -h+dist/default/production\Control_master.X.production.sym \
  --cmf=dist/default/production\Control_master.X.production.cmf -z -Q16F887 \
  -oC:\Users\Peter\AppData\Local\Temp\sef8.2 --defsym=__MPLAB_BUILD=1 \
  -Mdist/default/production/Control_master.X.production.map -E1 -ver=XC8 \
  --acfsm=1493 -ASTACK=0110h-016Fh -pstack=STACK -ACODE=00h-07FFhx4 \
  -ASTRCODE=00h-01FFFh -ASTRING=00h-0FFhx32 -ACONST=00h-0FFhx32 \
  -AENTRY=00h-0FFhx32 -ACOMMON=070h-07Fh -ABANK0=020h-06Fh \
  -ABANK1=0A0h-0EFh -ABANK2=0110h-016Fh -ABANK3=0190h-01EFh \
  -ARAM=020h-06Fh,0A0h-0EFh,0110h-016Fh,0190h-01EFh \
  -AABS1=020h-07Fh,0A0h-0EFh,0110h-016Fh,0190h-01EFh -ASFR0=00h-01Fh \
  -ASFR1=080h-09Fh -ASFR2=0100h-010Fh -ASFR3=0180h-018Fh \
  -preset_vec=00h,intentry,init,end_init -ppowerup=CODE -pcinit=CODE \
  -pfunctab=ENTRY -ACONFIG=02007h-02008h -pconfig=CONFIG -DCONFIG=2 \
  -AIDLOC=02000h-02003h -pidloc=IDLOC -DIDLOC=2 -AEEDATA=00h-0FFh/02100h \
  -peeprom_data=EEDATA -DEEDATA=2 -DCODE=2 -DSTRCODE=2 -DSTRING=2 -DCONST=2 \
  -DENTRY=2 -k C:\Users\Peter\AppData\Local\Temp\sef8.o \
  dist/default/production\Control_master.X.production.o 

Object code version is 3.11

Machine type is 16F887



                Name                               Link     Load   Length Selector   Space Scale
C:\Users\Peter\AppData\Local\Temp\sef8.o
                end_init                              0        0        3        0       0
                config                             2007     2007        2     400E       0
dist/default/production\Control_master.X.production.o
                cinit                               7F3      7F3        D      FE6       0
                text22                               64       64       15       C8       0
                text21                              40E      40E      1DD      81C       0
                text20                              2D8      2D8       7C      5B0       0
                text19                              163      163       44      2C6       0
                text18                               AB       AB       25      156       0
                text17                              354      354       BA      6A8       0
                text16                               28       28        D       50       0
                text15                               F5       F5       36      1EA       0
                text14                              FF7      FF7        9     1FEE       0
                text13                                C        C        9       18       0
                text12                               1E       1E        A       3C       0
                text11                              1FD      1FD       66      3FA       0
                text10                              12B      12B       38      256       0
                text9                                79       79       16       F2       0
                text8                                43       43       10       86       0
                text7                                35       35        E       6A       0
                text6                                D0       D0       25      1A0       0
                text5                                53       53       11       A6       0
                text4                               1A7      1A7       56      34E       0
                text3                                8F       8F       1C      11E       0
                text2                               263      263       75      4C6       0
                text1                                15       15        9       2A       0
                maintext                            5EB      5EB      208      BD6       0
                cstackBANK0                          20       20       28       20       1
                cstackCOMMON                         70       70        E       70       1
                clrtext                             FEF      FEF        8     1FDE       0
                bssBANK0                             48       48       11       20       1
                strings                               3        3        9        6       0

TOTAL           Name                               Link     Load   Length     Space
        CLASS   STACK          

        CLASS   CODE           
                end_init                              0        0        3         0
                cinit                               7F3      7F3        D         0
                text22                               64       64       15         0
                text21                              40E      40E      1DD         0
                text20                              2D8      2D8       7C         0
                text19                              163      163       44         0
                text18                               AB       AB       25         0
                text17                              354      354       BA         0
                text16                               28       28        D         0
                text15                               F5       F5       36         0
                text14                              FF7      FF7        9         0
                text13                                C        C        9         0
                text12                               1E       1E        A         0
                text11                              1FD      1FD       66         0
                text10                              12B      12B       38         0
                text9                                79       79       16         0
                text8                                43       43       10         0
                text7                                35       35        E         0
                text6                                D0       D0       25         0
                text5                                53       53       11         0
                text4                               1A7      1A7       56         0
                text3                                8F       8F       1C         0
                text2                               263      263       75         0
                text1                                15       15        9         0
                maintext                            5EB      5EB      208         0
                clrtext                             FEF      FEF        8         0

        CLASS   STRCODE        

        CLASS   STRING         
                strings                               3        3        9         0

        CLASS   CONST          

        CLASS   ENTRY          

        CLASS   COMMON         
                cstackCOMMON                         70       70        E         1

        CLASS   BANK0          
                cstackBANK0                          20       20       28         1
                bssBANK0                             48       48       11         1

        CLASS   BANK1          

        CLASS   BANK2          

        CLASS   BANK3          

        CLASS   RAM            

        CLASS   ABS1           
                abs_s1                               7E       7E        2         1

        CLASS   SFR0           

        CLASS   SFR1           

        CLASS   SFR2           

        CLASS   SFR3           

        CLASS   CONFIG         
                config                             2007     2007        2         0

        CLASS   IDLOC          

        CLASS   EEDATA         



SEGMENTS        Name                           Load    Length   Top    Selector   Space  Class     Delta

                reset_vec                      000000  000003  000003         0       0  CODE        2
                strings                        000003  000009  00000C         6       0  STRING      2
                text13                         00000C  000009  000015        18       0  CODE        2
                cstackBANK0                    000020  000039  000059        20       1  BANK0       1
                text1                          000015  000009  00001E        2A       0  CODE        2
                text12                         00001E  00000A  000028        3C       0  CODE        2
                text16                         000028  00000D  000035        50       0  CODE        2
                text7                          000035  00000E  000043        6A       0  CODE        2
                cstackCOMMON                   000070  00000E  00007E        70       1  COMMON      1
                text8                          000043  000010  000053        86       0  CODE        2
                text5                          000053  000011  000064        A6       0  CODE        2
                text22                         000064  000015  000079        C8       0  CODE        2
                text9                          000079  000016  00008F        F2       0  CODE        2
                text3                          00008F  00001C  0000AB       11E       0  CODE        2
                text18                         0000AB  000025  0000D0       156       0  CODE        2
                text6                          0000D0  000025  0000F5       1A0       0  CODE        2
                text15                         0000F5  000036  00012B       1EA       0  CODE        2
                text10                         00012B  000038  000163       256       0  CODE        2
                text19                         000163  000044  0001A7       2C6       0  CODE        2
                text4                          0001A7  000056  0001FD       34E       0  CODE        2
                text11                         0001FD  000066  000263       3FA       0  CODE        2
                text2                          000263  000075  0002D8       4C6       0  CODE        2
                text20                         0002D8  00007C  000354       5B0       0  CODE        2
                text17                         000354  0000BA  00040E       6A8       0  CODE        2
                text21                         00040E  0001DD  0005EB       81C       0  CODE        2
                maintext                       0005EB  000208  0007F3       BD6       0  CODE        2
                cinit                          0007F3  00000D  000800       FE6       0  CODE        2
                clrtext                        000FEF  000008  000FF7      1FDE       0  CODE        2
                text14                         000FF7  000009  001000      1FEE       0  CODE        2
                config                         002007  000002  002009      400E       0  CONFIG      2


UNUSED ADDRESS RANGES

        Name                Unused          Largest block    Delta
        BANK0            0059-006F             17           1
        BANK1            00A0-00EF             50           1
        BANK2            0110-016F             60           1
        BANK3            0190-01EF             60           1
        CODE             0800-0FEE            7EF           2
                         1000-1FFF            800
        CONST            0800-0FEE            100           2
                         1000-1FFF            100
        EEDATA           2100-21FF            100           2
        ENTRY            0800-0FEE            100           2
                         1000-1FFF            100
        IDLOC            2000-2003              4           2
        RAM              0059-006F             17           1
                         00A0-00EF             50
                         0110-016F             60
                         0190-01EF             60
        SFR0             0000-001F             20           1
        SFR1             0080-009F             20           1
        SFR2             0100-010F             10           1
        SFR3             0180-018F             10           1
        STACK            0110-016F             60           1
        STRCODE          0800-0FEE            7EF           2
                         1000-1FFF           1000
        STRING           0800-0FEE            100           2
                         1000-1FFF            100

                                  Symbol Table

?___fldiv                 cstackBANK0  0020
?___fltol                 cstackBANK0  003A
?___lldiv                 cstackCOMMON 0070
?___lwdiv                 cstackCOMMON 0070
?___wmul                  cstackCOMMON 0070
?___xxtofl                cstackCOMMON 0070
?_i2c_masterRead          cstackCOMMON 0070
_ACKEN                    (abs)        048C
_ANSEL                    (abs)        0188
_ANSELH                   (abs)        0189
_INTCONbits               (abs)        000B
_OSCCONbits               (abs)        008F
_PIE1bits                 (abs)        008C
_PIR1bits                 (abs)        000C
_PORTA                    (abs)        0005
_PORTBbits                (abs)        0006
_PORTEbits                (abs)        0009
_SSPADD                   (abs)        0093
_SSPBUF                   (abs)        0013
_SSPCON                   (abs)        0014
_SSPCON2                  (abs)        0091
_SSPCON2bits              (abs)        0091
_SSPSTAT                  (abs)        0094
_T1CON                    (abs)        0010
_T1CONbits                (abs)        0010
_TMR1H                    (abs)        000F
_TMR1L                    (abs)        000E
_TRISA                    (abs)        0085
_TRISCbits                (abs)        0087
_TRISE                    (abs)        0089
__CFG_BOR4V$BOR40V        (abs)        0000
__CFG_BOREN$OFF           (abs)        0000
__CFG_CP$OFF              (abs)        0000
__CFG_CPD$OFF             (abs)        0000
__CFG_FCMEN$OFF           (abs)        0000
__CFG_FOSC$INTRC_NOCLKOUT (abs)        0000
__CFG_IESO$OFF            (abs)        0000
__CFG_LVP$OFF             (abs)        0000
__CFG_MCLRE$OFF           (abs)        0000
__CFG_PWRTE$OFF           (abs)        0000
__CFG_WDTE$OFF            (abs)        0000
__CFG_WRT$OFF             (abs)        0000
__Habs1                   abs1         0000
__Hbank0                  bank0        0000
__Hbank1                  bank1        0000
__Hbank2                  bank2        0000
__Hbank3                  bank3        0000
__HbssBANK0               bssBANK0     0000
__Hcinit                  cinit        0800
__Hclrtext                clrtext      0000
__Hcode                   code         0000
__Hcommon                 common       0000
__Hconfig                 config       2009
__HcstackBANK0            cstackBANK0  0000
__HcstackCOMMON           cstackCOMMON 0000
__Heeprom_data            eeprom_data  0000
__Hend_init               end_init     0003
__Hfunctab                functab      0000
__Hidloc                  idloc        0000
__Hinit                   init         0000
__Hintentry               intentry     0000
__Hmaintext               maintext     0000
__Hpowerup                powerup      0000
__Hram                    ram          0000
__Hreset_vec              reset_vec    0000
__Hsfr0                   sfr0         0000
__Hsfr1                   sfr1         0000
__Hsfr2                   sfr2         0000
__Hsfr3                   sfr3         0000
__Hspace_0                (abs)        2009
__Hspace_1                (abs)        007E
__Hspace_2                (abs)        0000
__Hspace_3                (abs)        0000
__Hstack                  stack        0000
__Hstrings                strings      0000
__Htext                   text         0000
__Labs1                   abs1         0000
__Lbank0                  bank0        0000
__Lbank1                  bank1        0000
__Lbank2                  bank2        0000
__Lbank3                  bank3        0000
__LbssBANK0               bssBANK0     0000
__Lcinit                  cinit        07F3
__Lclrtext                clrtext      0000
__Lcode                   code         0000
__Lcommon                 common       0000
__Lconfig                 config       2007
__LcstackBANK0            cstackBANK0  0000
__LcstackCOMMON           cstackCOMMON 0000
__Leeprom_data            eeprom_data  0000
__Lend_init               end_init     0000
__Lfunctab                functab      0000
__Lidloc                  idloc        0000
__Linit                   init         0000
__Lintentry               intentry     0000
__Lmaintext               maintext     0000
__Lpowerup                powerup      0000
__Lram                    ram          0000
__Lreset_vec              reset_vec    0000
__Lsfr0                   sfr0         0000
__Lsfr1                   sfr1         0000
__Lsfr2                   sfr2         0000
__Lsfr3                   sfr3         0000
__Lspace_0                (abs)        0000
__Lspace_1                (abs)        0000
__Lspace_2                (abs)        0000
__Lspace_3                (abs)        0000
__Lstack                  stack        0000
__Lstrings                strings      0000
__Ltext                   text         0000
__S0                      (abs)        2009
__S1                      (abs)        007E
__S2                      (abs)        0000
__S3                      (abs)        0000
___bmul                   text22       0064
___bmul@multiplicand      cstackCOMMON 0070
___bmul@multiplier        cstackCOMMON 0073
___bmul@product           cstackCOMMON 0072
___fldiv                  text21       040E
___fldiv@a                cstackBANK0  0020
___fldiv@aexp             cstackBANK0  0039
___fldiv@b                cstackBANK0  0024
___fldiv@bexp             cstackBANK0  0038
___fldiv@grs              cstackBANK0  0034
___fldiv@new_exp          cstackBANK0  0032
___fldiv@rem              cstackBANK0  002D
___fldiv@sign             cstackBANK0  0031
___fltol                  text20       02D8
___fltol@exp1             cstackBANK0  0044
___fltol@f1               cstackBANK0  003A
___fltol@sign1            cstackBANK0  0043
___int_sp                 stack        0000
___latbits                (abs)        0002
___lldiv                  text11       01FD
___lldiv@counter          cstackCOMMON 007D
___lldiv@dividend         cstackCOMMON 0074
___lldiv@divisor          cstackCOMMON 0070
___lldiv@quotient         cstackCOMMON 0079
___lwdiv                  text19       0163
___lwdiv@counter          cstackCOMMON 0077
___lwdiv@dividend         cstackCOMMON 0072
___lwdiv@divisor          cstackCOMMON 0070
___lwdiv@quotient         cstackCOMMON 0075
___sp                     stack        0000
___stackhi                (abs)        0000
___stacklo                (abs)        0000
___wmul                   text18       00AB
___wmul@multiplicand      cstackCOMMON 0072
___wmul@multiplier        cstackCOMMON 0070
___wmul@product           cstackCOMMON 0074
___xxtofl                 text17       0354
___xxtofl@arg             cstackCOMMON 007A
___xxtofl@exp             cstackCOMMON 0079
___xxtofl@sign            cstackCOMMON 0078
___xxtofl@val             cstackCOMMON 0070
__end_of___bmul           text22       0079
__end_of___fldiv          text21       05EB
__end_of___fltol          text20       0354
__end_of___lldiv          text11       0263
__end_of___lwdiv          text19       01A7
__end_of___wmul           text18       00D0
__end_of___xxtofl         text17       040E
__end_of__initialization  cinit        07FC
__end_of__stringtab       strings      0009
__end_of_delay_1ms        text9        008F
__end_of_i2c_masterRead   text15       012B
__end_of_i2c_masterStart  text14       1000
__end_of_i2c_masterStop   text13       0015
__end_of_i2c_masterWait   text16       0035
__end_of_i2c_masterWrite  text12       0028
__end_of_i2c_master_init  text10       0163
__end_of_lcd8_cmd         text5        0064
__end_of_lcd8_dispChar    text7        0043
__end_of_lcd8_dispString  text6        00F5
__end_of_lcd8_init        text4        01FD
__end_of_lcd8_setCursor   text3        00AB
__end_of_lcd8_write       text8        0053
__end_of_main             maintext     07F3
__end_of_oscInit          text2        02D8
__end_of_setup            text1        001E
__initialization          cinit        07F3
__pbssBANK0               bssBANK0     0048
__pcstackBANK0            cstackBANK0  0020
__pcstackCOMMON           cstackCOMMON 0070
__pmaintext               maintext     05EB
__pstrings                strings      0003
__ptext1                  text1        0015
__ptext10                 text10       012B
__ptext11                 text11       01FD
__ptext12                 text12       001E
__ptext13                 text13       000C
__ptext14                 text14       0FF7
__ptext15                 text15       00F5
__ptext16                 text16       0028
__ptext17                 text17       0354
__ptext18                 text18       00AB
__ptext19                 text19       0163
__ptext2                  text2        0263
__ptext20                 text20       02D8
__ptext21                 text21       040E
__ptext22                 text22       0064
__ptext3                  text3        008F
__ptext4                  text4        01A7
__ptext5                  text5        0053
__ptext6                  text6        00D0
__ptext7                  text7        0035
__ptext8                  text8        0043
__ptext9                  text9        0079
__size_of___bmul          (abs)        0000
__size_of___fldiv         (abs)        0000
__size_of___fltol         (abs)        0000
__size_of___lldiv         (abs)        0000
__size_of___lwdiv         (abs)        0000
__size_of___wmul          (abs)        0000
__size_of___xxtofl        (abs)        0000
__size_of_delay_1ms       (abs)        0000
__size_of_i2c_masterRead  (abs)        0000
__size_of_i2c_masterStart (abs)        0000
__size_of_i2c_masterStop  (abs)        0000
__size_of_i2c_masterWait  (abs)        0000
__size_of_i2c_masterWrite (abs)        0000
__size_of_i2c_master_init (abs)        0000
__size_of_lcd8_cmd        (abs)        0000
__size_of_lcd8_dispChar   (abs)        0000
__size_of_lcd8_dispString (abs)        0000
__size_of_lcd8_init       (abs)        0000
__size_of_lcd8_setCursor  (abs)        0000
__size_of_lcd8_write      (abs)        0000
__size_of_main            (abs)        0000
__size_of_oscInit         (abs)        0000
__size_of_setup           (abs)        0000
__stringbase              strings      0008
__stringtab               strings      0003
_delay_1ms                text9        0079
_distancia                bssBANK0     0054
_fCentenas                bssBANK0     0058
_fDecenas                 bssBANK0     0057
_fUnidades                bssBANK0     0056
_fuerza                   bssBANK0     0052
_i2c_masterRead           text15       00F5
_i2c_masterStart          text14       0FF7
_i2c_masterStop           text13       000C
_i2c_masterWait           text16       0028
_i2c_masterWrite          text12       001E
_i2c_master_init          text10       012B
_lcd8_cmd                 text5        0053
_lcd8_dispChar            text7        0035
_lcd8_dispString          text6        00D0
_lcd8_init                text4        01A7
_lcd8_setCursor           text3        008F
_lcd8_write               text8        0043
_main                     maintext     05EB
_oscInit                  text2        0263
_setup                    text1        0015
btemp                     (abs)        007E
clear_ram0                clrtext      0FEF
delay_1ms@i               cstackCOMMON 0070
end_of_initialization     cinit        07FC
i2c_masterRead@a          cstackCOMMON 0070
i2c_masterRead@temp       cstackCOMMON 0074
i2c_masterWrite@data      cstackCOMMON 0070
i2c_master_init@c         cstackBANK0  0020
intlevel0                 functab      0000
intlevel1                 functab      0000
intlevel2                 functab      0000
intlevel3                 functab      0000
intlevel4                 functab      0000
intlevel5                 functab      0000
lcd8_cmd@cmd              cstackCOMMON 0072
lcd8_dispChar@val_num     cstackCOMMON 0074
lcd8_dispString@value     cstackCOMMON 0076
lcd8_setCursor@columna    cstackCOMMON 0073
lcd8_setCursor@fila       cstackCOMMON 0074
lcd8_write@dat            cstackCOMMON 0072
oscInit@freq              cstackCOMMON 0072
reset_vec                 reset_vec    0000
start                     init         0000
start_initialization      cinit        07F3
wtemp0                    (abs)        007E


FUNCTION INFORMATION:

 *************** function _main *****************
 Defined at:
		line 50 in file "control_master.c"
 Parameters:    Size  Location     Type
		None
 Auto vars:     Size  Location     Type
		None
 Return value:  Size  Location     Type
                  1    wreg      void 
 Registers used:
		wreg, fsr0l, fsr0h, status,2, status,0, btemp+1, pclath, cstack
 Tracked objects:
		On entry : 
		On exit  : 
		Unchanged: 
 Data sizes:     COMMON   BANK0   BANK1   BANK3   BANK2
      Params:         0       0       0       0       0
      Locals:         0       0       0       0       0
      Temps:          0       3       0       0       0
      Totals:         0       3       0       0       0
Total ram usage:        3 bytes
 Hardware stack levels required when called:    3
 This function calls:
		___bmul
		___fldiv
		___fltol
		___lwdiv
		___wmul
		___xxtofl
		_delay_1ms
		_i2c_masterRead
		_i2c_masterStart
		_i2c_masterStop
		_i2c_masterWrite
		_i2c_master_init
		_lcd8_dispChar
		_lcd8_dispString
		_lcd8_init
		_lcd8_setCursor
		_oscInit
		_setup
 This function is called by:
		Startup code after reset
 This function uses a non-reentrant model


 *************** function _setup *****************
 Defined at:
		line 153 in file "control_master.c"
 Parameters:    Size  Location     Type
		None
 Auto vars:     Size  Location     Type
		None
 Return value:  Size  Location     Type
                  1    wreg      void 
 Registers used:
		status,2
 Tracked objects:
		On entry : 
		On exit  : 
		Unchanged: 
 Data sizes:     COMMON   BANK0   BANK1   BANK3   BANK2
      Params:         0       0       0       0       0
      Locals:         0       0       0       0       0
      Temps:          0       0       0       0       0
      Totals:         0       0       0       0       0
Total ram usage:        0 bytes
 Hardware stack levels used:    1
 This function calls:
		Nothing
 This function is called by:
		_main
 This function uses a non-reentrant model


 *************** function _oscInit *****************
 Defined at:
		line 11 in file "OSCCON.c"
 Parameters:    Size  Location     Type
  freq            1    wreg     unsigned char 
 Auto vars:     Size  Location     Type
  freq            1    2[COMMON] unsigned char 
 Return value:  Size  Location     Type
                  1    wreg      unsigned char 
 Registers used:
		wreg, fsr0l, fsr0h, status,2, status,0
 Tracked objects:
		On entry : 
		On exit  : 
		Unchanged: 
 Data sizes:     COMMON   BANK0   BANK1   BANK3   BANK2
      Params:         0       0       0       0       0
      Locals:         1       0       0       0       0
      Temps:          2       0       0       0       0
      Totals:         3       0       0       0       0
Total ram usage:        3 bytes
 Hardware stack levels used:    1
 This function calls:
		Nothing
 This function is called by:
		_main
 This function uses a non-reentrant model


 *************** function _lcd8_setCursor *****************
 Defined at:
		line 62 in file "LCD.c"
 Parameters:    Size  Location     Type
  fila            1    wreg     unsigned char 
  columna         1    3[COMMON] unsigned char 
 Auto vars:     Size  Location     Type
  fila            1    4[COMMON] unsigned char 
 Return value:  Size  Location     Type
                  1    wreg      void 
 Registers used:
		wreg, status,2, status,0, btemp+1, pclath, cstack
 Tracked objects:
		On entry : 
		On exit  : 
		Unchanged: 
 Data sizes:     COMMON   BANK0   BANK1   BANK3   BANK2
      Params:         1       0       0       0       0
      Locals:         1       0       0       0       0
      Temps:          0       0       0       0       0
      Totals:         2       0       0       0       0
Total ram usage:        2 bytes
 Hardware stack levels used:    1
 Hardware stack levels required when called:    2
 This function calls:
		_lcd8_cmd
 This function is called by:
		_main
 This function uses a non-reentrant model


 *************** function _lcd8_init *****************
 Defined at:
		line 18 in file "LCD.c"
 Parameters:    Size  Location     Type
		None
 Auto vars:     Size  Location     Type
		None
 Return value:  Size  Location     Type
                  1    wreg      void 
 Registers used:
		wreg, status,2, status,0, btemp+1, pclath, cstack
 Tracked objects:
		On entry : 
		On exit  : 
		Unchanged: 
 Data sizes:     COMMON   BANK0   BANK1   BANK3   BANK2
      Params:         0       0       0       0       0
      Locals:         0       0       0       0       0
      Temps:          2       0       0       0       0
      Totals:         2       0       0       0       0
Total ram usage:        2 bytes
 Hardware stack levels used:    1
 Hardware stack levels required when called:    2
 This function calls:
		_lcd8_cmd
 This function is called by:
		_main
 This function uses a non-reentrant model


 *************** function _lcd8_cmd *****************
 Defined at:
		line 34 in file "LCD.c"
 Parameters:    Size  Location     Type
  cmd             1    wreg     unsigned char 
 Auto vars:     Size  Location     Type
  cmd             1    2[COMMON] unsigned char 
 Return value:  Size  Location     Type
                  1    wreg      void 
 Registers used:
		wreg, status,2, status,0, btemp+1, pclath, cstack
 Tracked objects:
		On entry : 
		On exit  : 
		Unchanged: 
 Data sizes:     COMMON   BANK0   BANK1   BANK3   BANK2
      Params:         0       0       0       0       0
      Locals:         1       0       0       0       0
      Temps:          0       0       0       0       0
      Totals:         1       0       0       0       0
Total ram usage:        1 bytes
 Hardware stack levels used:    1
 Hardware stack levels required when called:    1
 This function calls:
		_delay_1ms
 This function is called by:
		_lcd8_init
		_lcd8_setCursor
 This function uses a non-reentrant model


 *************** function _lcd8_dispString *****************
 Defined at:
		line 52 in file "LCD.c"
 Parameters:    Size  Location     Type
  value           1    wreg     PTR unsigned char 
		 -> STR_1(3), 
 Auto vars:     Size  Location     Type
  value           1    6[COMMON] PTR unsigned char 
		 -> STR_1(3), 
 Return value:  Size  Location     Type
                  1    wreg      void 
 Registers used:
		wreg, fsr0l, fsr0h, status,2, status,0, btemp+1, pclath, cstack
 Tracked objects:
		On entry : 
		On exit  : 
		Unchanged: 
 Data sizes:     COMMON   BANK0   BANK1   BANK3   BANK2
      Params:         0       0       0       0       0
      Locals:         1       0       0       0       0
      Temps:          2       0       0       0       0
      Totals:         3       0       0       0       0
Total ram usage:        3 bytes
 Hardware stack levels used:    1
 Hardware stack levels required when called:    2
 This function calls:
		_lcd8_write
 This function is called by:
		_main
 This function uses a non-reentrant model


 *************** function _lcd8_dispChar *****************
 Defined at:
		line 58 in file "LCD.c"
 Parameters:    Size  Location     Type
  val_num         1    wreg     unsigned char 
 Auto vars:     Size  Location     Type
  val_num         1    4[COMMON] unsigned char 
 Return value:  Size  Location     Type
                  1    wreg      void 
 Registers used:
		wreg, status,2, status,0, btemp+1, pclath, cstack
 Tracked objects:
		On entry : 
		On exit  : 
		Unchanged: 
 Data sizes:     COMMON   BANK0   BANK1   BANK3   BANK2
      Params:         0       0       0       0       0
      Locals:         1       0       0       0       0
      Temps:          0       0       0       0       0
      Totals:         1       0       0       0       0
Total ram usage:        1 bytes
 Hardware stack levels used:    1
 Hardware stack levels required when called:    2
 This function calls:
		_lcd8_write
 This function is called by:
		_main
 This function uses a non-reentrant model


 *************** function _lcd8_write *****************
 Defined at:
		line 43 in file "LCD.c"
 Parameters:    Size  Location     Type
  dat             2    2[COMMON] unsigned int 
 Auto vars:     Size  Location     Type
		None
 Return value:  Size  Location     Type
                  1    wreg      void 
 Registers used:
		wreg, status,2, status,0, btemp+1, pclath, cstack
 Tracked objects:
		On entry : 
		On exit  : 
		Unchanged: 
 Data sizes:     COMMON   BANK0   BANK1   BANK3   BANK2
      Params:         2       0       0       0       0
      Locals:         0       0       0       0       0
      Temps:          0       0       0       0       0
      Totals:         2       0       0       0       0
Total ram usage:        2 bytes
 Hardware stack levels used:    1
 Hardware stack levels required when called:    1
 This function calls:
		_delay_1ms
 This function is called by:
		_lcd8_dispString
		_lcd8_dispChar
 This function uses a non-reentrant model


 *************** function _delay_1ms *****************
 Defined at:
		line 71 in file "LCD.c"
 Parameters:    Size  Location     Type
		None
 Auto vars:     Size  Location     Type
  i               2    0[COMMON] int 
 Return value:  Size  Location     Type
                  1    wreg      void 
 Registers used:
		wreg, status,2, btemp+1
 Tracked objects:
		On entry : 
		On exit  : 
		Unchanged: 
 Data sizes:     COMMON   BANK0   BANK1   BANK3   BANK2
      Params:         0       0       0       0       0
      Locals:         2       0       0       0       0
      Temps:          0       0       0       0       0
      Totals:         2       0       0       0       0
Total ram usage:        2 bytes
 Hardware stack levels used:    1
 This function calls:
		Nothing
 This function is called by:
		_main
		_lcd8_cmd
		_lcd8_write
 This function uses a non-reentrant model


 *************** function _i2c_master_init *****************
 Defined at:
		line 12 in file "I2C.c"
 Parameters:    Size  Location     Type
  c               4    0[BANK0 ] unsigned long 
 Auto vars:     Size  Location     Type
		None
 Return value:  Size  Location     Type
                  1    wreg      void 
 Registers used:
		wreg, status,2, status,0, pclath, cstack
 Tracked objects:
		On entry : 
		On exit  : 
		Unchanged: 
 Data sizes:     COMMON   BANK0   BANK1   BANK3   BANK2
      Params:         0       4       0       0       0
      Locals:         0       0       0       0       0
      Temps:          0       4       0       0       0
      Totals:         0       8       0       0       0
Total ram usage:        8 bytes
 Hardware stack levels used:    1
 Hardware stack levels required when called:    1
 This function calls:
		___lldiv
 This function is called by:
		_main
 This function uses a non-reentrant model


 *************** function ___lldiv *****************
 Defined at:
		line 5 in file "C:\Program Files (x86)\Microchip\xc8\v2.10\pic\sources\c90\common\__lldiv.c"
 Parameters:    Size  Location     Type
  divisor         4    0[COMMON] unsigned long 
  dividend        4    4[COMMON] unsigned long 
 Auto vars:     Size  Location     Type
  quotient        4    9[COMMON] unsigned long 
  counter         1   13[COMMON] unsigned char 
 Return value:  Size  Location     Type
                  4    0[COMMON] unsigned long 
 Registers used:
		wreg, status,2, status,0
 Tracked objects:
		On entry : 
		On exit  : 
		Unchanged: 
 Data sizes:     COMMON   BANK0   BANK1   BANK3   BANK2
      Params:         8       0       0       0       0
      Locals:         5       0       0       0       0
      Temps:          1       0       0       0       0
      Totals:        14       0       0       0       0
Total ram usage:       14 bytes
 Hardware stack levels used:    1
 This function calls:
		Nothing
 This function is called by:
		_i2c_master_init
 This function uses a non-reentrant model


 *************** function _i2c_masterWrite *****************
 Defined at:
		line 40 in file "I2C.c"
 Parameters:    Size  Location     Type
  data            2    0[COMMON] unsigned int 
 Auto vars:     Size  Location     Type
		None
 Return value:  Size  Location     Type
                  1    wreg      void 
 Registers used:
		wreg, status,2, status,0, pclath, cstack
 Tracked objects:
		On entry : 
		On exit  : 
		Unchanged: 
 Data sizes:     COMMON   BANK0   BANK1   BANK3   BANK2
      Params:         2       0       0       0       0
      Locals:         0       0       0       0       0
      Temps:          0       0       0       0       0
      Totals:         2       0       0       0       0
Total ram usage:        2 bytes
 Hardware stack levels used:    1
 Hardware stack levels required when called:    1
 This function calls:
		_i2c_masterWait
 This function is called by:
		_main
 This function uses a non-reentrant model


 *************** function _i2c_masterStop *****************
 Defined at:
		line 35 in file "I2C.c"
 Parameters:    Size  Location     Type
		None
 Auto vars:     Size  Location     Type
		None
 Return value:  Size  Location     Type
                  1    wreg      void 
 Registers used:
		wreg, status,2, status,0, pclath, cstack
 Tracked objects:
		On entry : 
		On exit  : 
		Unchanged: 
 Data sizes:     COMMON   BANK0   BANK1   BANK3   BANK2
      Params:         0       0       0       0       0
      Locals:         0       0       0       0       0
      Temps:          0       0       0       0       0
      Totals:         0       0       0       0       0
Total ram usage:        0 bytes
 Hardware stack levels used:    1
 Hardware stack levels required when called:    1
 This function calls:
		_i2c_masterWait
 This function is called by:
		_main
 This function uses a non-reentrant model


 *************** function _i2c_masterStart *****************
 Defined at:
		line 25 in file "I2C.c"
 Parameters:    Size  Location     Type
		None
 Auto vars:     Size  Location     Type
		None
 Return value:  Size  Location     Type
                  1    wreg      void 
 Registers used:
		wreg, status,2, status,0, pclath, cstack
 Tracked objects:
		On entry : 
		On exit  : 
		Unchanged: 
 Data sizes:     COMMON   BANK0   BANK1   BANK3   BANK2
      Params:         0       0       0       0       0
      Locals:         0       0       0       0       0
      Temps:          0       0       0       0       0
      Totals:         0       0       0       0       0
Total ram usage:        0 bytes
 Hardware stack levels used:    1
 Hardware stack levels required when called:    1
 This function calls:
		_i2c_masterWait
 This function is called by:
		_main
 This function uses a non-reentrant model


 *************** function _i2c_masterRead *****************
 Defined at:
		line 45 in file "I2C.c"
 Parameters:    Size  Location     Type
  a               2    0[COMMON] unsigned short 
 Auto vars:     Size  Location     Type
  temp            2    4[COMMON] unsigned short 
 Return value:  Size  Location     Type
                  2    0[COMMON] unsigned short 
 Registers used:
		wreg, status,2, status,0, pclath, cstack
 Tracked objects:
		On entry : 
		On exit  : 
		Unchanged: 
 Data sizes:     COMMON   BANK0   BANK1   BANK3   BANK2
      Params:         2       0       0       0       0
      Locals:         2       0       0       0       0
      Temps:          2       0       0       0       0
      Totals:         6       0       0       0       0
Total ram usage:        6 bytes
 Hardware stack levels used:    1
 Hardware stack levels required when called:    1
 This function calls:
		_i2c_masterWait
 This function is called by:
		_main
 This function uses a non-reentrant model


 *************** function _i2c_masterWait *****************
 Defined at:
		line 21 in file "I2C.c"
 Parameters:    Size  Location     Type
		None
 Auto vars:     Size  Location     Type
		None
 Return value:  Size  Location     Type
                  1    wreg      void 
 Registers used:
		wreg, status,2
 Tracked objects:
		On entry : 
		On exit  : 
		Unchanged: 
 Data sizes:     COMMON   BANK0   BANK1   BANK3   BANK2
      Params:         0       0       0       0       0
      Locals:         0       0       0       0       0
      Temps:          0       0       0       0       0
      Totals:         0       0       0       0       0
Total ram usage:        0 bytes
 Hardware stack levels used:    1
 This function calls:
		Nothing
 This function is called by:
		_i2c_masterStart
		_i2c_masterStop
		_i2c_masterWrite
		_i2c_masterRead
		_i2c_master_RStart
 This function uses a non-reentrant model


 *************** function ___xxtofl *****************
 Defined at:
		line 10 in file "C:\Program Files (x86)\Microchip\xc8\v2.10\pic\sources\c90\common\xxtofl.c"
 Parameters:    Size  Location     Type
  sign            1    wreg     unsigned char 
  val             4    0[COMMON] long 
 Auto vars:     Size  Location     Type
  sign            1    8[COMMON] unsigned char 
  arg             4   10[COMMON] unsigned long 
  exp             1    9[COMMON] unsigned char 
 Return value:  Size  Location     Type
                  4    0[COMMON] unsigned char 
 Registers used:
		wreg, status,2, status,0
 Tracked objects:
		On entry : 
		On exit  : 
		Unchanged: 
 Data sizes:     COMMON   BANK0   BANK1   BANK3   BANK2
      Params:         4       0       0       0       0
      Locals:         6       0       0       0       0
      Temps:          4       0       0       0       0
      Totals:        14       0       0       0       0
Total ram usage:       14 bytes
 Hardware stack levels used:    1
 This function calls:
		Nothing
 This function is called by:
		_main
 This function uses a non-reentrant model


 *************** function ___wmul *****************
 Defined at:
		line 15 in file "C:\Program Files (x86)\Microchip\xc8\v2.10\pic\sources\c90\common\Umul16.c"
 Parameters:    Size  Location     Type
  multiplier      2    0[COMMON] unsigned int 
  multiplicand    2    2[COMMON] unsigned int 
 Auto vars:     Size  Location     Type
  product         2    4[COMMON] unsigned int 
 Return value:  Size  Location     Type
                  2    0[COMMON] unsigned int 
 Registers used:
		wreg, status,2, status,0
 Tracked objects:
		On entry : 
		On exit  : 
		Unchanged: 
 Data sizes:     COMMON   BANK0   BANK1   BANK3   BANK2
      Params:         4       0       0       0       0
      Locals:         2       0       0       0       0
      Temps:          0       0       0       0       0
      Totals:         6       0       0       0       0
Total ram usage:        6 bytes
 Hardware stack levels used:    1
 This function calls:
		Nothing
 This function is called by:
		_main
 This function uses a non-reentrant model


 *************** function ___lwdiv *****************
 Defined at:
		line 5 in file "C:\Program Files (x86)\Microchip\xc8\v2.10\pic\sources\c90\common\lwdiv.c"
 Parameters:    Size  Location     Type
  divisor         2    0[COMMON] unsigned int 
  dividend        2    2[COMMON] unsigned int 
 Auto vars:     Size  Location     Type
  quotient        2    5[COMMON] unsigned int 
  counter         1    7[COMMON] unsigned char 
 Return value:  Size  Location     Type
                  2    0[COMMON] unsigned int 
 Registers used:
		wreg, status,2, status,0
 Tracked objects:
		On entry : 
		On exit  : 
		Unchanged: 
 Data sizes:     COMMON   BANK0   BANK1   BANK3   BANK2
      Params:         4       0       0       0       0
      Locals:         3       0       0       0       0
      Temps:          1       0       0       0       0
      Totals:         8       0       0       0       0
Total ram usage:        8 bytes
 Hardware stack levels used:    1
 This function calls:
		Nothing
 This function is called by:
		_main
 This function uses a non-reentrant model


 *************** function ___fltol *****************
 Defined at:
		line 43 in file "C:\Program Files (x86)\Microchip\xc8\v2.10\pic\sources\c90\common\fltol.c"
 Parameters:    Size  Location     Type
  f1              4   26[BANK0 ] unsigned int 
 Auto vars:     Size  Location     Type
  exp1            1   36[BANK0 ] unsigned char 
  sign1           1   35[BANK0 ] unsigned char 
 Return value:  Size  Location     Type
                  4   26[BANK0 ] long 
 Registers used:
		wreg, status,2, status,0
 Tracked objects:
		On entry : 
		On exit  : 
		Unchanged: 
 Data sizes:     COMMON   BANK0   BANK1   BANK3   BANK2
      Params:         0       4       0       0       0
      Locals:         0       2       0       0       0
      Temps:          0       5       0       0       0
      Totals:         0      11       0       0       0
Total ram usage:       11 bytes
 Hardware stack levels used:    1
 This function calls:
		Nothing
 This function is called by:
		_main
 This function uses a non-reentrant model


 *************** function ___fldiv *****************
 Defined at:
		line 8 in file "C:\Program Files (x86)\Microchip\xc8\v2.10\pic\sources\c90\common\sprcdiv.c"
 Parameters:    Size  Location     Type
  a               4    0[BANK0 ] long 
  b               4    4[BANK0 ] long 
 Auto vars:     Size  Location     Type
  grs             4   20[BANK0 ] unsigned long 
  rem             4   13[BANK0 ] unsigned long 
  new_exp         2   18[BANK0 ] int 
  aexp            1   25[BANK0 ] unsigned char 
  bexp            1   24[BANK0 ] unsigned char 
  sign            1   17[BANK0 ] unsigned char 
 Return value:  Size  Location     Type
                  4    0[BANK0 ] unsigned char 
 Registers used:
		wreg, status,2, status,0, btemp+1
 Tracked objects:
		On entry : 
		On exit  : 
		Unchanged: 
 Data sizes:     COMMON   BANK0   BANK1   BANK3   BANK2
      Params:         0       8       0       0       0
      Locals:         0      13       0       0       0
      Temps:          0       5       0       0       0
      Totals:         0      26       0       0       0
Total ram usage:       26 bytes
 Hardware stack levels used:    1
 This function calls:
		Nothing
 This function is called by:
		_main
 This function uses a non-reentrant model


 *************** function ___bmul *****************
 Defined at:
		line 4 in file "C:\Program Files (x86)\Microchip\xc8\v2.10\pic\sources\c90\common\Umul8.c"
 Parameters:    Size  Location     Type
  multiplier      1    wreg     unsigned char 
  multiplicand    1    0[COMMON] unsigned char 
 Auto vars:     Size  Location     Type
  multiplier      1    3[COMMON] unsigned char 
  product         1    2[COMMON] unsigned char 
 Return value:  Size  Location     Type
                  1    wreg      unsigned char 
 Registers used:
		wreg, status,2, status,0
 Tracked objects:
		On entry : 
		On exit  : 
		Unchanged: 
 Data sizes:     COMMON   BANK0   BANK1   BANK3   BANK2
      Params:         1       0       0       0       0
      Locals:         2       0       0       0       0
      Temps:          1       0       0       0       0
      Totals:         4       0       0       0       0
Total ram usage:        4 bytes
 Hardware stack levels used:    1
 This function calls:
		Nothing
 This function is called by:
		_main
 This function uses a non-reentrant model



MODULE INFORMATION

Module		Function		Class		Link	Load	Size
C:\Program Files (x86)\Microchip\xc8\v2.10\pic\sources\c90\common\lwdiv.c
		___lwdiv       		CODE           	0163	0000	69

C:\Program Files (x86)\Microchip\xc8\v2.10\pic\sources\c90\common\lwdiv.c estimated size: 69

C:\Program Files (x86)\Microchip\xc8\v2.10\pic\sources\c90\common\fltol.c
		___fltol       		CODE           	02D8	0000	125

C:\Program Files (x86)\Microchip\xc8\v2.10\pic\sources\c90\common\fltol.c estimated size: 125

OSCCON.c
		_oscInit       		CODE           	0263	0000	118

OSCCON.c estimated size: 118

C:\Program Files (x86)\Microchip\xc8\v2.10\pic\sources\c90\common\Umul16.c
		___wmul        		CODE           	00AB	0000	38

C:\Program Files (x86)\Microchip\xc8\v2.10\pic\sources\c90\common\Umul16.c estimated size: 38

C:\Program Files (x86)\Microchip\xc8\v2.10\pic\sources\c90\common\Umul8.c
		___bmul        		CODE           	0064	0000	22

C:\Program Files (x86)\Microchip\xc8\v2.10\pic\sources\c90\common\Umul8.c estimated size: 22

I2C.c
		_i2c_masterRead		CODE           	00F5	0000	55
		_i2c_masterWait		CODE           	0028	0000	14
		_i2c_masterStop		CODE           	000C	0000	10
		_i2c_masterWrite		CODE           	001E	0000	11
		_i2c_master_init		CODE           	012B	0000	57
		_i2c_masterStart		CODE           	0FF7	0000	10

I2C.c estimated size: 157

control_master.c
		_main          		CODE           	05EB	0000	521
		_setup         		CODE           	0015	0000	10

control_master.c estimated size: 531

C:\Program Files (x86)\Microchip\xc8\v2.10\pic\sources\c90\common\__lldiv.c
		___lldiv       		CODE           	01FD	0000	103

C:\Program Files (x86)\Microchip\xc8\v2.10\pic\sources\c90\common\__lldiv.c estimated size: 103

C:\Program Files (x86)\Microchip\xc8\v2.10\pic\sources\c90\common\sprcdiv.c
		___fldiv       		CODE           	040E	0000	478

C:\Program Files (x86)\Microchip\xc8\v2.10\pic\sources\c90\common\sprcdiv.c estimated size: 478

C:\Program Files (x86)\Microchip\xc8\v2.10\pic\sources\c90\common\xxtofl.c
		___xxtofl      		CODE           	0354	0000	187

C:\Program Files (x86)\Microchip\xc8\v2.10\pic\sources\c90\common\xxtofl.c estimated size: 187

shared
		__stringtab    		STRING         	0003	0000	7
		__initialization		CODE           	07F3	0000	10

shared estimated size: 17

LCD.c
		_lcd8_dispString		CODE           	00D0	0000	38
		_lcd8_setCursor		CODE           	008F	0000	29
		_lcd8_write    		CODE           	0043	0000	17
		_delay_1ms     		CODE           	0079	0000	23
		_lcd8_dispChar 		CODE           	0035	0000	15
		_lcd8_init     		CODE           	01A7	0000	87
		_lcd8_cmd      		CODE           	0053	0000	18

LCD.c estimated size: 227

