Microchip MPLAB XC8 Compiler V2.10 ()

Linker command line:

-W-3 --edf=C:\Program Files (x86)\Microchip\xc8\v2.10\pic\dat\en_msgs.txt \
  -cs -h+dist/default/production\Giroscopio.X.production.sym \
  --cmf=dist/default/production\Giroscopio.X.production.cmf -z -Q16F887 \
  -oC:\Users\Peter\AppData\Local\Temp\s408.2 --defsym=__MPLAB_BUILD=1 \
  -Mdist/default/production/Giroscopio.X.production.map -E1 -ver=XC8 \
  --acfsm=1493 -ASTACK=0110h-016Fh -pstack=STACK -ACODE=00h-07FFhx4 \
  -ASTRCODE=00h-01FFFh -ASTRING=00h-0FFhx32 -ACONST=00h-0FFhx32 \
  -AENTRY=00h-0FFhx32 -ACOMMON=070h-07Fh -ABANK0=020h-06Fh \
  -ABANK1=0A0h-0EFh -ABANK2=0110h-016Fh -ABANK3=0190h-01EFh \
  -ARAM=020h-06Fh,0A0h-0EFh,0110h-016Fh,0190h-01EFh \
  -AABS1=020h-07Fh,0A0h-0EFh,0110h-016Fh,0190h-01EFh -ASFR0=00h-01Fh \
  -ASFR1=080h-09Fh -ASFR2=0100h-010Fh -ASFR3=0180h-018Fh \
  -preset_vec=00h,intentry=04h,init,end_init -ppowerup=CODE -pcinit=CODE \
  -pfunctab=ENTRY -ACONFIG=02007h-02008h -pconfig=CONFIG -DCONFIG=2 \
  -AIDLOC=02000h-02003h -pidloc=IDLOC -DIDLOC=2 -AEEDATA=00h-0FFh/02100h \
  -peeprom_data=EEDATA -DEEDATA=2 -DCODE=2 -DSTRCODE=2 -DSTRING=2 -DCONST=2 \
  -DENTRY=2 -k C:\Users\Peter\AppData\Local\Temp\s408.o \
  dist/default/production\Giroscopio.X.production.o 

Object code version is 3.11

Machine type is 16F887



                Name                               Link     Load   Length Selector   Space Scale
C:\Users\Peter\AppData\Local\Temp\s408.o
                end_init                              C        C        3        8       0
                reset_vec                             0        0        3        0       0
                config                             2007     2007        2     400E       0
dist/default/production\Giroscopio.X.production.o
                cinit                                 F        F       17        8       0
                intentry                              4        4        8        8       0
                text26                              9CE      9CE       12     139C       0
                text25                              47F      47F      288        8       0
                text24                              E23      E23      1DD     1C46       0
                text23                              C35      C35       7C     186A       0
                text22                              D67      D67       BC     1ACE       0
                text21                              A04      A04       14     1408       0
                text20                              97E      97E        3     12FC       0
                text19                              A65      A65       37     14CA       0
                text18                              B58      B58       68     16B0       0
                text17                              A9C      A9C       3A     1538       0
                text16                              7F1      7F1        D        8       0
                text15                              9E0      9E0       12     13C0       0
                text14                              A18      A18       16     1430       0
                text13                              989      989        9     1312       0
                text12                              CB1      CB1       B6     1962       0
                text11                              BC0      BC0       75     1780       0
                text10                              99E      99E       10     133C       0
                text9                               B12      B12       46     1624       0
                text8                               AD6      AD6       3C     15AC       0
                text7                               707      707       EA        8       0
                text6                               9AE      9AE       10     135C       0
                text5                               9BE      9BE       10     137C       0
                text4                               9F2      9F2       12     13E4       0
                text3                               A2E      A2E       16     145C       0
                text2                               992      992        C     1324       0
                text1                               A44      A44       21     1488       0
                maintext                             26       26      459        8       0
                cstackBANK0                          20       20       41       20       1
                cstackCOMMON                         70       70        9       70       1
                cstackBANK1                          C6       C6        3       A0       1
                clrtext                             981      981        8     1302       0
                bssBANK1                             A0       A0       26       A0       1
                bssBANK0                             61       61        E       20       1
                bssCOMMON                            79       79        2       70       1
                strings                             800      800       68     1000       0

TOTAL           Name                               Link     Load   Length     Space
        CLASS   STACK          

        CLASS   CODE           
                end_init                              C        C        3         0
                cinit                                 F        F       17         0
                intentry                              4        4        8         0
                reset_vec                             0        0        3         0
                text26                              9CE      9CE       12         0
                text25                              47F      47F      288         0
                text24                              E23      E23      1DD         0
                text23                              C35      C35       7C         0
                text22                              D67      D67       BC         0
                text21                              A04      A04       14         0
                text20                              97E      97E        3         0
                text19                              A65      A65       37         0
                text18                              B58      B58       68         0
                text17                              A9C      A9C       3A         0
                text16                              7F1      7F1        D         0
                text15                              9E0      9E0       12         0
                text14                              A18      A18       16         0
                text13                              989      989        9         0
                text12                              CB1      CB1       B6         0
                text11                              BC0      BC0       75         0
                text10                              99E      99E       10         0
                text9                               B12      B12       46         0
                text8                               AD6      AD6       3C         0
                text7                               707      707       EA         0
                text6                               9AE      9AE       10         0
                text5                               9BE      9BE       10         0
                text4                               9F2      9F2       12         0
                text3                               A2E      A2E       16         0
                text2                               992      992        C         0
                text1                               A44      A44       21         0
                maintext                             26       26      459         0
                clrtext                             981      981        8         0

        CLASS   STRCODE        

        CLASS   STRING         
                strings                             800      800       68         0

        CLASS   CONST          

        CLASS   ENTRY          

        CLASS   COMMON         
                cstackCOMMON                         70       70        9         1
                bssCOMMON                            79       79        2         1

        CLASS   BANK0          
                cstackBANK0                          20       20       41         1
                bssBANK0                             61       61        E         1

        CLASS   BANK1          
                cstackBANK1                          C6       C6        3         1
                bssBANK1                             A0       A0       26         1

        CLASS   BANK2          

        CLASS   BANK3          

        CLASS   RAM            

        CLASS   ABS1           
                abs_s1                               7E       7E        2         1

        CLASS   SFR0           

        CLASS   SFR1           

        CLASS   SFR2           

        CLASS   SFR3           

        CLASS   CONFIG         
                config                             2007     2007        2         0

        CLASS   IDLOC          

        CLASS   EEDATA         



SEGMENTS        Name                           Load    Length   Top    Selector   Space  Class     Delta

                reset_vec                      000000  000003  000003         0       0  CODE        2
                intentry                       000004  0007FA  0007FE         8       0  CODE        2
                cstackBANK0                    000020  00004F  00006F        20       1  BANK0       1
                cstackCOMMON                   000070  00000B  00007B        70       1  COMMON      1
                bssBANK1                       0000A0  000029  0000C9        A0       1  BANK1       1
                strings                        000800  000068  000868      1000       0  STRING      2
                text20                         00097E  000003  000981      12FC       0  CODE        2
                clrtext                        000981  000008  000989      1302       0  CODE        2
                text13                         000989  000009  000992      1312       0  CODE        2
                text2                          000992  00000C  00099E      1324       0  CODE        2
                text10                         00099E  000010  0009AE      133C       0  CODE        2
                text6                          0009AE  000010  0009BE      135C       0  CODE        2
                text5                          0009BE  000010  0009CE      137C       0  CODE        2
                text26                         0009CE  000012  0009E0      139C       0  CODE        2
                text15                         0009E0  000012  0009F2      13C0       0  CODE        2
                text4                          0009F2  000012  000A04      13E4       0  CODE        2
                text21                         000A04  000014  000A18      1408       0  CODE        2
                text14                         000A18  000016  000A2E      1430       0  CODE        2
                text3                          000A2E  000016  000A44      145C       0  CODE        2
                text1                          000A44  000021  000A65      1488       0  CODE        2
                text19                         000A65  000037  000A9C      14CA       0  CODE        2
                text17                         000A9C  00003A  000AD6      1538       0  CODE        2
                text8                          000AD6  00003C  000B12      15AC       0  CODE        2
                text9                          000B12  000046  000B58      1624       0  CODE        2
                text18                         000B58  000068  000BC0      16B0       0  CODE        2
                text11                         000BC0  000075  000C35      1780       0  CODE        2
                text23                         000C35  00007C  000CB1      186A       0  CODE        2
                text12                         000CB1  0000B6  000D67      1962       0  CODE        2
                text22                         000D67  0000BC  000E23      1ACE       0  CODE        2
                text24                         000E23  0001DD  001000      1C46       0  CODE        2
                config                         002007  000002  002009      400E       0  CONFIG      2


UNUSED ADDRESS RANGES

        Name                Unused          Largest block    Delta
        BANK0            006F-006F              1           1
        BANK1            00C9-00EF             27           1
        BANK2            0110-016F             60           1
        BANK3            0190-01EF             60           1
        CODE             0003-0003              1           2
                         07FE-07FF              2
                         0868-097D            116
                         1000-1FFF            800
        COMMON           007B-007D              3           1
        CONST            0003-0003              1           2
                         07FE-07FF              2
                         0868-097D             98
                         1000-1FFF            100
        EEDATA           2100-21FF            100           2
        ENTRY            0003-0003              1           2
                         07FE-07FF              2
                         0868-097D             98
                         1000-1FFF            100
        IDLOC            2000-2003              4           2
        RAM              006F-006F              1           1
                         00C9-00EF             27
                         0110-016F             60
                         0190-01EF             60
        SFR0             0000-001F             20           1
        SFR1             0080-009F             20           1
        SFR2             0100-010F             10           1
        SFR3             0180-018F             10           1
        STACK            0110-016F             60           1
        STRCODE          0003-0003              1           2
                         07FE-07FF              2
                         0868-097D            116
                         1000-1FFF           1000
        STRING           0003-0003              1           2
                         07FE-07FF              2
                         0868-097D             98
                         1000-1FFF            100

                                  Symbol Table

?___fladd                 cstackBANK0  0044
?___fldiv                 cstackBANK0  002A
?___fltol                 cstackBANK0  0058
?___lldiv                 cstackBANK0  0020
?___lwdiv                 cstackCOMMON 0073
?___lwmod                 cstackBANK0  0023
?___xxtofl                cstackCOMMON 0073
?_i2c_masterRead          cstackCOMMON 0073
?_sprintf                 cstackBANK0  0028
_ANSEL                    (abs)        0188
_ANSELHbits               (abs)        0189
_AX                       bssBANK1     00B8
_AY                       bssBANK1     00B6
_AZ                       bssBANK1     00B4
_Ax                       bssBANK0     006D
_Ay                       bssBANK0     006B
_Az                       bssBANK0     0069
_BAUDCTLbits              (abs)        0187
_GX                       bssBANK1     00B2
_GY                       bssBANK1     00B0
_GZ                       bssBANK1     00AE
_Gx                       bssBANK0     0067
_Gy                       bssBANK0     0065
_Gz                       bssBANK0     0063
_INTCONbits               (abs)        000B
_OSCCONbits               (abs)        008F
_PIE1bits                 (abs)        008C
_PIR1bits                 (abs)        000C
_PORTA                    (abs)        0005
_RCREG                    (abs)        001A
_RCSTAbits                (abs)        0018
_SEN                      (abs)        0488
_SPBRG                    (abs)        0099
_SSPADD                   (abs)        0093
_SSPBUF                   (abs)        0013
_SSPCON                   (abs)        0014
_SSPCON2                  (abs)        0091
_SSPCON2bits              (abs)        0091
_SSPSTAT                  (abs)        0094
_SSPSTATbits              (abs)        0094
_T                        bssBANK0     0061
_TRISA                    (abs)        0085
_TRISB                    (abs)        0086
_TRISC                    (abs)        0087
_TRISCbits                (abs)        0087
_TXREG                    (abs)        0019
_TXSTAbits                (abs)        0098
__CFG_BOR4V$BOR40V        (abs)        0000
__CFG_BOREN$OFF           (abs)        0000
__CFG_CP$OFF              (abs)        0000
__CFG_CPD$OFF             (abs)        0000
__CFG_FCMEN$OFF           (abs)        0000
__CFG_FOSC$INTRC_NOCLKOUT (abs)        0000
__CFG_IESO$OFF            (abs)        0000
__CFG_LVP$OFF             (abs)        0000
__CFG_MCLRE$OFF           (abs)        0000
__CFG_PWRTE$OFF           (abs)        0000
__CFG_WDTE$OFF            (abs)        0000
__CFG_WRT$OFF             (abs)        0000
__Habs1                   abs1         0000
__Hbank0                  bank0        0000
__Hbank1                  bank1        0000
__Hbank2                  bank2        0000
__Hbank3                  bank3        0000
__HbssBANK0               bssBANK0     0000
__HbssBANK1               bssBANK1     0000
__HbssCOMMON              bssCOMMON    0000
__Hcinit                  cinit        0026
__Hclrtext                clrtext      0000
__Hcode                   code         0000
__Hcommon                 common       0000
__Hconfig                 config       2009
__HcstackBANK0            cstackBANK0  0000
__HcstackBANK1            cstackBANK1  0000
__HcstackCOMMON           cstackCOMMON 0000
__Heeprom_data            eeprom_data  0000
__Hend_init               end_init     000F
__Hfunctab                functab      0000
__Hidloc                  idloc        0000
__Hinit                   init         000C
__Hintentry               intentry     000C
__Hmaintext               maintext     0000
__Hpowerup                powerup      0000
__Hram                    ram          0000
__Hreset_vec              reset_vec    0003
__Hsfr0                   sfr0         0000
__Hsfr1                   sfr1         0000
__Hsfr2                   sfr2         0000
__Hsfr3                   sfr3         0000
__Hspace_0                (abs)        2009
__Hspace_1                (abs)        00C9
__Hspace_2                (abs)        0000
__Hspace_3                (abs)        0000
__Hstack                  stack        0000
__Hstrings                strings      0000
__Htext                   text         0000
__Labs1                   abs1         0000
__Lbank0                  bank0        0000
__Lbank1                  bank1        0000
__Lbank2                  bank2        0000
__Lbank3                  bank3        0000
__LbssBANK0               bssBANK0     0000
__LbssBANK1               bssBANK1     0000
__LbssCOMMON              bssCOMMON    0000
__Lcinit                  cinit        000F
__Lclrtext                clrtext      0000
__Lcode                   code         0000
__Lcommon                 common       0000
__Lconfig                 config       2007
__LcstackBANK0            cstackBANK0  0000
__LcstackBANK1            cstackBANK1  0000
__LcstackCOMMON           cstackCOMMON 0000
__Leeprom_data            eeprom_data  0000
__Lend_init               end_init     000C
__Lfunctab                functab      0000
__Lidloc                  idloc        0000
__Linit                   init         000C
__Lintentry               intentry     0004
__Lmaintext               maintext     0000
__Lpowerup                powerup      0000
__Lram                    ram          0000
__Lreset_vec              reset_vec    0000
__Lsfr0                   sfr0         0000
__Lsfr1                   sfr1         0000
__Lsfr2                   sfr2         0000
__Lsfr3                   sfr3         0000
__Lspace_0                (abs)        0000
__Lspace_1                (abs)        0000
__Lspace_2                (abs)        0000
__Lspace_3                (abs)        0000
__Lstack                  stack        0000
__Lstrings                strings      0000
__Ltext                   text         0000
__S0                      (abs)        2009
__S1                      (abs)        00C9
__S2                      (abs)        0000
__S3                      (abs)        0000
___fladd                  text25       047F
___fladd@a                cstackBANK0  0048
___fladd@aexp             cstackBANK0  0055
___fladd@b                cstackBANK0  0044
___fladd@bexp             cstackBANK0  0056
___fladd@grs              cstackBANK0  0057
___fladd@signs            cstackBANK0  0054
___fldiv                  text24       0E23
___fldiv@a                cstackBANK0  002A
___fldiv@aexp             cstackBANK0  0043
___fldiv@b                cstackBANK0  002E
___fldiv@bexp             cstackBANK0  0042
___fldiv@grs              cstackBANK0  003E
___fldiv@new_exp          cstackBANK0  003C
___fldiv@rem              cstackBANK0  0037
___fldiv@sign             cstackBANK0  003B
___fltol                  text23       0C35
___fltol@exp1             cstackCOMMON 0078
___fltol@f1               cstackBANK0  0058
___fltol@sign1            cstackCOMMON 0077
___int_sp                 stack        0000
___latbits                (abs)        0002
___lldiv                  text18       0B58
___lldiv@counter          cstackCOMMON 0078
___lldiv@dividend         cstackBANK0  0024
___lldiv@divisor          cstackBANK0  0020
___lldiv@quotient         cstackCOMMON 0074
___lwdiv                  text9        0B12
___lwdiv@counter          cstackBANK0  0020
___lwdiv@dividend         cstackCOMMON 0075
___lwdiv@divisor          cstackCOMMON 0073
___lwdiv@quotient         cstackBANK0  0021
___lwmod                  text8        0AD6
___lwmod@counter          cstackBANK0  0027
___lwmod@dividend         cstackBANK0  0025
___lwmod@divisor          cstackBANK0  0023
___sp                     stack        0000
___stackhi                (abs)        0000
___stacklo                (abs)        0000
___xxtofl                 text22       0D67
___xxtofl@arg             cstackBANK0  0026
___xxtofl@exp             cstackBANK0  0025
___xxtofl@sign            cstackBANK0  0024
___xxtofl@val             cstackCOMMON 0073
__end_of___fladd          text25       0707
__end_of___fldiv          text24       1000
__end_of___fltol          text23       0CB1
__end_of___lldiv          text18       0BC0
__end_of___lwdiv          text9        0B58
__end_of___lwmod          text8        0B12
__end_of___xxtofl         text22       0E23
__end_of__initialization  cinit        0022
__end_of__stringtab       strings      0806
__end_of_baudRate         text21       0A18
__end_of_dpowers          strings      0810
__end_of_globalInt        text20       0981
__end_of_i2c_addr_start   text14       0A2E
__end_of_i2c_masterRead   text19       0A9C
__end_of_i2c_masterStop   text13       0992
__end_of_i2c_masterWait   text16       07FE
__end_of_i2c_masterWrite  text15       09F2
__end_of_i2c_master_init  text17       0AD6
__end_of_isr              text26       09E0
__end_of_main             maintext     047F
__end_of_mpu6050_init     text12       0D67
__end_of_oscInit          text11       0C35
__end_of_setup            text10       09AE
__end_of_sprintf          text7        07F1
__end_of_txrx_en          text6        09BE
__end_of_uart_9bit        text5        09CE
__end_of_uart_init        text4        0A04
__end_of_uart_interrupts  text3        0A44
__end_of_uart_sendString  text1        0A65
__end_of_uart_transmit    text2        099E
__initialization          cinit        000F
__pbssBANK0               bssBANK0     0061
__pbssBANK1               bssBANK1     00A0
__pbssCOMMON              bssCOMMON    0079
__pcstackBANK0            cstackBANK0  0020
__pcstackBANK1            cstackBANK1  00C6
__pcstackCOMMON           cstackCOMMON 0070
__pintentry               intentry     0004
__pmaintext               maintext     0026
__pstrings                strings      0800
__ptext1                  text1        0A44
__ptext10                 text10       099E
__ptext11                 text11       0BC0
__ptext12                 text12       0CB1
__ptext13                 text13       0989
__ptext14                 text14       0A18
__ptext15                 text15       09E0
__ptext16                 text16       07F1
__ptext17                 text17       0A9C
__ptext18                 text18       0B58
__ptext19                 text19       0A65
__ptext2                  text2        0992
__ptext20                 text20       097E
__ptext21                 text21       0A04
__ptext22                 text22       0D67
__ptext23                 text23       0C35
__ptext24                 text24       0E23
__ptext25                 text25       047F
__ptext26                 text26       09CE
__ptext3                  text3        0A2E
__ptext4                  text4        09F2
__ptext5                  text5        09BE
__ptext6                  text6        09AE
__ptext7                  text7        0707
__ptext8                  text8        0AD6
__ptext9                  text9        0B12
__size_of___fladd         (abs)        0000
__size_of___fldiv         (abs)        0000
__size_of___fltol         (abs)        0000
__size_of___lldiv         (abs)        0000
__size_of___lwdiv         (abs)        0000
__size_of___lwmod         (abs)        0000
__size_of___xxtofl        (abs)        0000
__size_of_baudRate        (abs)        0000
__size_of_globalInt       (abs)        0000
__size_of_i2c_addr_start  (abs)        0000
__size_of_i2c_masterRead  (abs)        0000
__size_of_i2c_masterStop  (abs)        0000
__size_of_i2c_masterWait  (abs)        0000
__size_of_i2c_masterWrite (abs)        0000
__size_of_i2c_master_init (abs)        0000
__size_of_isr             (abs)        0000
__size_of_main            (abs)        0000
__size_of_mpu6050_init    (abs)        0000
__size_of_oscInit         (abs)        0000
__size_of_setup           (abs)        0000
__size_of_sprintf         (abs)        0000
__size_of_txrx_en         (abs)        0000
__size_of_uart_9bit       (abs)        0000
__size_of_uart_init       (abs)        0000
__size_of_uart_interrupts (abs)        0000
__size_of_uart_sendString (abs)        0000
__size_of_uart_transmit   (abs)        0000
__stringbase              strings      0805
__stringtab               strings      0800
_baudRate                 text21       0A04
_buffer                   bssBANK1     00BA
_dpowers                  strings      0806
_globalInt                text20       097E
_i2c_addr_start           text14       0A18
_i2c_masterRead           text19       0A65
_i2c_masterStop           text13       0989
_i2c_masterWait           text16       07F1
_i2c_masterWrite          text15       09E0
_i2c_master_init          text17       0A9C
_isr                      text26       09CE
_main                     maintext     0026
_mpu6050_init             text12       0CB1
_oscInit                  text11       0BC0
_receive                  bssCOMMON    007A
_setup                    text10       099E
_sprintf                  text7        0707
_t                        bssBANK1     00AC
_txrx_en                  text6        09AE
_uart_9bit                text5        09BE
_uart_init                text4        09F2
_uart_interrupts          text3        0A2E
_uart_sendString          text1        0A44
_uart_transmit            text2        0992
baudRate@baudN            cstackCOMMON 0074
baudRate@rateGen          cstackCOMMON 0073
baudRate@rateSel          cstackCOMMON 0075
btemp                     (abs)        007E
clear_ram0                clrtext      0981
end_of_initialization     cinit        0022
i2c_addr_start@addr       cstackCOMMON 0077
i2c_masterRead@a          cstackCOMMON 0073
i2c_masterRead@temp       cstackCOMMON 0077
i2c_masterWrite@data      cstackCOMMON 0073
i2c_master_init@c         cstackBANK0  0028
interrupt_function        intentry     0004
intlevel0                 functab      0000
intlevel1                 functab      0000
intlevel2                 functab      0000
intlevel3                 functab      0000
intlevel4                 functab      0000
intlevel5                 functab      0000
oscInit@freq              cstackCOMMON 0075
reset_vec                 reset_vec    0000
saved_w                   (abs)        007E
sprintf@ap                cstackBANK0  002E
sprintf@c                 cstackBANK0  0034
sprintf@f                 cstackBANK0  0028
sprintf@flag              cstackBANK0  002F
sprintf@prec              cstackBANK0  0030
sprintf@sp                cstackBANK0  0033
sprintf@val               cstackBANK0  0031
start                     init         000C
start_initialization      cinit        000F
txrx_en@rx                cstackCOMMON 0073
txrx_en@tx                cstackCOMMON 0074
uart_9bit@rx9             cstackCOMMON 0074
uart_9bit@tx9             cstackCOMMON 0073
uart_interrupts@rx_int    cstackCOMMON 0074
uart_interrupts@tx_int    cstackCOMMON 0073
uart_sendString@i         cstackCOMMON 0075
uart_sendString@text      cstackCOMMON 0077
uart_transmit@transmit    cstackCOMMON 0073
wtemp0                    (abs)        007E


FUNCTION INFORMATION:

 *************** function _main *****************
 Defined at:
		line 58 in file "giroscopio.c"
 Parameters:    Size  Location     Type
		None
 Auto vars:     Size  Location     Type
		None
 Return value:  Size  Location     Type
                  1    wreg      void 
 Registers used:
		wreg, fsr0l, fsr0h, status,2, status,0, btemp+1, pclath, cstack
 Tracked objects:
		On entry : 
		On exit  : 
		Unchanged: 
 Data sizes:     COMMON   BANK0   BANK1   BANK3   BANK2
      Params:         0       0       0       0       0
      Locals:         0       0       0       0       0
      Temps:          0       0       3       0       0
      Totals:         0       0       3       0       0
Total ram usage:        3 bytes
 Hardware stack levels required when called:    5
 This function calls:
		___fladd
		___fldiv
		___fltol
		___xxtofl
		_baudRate
		_globalInt
		_i2c_addr_start
		_i2c_masterRead
		_i2c_masterStop
		_i2c_masterWrite
		_i2c_master_init
		_mpu6050_init
		_oscInit
		_setup
		_sprintf
		_txrx_en
		_uart_9bit
		_uart_init
		_uart_interrupts
		_uart_sendString
 This function is called by:
		Startup code after reset
 This function uses a non-reentrant model


 *************** function _uart_sendString *****************
 Defined at:
		line 59 in file "UART.c"
 Parameters:    Size  Location     Type
  text            1    wreg     PTR unsigned char 
		 -> buffer(12), 
 Auto vars:     Size  Location     Type
  text            1    7[COMMON] PTR unsigned char 
		 -> buffer(12), 
  i               2    5[COMMON] int 
 Return value:  Size  Location     Type
                  1    wreg      void 
 Registers used:
		wreg, fsr0l, fsr0h, status,2, status,0, pclath, cstack
 Tracked objects:
		On entry : 
		On exit  : 
		Unchanged: 
 Data sizes:     COMMON   BANK0   BANK1   BANK3   BANK2
      Params:         0       0       0       0       0
      Locals:         3       0       0       0       0
      Temps:          1       0       0       0       0
      Totals:         4       0       0       0       0
Total ram usage:        4 bytes
 Hardware stack levels used:    1
 Hardware stack levels required when called:    2
 This function calls:
		_uart_transmit
 This function is called by:
		_main
 This function uses a non-reentrant model


 *************** function _uart_transmit *****************
 Defined at:
		line 54 in file "UART.c"
 Parameters:    Size  Location     Type
  transmit        1    wreg     unsigned char 
 Auto vars:     Size  Location     Type
  transmit        1    3[COMMON] unsigned char 
 Return value:  Size  Location     Type
                  1    wreg      void 
 Registers used:
		wreg
 Tracked objects:
		On entry : 
		On exit  : 
		Unchanged: 
 Data sizes:     COMMON   BANK0   BANK1   BANK3   BANK2
      Params:         0       0       0       0       0
      Locals:         1       0       0       0       0
      Temps:          0       0       0       0       0
      Totals:         1       0       0       0       0
Total ram usage:        1 bytes
 Hardware stack levels used:    1
 Hardware stack levels required when called:    1
 This function calls:
		Nothing
 This function is called by:
		_uart_sendString
 This function uses a non-reentrant model


 *************** function _uart_interrupts *****************
 Defined at:
		line 47 in file "UART.c"
 Parameters:    Size  Location     Type
  rx_int          1    wreg     unsigned char 
  tx_int          1    3[COMMON] unsigned char 
 Auto vars:     Size  Location     Type
  rx_int          1    4[COMMON] unsigned char 
 Return value:  Size  Location     Type
                  1    wreg      void 
 Registers used:
		wreg, status,0
 Tracked objects:
		On entry : 
		On exit  : 
		Unchanged: 
 Data sizes:     COMMON   BANK0   BANK1   BANK3   BANK2
      Params:         1       0       0       0       0
      Locals:         1       0       0       0       0
      Temps:          0       0       0       0       0
      Totals:         2       0       0       0       0
Total ram usage:        2 bytes
 Hardware stack levels used:    1
 Hardware stack levels required when called:    1
 This function calls:
		Nothing
 This function is called by:
		_main
 This function uses a non-reentrant model


 *************** function _uart_init *****************
 Defined at:
		line 14 in file "UART.c"
 Parameters:    Size  Location     Type
		None
 Auto vars:     Size  Location     Type
		None
 Return value:  Size  Location     Type
                  1    wreg      void 
 Registers used:
		None
 Tracked objects:
		On entry : 
		On exit  : 
		Unchanged: 
 Data sizes:     COMMON   BANK0   BANK1   BANK3   BANK2
      Params:         0       0       0       0       0
      Locals:         0       0       0       0       0
      Temps:          0       0       0       0       0
      Totals:         0       0       0       0       0
Total ram usage:        0 bytes
 Hardware stack levels used:    1
 Hardware stack levels required when called:    1
 This function calls:
		Nothing
 This function is called by:
		_main
 This function uses a non-reentrant model


 *************** function _uart_9bit *****************
 Defined at:
		line 31 in file "UART.c"
 Parameters:    Size  Location     Type
  rx9             1    wreg     unsigned char 
  tx9             1    3[COMMON] unsigned char 
 Auto vars:     Size  Location     Type
  rx9             1    4[COMMON] unsigned char 
 Return value:  Size  Location     Type
                  1    wreg      void 
 Registers used:
		wreg, status,0
 Tracked objects:
		On entry : 
		On exit  : 
		Unchanged: 
 Data sizes:     COMMON   BANK0   BANK1   BANK3   BANK2
      Params:         1       0       0       0       0
      Locals:         1       0       0       0       0
      Temps:          0       0       0       0       0
      Totals:         2       0       0       0       0
Total ram usage:        2 bytes
 Hardware stack levels used:    1
 Hardware stack levels required when called:    1
 This function calls:
		Nothing
 This function is called by:
		_main
 This function uses a non-reentrant model


 *************** function _txrx_en *****************
 Defined at:
		line 36 in file "UART.c"
 Parameters:    Size  Location     Type
  tx              1    wreg     unsigned char 
  rx              1    3[COMMON] unsigned char 
 Auto vars:     Size  Location     Type
  tx              1    4[COMMON] unsigned char 
 Return value:  Size  Location     Type
                  1    wreg      void 
 Registers used:
		wreg, status,0
 Tracked objects:
		On entry : 
		On exit  : 
		Unchanged: 
 Data sizes:     COMMON   BANK0   BANK1   BANK3   BANK2
      Params:         1       0       0       0       0
      Locals:         1       0       0       0       0
      Temps:          0       0       0       0       0
      Totals:         2       0       0       0       0
Total ram usage:        2 bytes
 Hardware stack levels used:    1
 Hardware stack levels required when called:    1
 This function calls:
		Nothing
 This function is called by:
		_main
 This function uses a non-reentrant model


 *************** function _sprintf *****************
 Defined at:
		line 505 in file "C:\Program Files (x86)\Microchip\xc8\v2.10\pic\sources\c90\common\doprnt.c"
 Parameters:    Size  Location     Type
  sp              1    wreg     PTR unsigned char 
		 -> buffer(12), 
  f               1    8[BANK0 ] PTR const unsigned char 
		 -> STR_7(11), STR_6(13), STR_5(13), STR_4(14), 
		 -> STR_3(13), STR_2(12), STR_1(12), 
 Auto vars:     Size  Location     Type
  sp              1   19[BANK0 ] PTR unsigned char 
		 -> buffer(12), 
  tmpval          4    0        struct .
  val             2   17[BANK0 ] unsigned int 
  cp              2    0        PTR const unsigned char 
  len             2    0        unsigned int 
  c               1   20[BANK0 ] unsigned char 
  prec            1   16[BANK0 ] char 
  flag            1   15[BANK0 ] unsigned char 
  ap              1   14[BANK0 ] PTR void [1]
		 -> ?_sprintf(2), 
 Return value:  Size  Location     Type
                  2    8[BANK0 ] int 
 Registers used:
		wreg, fsr0l, fsr0h, status,2, status,0, btemp+1, pclath, cstack
 Tracked objects:
		On entry : 
		On exit  : 
		Unchanged: 
 Data sizes:     COMMON   BANK0   BANK1   BANK3   BANK2
      Params:         0       3       0       0       0
      Locals:         0       7       0       0       0
      Temps:          0       3       0       0       0
      Totals:         0      13       0       0       0
Total ram usage:       13 bytes
 Hardware stack levels used:    1
 Hardware stack levels required when called:    2
 This function calls:
		___lwdiv
		___lwmod
 This function is called by:
		_main
 This function uses a non-reentrant model


 *************** function ___lwmod *****************
 Defined at:
		line 5 in file "C:\Program Files (x86)\Microchip\xc8\v2.10\pic\sources\c90\common\lwmod.c"
 Parameters:    Size  Location     Type
  divisor         2    3[BANK0 ] unsigned int 
  dividend        2    5[BANK0 ] unsigned int 
 Auto vars:     Size  Location     Type
  counter         1    7[BANK0 ] unsigned char 
 Return value:  Size  Location     Type
                  2    3[BANK0 ] unsigned int 
 Registers used:
		wreg, status,2, status,0
 Tracked objects:
		On entry : 
		On exit  : 
		Unchanged: 
 Data sizes:     COMMON   BANK0   BANK1   BANK3   BANK2
      Params:         0       4       0       0       0
      Locals:         0       1       0       0       0
      Temps:          1       0       0       0       0
      Totals:         1       5       0       0       0
Total ram usage:        6 bytes
 Hardware stack levels used:    1
 Hardware stack levels required when called:    1
 This function calls:
		Nothing
 This function is called by:
		_sprintf
 This function uses a non-reentrant model


 *************** function ___lwdiv *****************
 Defined at:
		line 5 in file "C:\Program Files (x86)\Microchip\xc8\v2.10\pic\sources\c90\common\lwdiv.c"
 Parameters:    Size  Location     Type
  divisor         2    3[COMMON] unsigned int 
  dividend        2    5[COMMON] unsigned int 
 Auto vars:     Size  Location     Type
  quotient        2    1[BANK0 ] unsigned int 
  counter         1    0[BANK0 ] unsigned char 
 Return value:  Size  Location     Type
                  2    3[COMMON] unsigned int 
 Registers used:
		wreg, status,2, status,0
 Tracked objects:
		On entry : 
		On exit  : 
		Unchanged: 
 Data sizes:     COMMON   BANK0   BANK1   BANK3   BANK2
      Params:         4       0       0       0       0
      Locals:         0       3       0       0       0
      Temps:          1       0       0       0       0
      Totals:         5       3       0       0       0
Total ram usage:        8 bytes
 Hardware stack levels used:    1
 Hardware stack levels required when called:    1
 This function calls:
		Nothing
 This function is called by:
		_sprintf
 This function uses a non-reentrant model


 *************** function _setup *****************
 Defined at:
		line 124 in file "giroscopio.c"
 Parameters:    Size  Location     Type
		None
 Auto vars:     Size  Location     Type
		None
 Return value:  Size  Location     Type
                  1    wreg      void 
 Registers used:
		wreg, status,2
 Tracked objects:
		On entry : 
		On exit  : 
		Unchanged: 
 Data sizes:     COMMON   BANK0   BANK1   BANK3   BANK2
      Params:         0       0       0       0       0
      Locals:         0       0       0       0       0
      Temps:          0       0       0       0       0
      Totals:         0       0       0       0       0
Total ram usage:        0 bytes
 Hardware stack levels used:    1
 Hardware stack levels required when called:    1
 This function calls:
		Nothing
 This function is called by:
		_main
 This function uses a non-reentrant model


 *************** function _oscInit *****************
 Defined at:
		line 11 in file "OSCCON.c"
 Parameters:    Size  Location     Type
  freq            1    wreg     unsigned char 
 Auto vars:     Size  Location     Type
  freq            1    5[COMMON] unsigned char 
 Return value:  Size  Location     Type
                  1    wreg      unsigned char 
 Registers used:
		wreg, fsr0l, fsr0h, status,2, status,0
 Tracked objects:
		On entry : 
		On exit  : 
		Unchanged: 
 Data sizes:     COMMON   BANK0   BANK1   BANK3   BANK2
      Params:         0       0       0       0       0
      Locals:         1       0       0       0       0
      Temps:          2       0       0       0       0
      Totals:         3       0       0       0       0
Total ram usage:        3 bytes
 Hardware stack levels used:    1
 Hardware stack levels required when called:    1
 This function calls:
		Nothing
 This function is called by:
		_main
 This function uses a non-reentrant model


 *************** function _mpu6050_init *****************
 Defined at:
		line 20 in file "MPU6050.c"
 Parameters:    Size  Location     Type
		None
 Auto vars:     Size  Location     Type
		None
 Return value:  Size  Location     Type
                  1    wreg      void 
 Registers used:
		wreg, status,2, status,0, pclath, cstack
 Tracked objects:
		On entry : 
		On exit  : 
		Unchanged: 
 Data sizes:     COMMON   BANK0   BANK1   BANK3   BANK2
      Params:         0       0       0       0       0
      Locals:         0       0       0       0       0
      Temps:          0       2       0       0       0
      Totals:         0       2       0       0       0
Total ram usage:        2 bytes
 Hardware stack levels used:    1
 Hardware stack levels required when called:    4
 This function calls:
		_i2c_addr_start
		_i2c_masterStop
		_i2c_masterWrite
 This function is called by:
		_main
 This function uses a non-reentrant model


 *************** function _i2c_masterStop *****************
 Defined at:
		line 41 in file "I2C.c"
 Parameters:    Size  Location     Type
		None
 Auto vars:     Size  Location     Type
		None
 Return value:  Size  Location     Type
                  1    wreg      void 
 Registers used:
		wreg, status,2, status,0, pclath, cstack
 Tracked objects:
		On entry : 
		On exit  : 
		Unchanged: 
 Data sizes:     COMMON   BANK0   BANK1   BANK3   BANK2
      Params:         0       0       0       0       0
      Locals:         0       0       0       0       0
      Temps:          0       0       0       0       0
      Totals:         0       0       0       0       0
Total ram usage:        0 bytes
 Hardware stack levels used:    1
 Hardware stack levels required when called:    2
 This function calls:
		_i2c_masterWait
 This function is called by:
		_main
		_mpu6050_init
 This function uses a non-reentrant model


 *************** function _i2c_addr_start *****************
 Defined at:
		line 30 in file "I2C.c"
 Parameters:    Size  Location     Type
  addr            1    wreg     unsigned char 
 Auto vars:     Size  Location     Type
  addr            1    7[COMMON] unsigned char 
 Return value:  Size  Location     Type
                  1    wreg      void 
 Registers used:
		wreg, status,2, status,0, pclath, cstack
 Tracked objects:
		On entry : 
		On exit  : 
		Unchanged: 
 Data sizes:     COMMON   BANK0   BANK1   BANK3   BANK2
      Params:         0       0       0       0       0
      Locals:         1       0       0       0       0
      Temps:          2       0       0       0       0
      Totals:         3       0       0       0       0
Total ram usage:        3 bytes
 Hardware stack levels used:    1
 Hardware stack levels required when called:    3
 This function calls:
		_i2c_masterWait
		_i2c_masterWrite
 This function is called by:
		_main
		_mpu6050_init
 This function uses a non-reentrant model


 *************** function _i2c_masterWrite *****************
 Defined at:
		line 46 in file "I2C.c"
 Parameters:    Size  Location     Type
  data            2    3[COMMON] unsigned int 
 Auto vars:     Size  Location     Type
		None
 Return value:  Size  Location     Type
                  1    wreg      unsigned char 
 Registers used:
		wreg, status,2, status,0, pclath, cstack
 Tracked objects:
		On entry : 
		On exit  : 
		Unchanged: 
 Data sizes:     COMMON   BANK0   BANK1   BANK3   BANK2
      Params:         2       0       0       0       0
      Locals:         0       0       0       0       0
      Temps:          0       0       0       0       0
      Totals:         2       0       0       0       0
Total ram usage:        2 bytes
 Hardware stack levels used:    1
 Hardware stack levels required when called:    2
 This function calls:
		_i2c_masterWait
 This function is called by:
		_main
		_i2c_addr_start
		_mpu6050_init
 This function uses a non-reentrant model


 *************** function _i2c_masterWait *****************
 Defined at:
		line 21 in file "I2C.c"
 Parameters:    Size  Location     Type
		None
 Auto vars:     Size  Location     Type
		None
 Return value:  Size  Location     Type
                  1    wreg      void 
 Registers used:
		wreg, status,2
 Tracked objects:
		On entry : 
		On exit  : 
		Unchanged: 
 Data sizes:     COMMON   BANK0   BANK1   BANK3   BANK2
      Params:         0       0       0       0       0
      Locals:         0       0       0       0       0
      Temps:          0       0       0       0       0
      Totals:         0       0       0       0       0
Total ram usage:        0 bytes
 Hardware stack levels used:    1
 Hardware stack levels required when called:    1
 This function calls:
		Nothing
 This function is called by:
		_i2c_addr_start
		_i2c_masterStop
		_i2c_masterWrite
		_i2c_masterStart
		_i2c_master_RStart
 This function uses a non-reentrant model


 *************** function _i2c_master_init *****************
 Defined at:
		line 12 in file "I2C.c"
 Parameters:    Size  Location     Type
  c               4    8[BANK0 ] const unsigned long 
 Auto vars:     Size  Location     Type
		None
 Return value:  Size  Location     Type
                  1    wreg      void 
 Registers used:
		wreg, status,2, status,0, pclath, cstack
 Tracked objects:
		On entry : 
		On exit  : 
		Unchanged: 
 Data sizes:     COMMON   BANK0   BANK1   BANK3   BANK2
      Params:         0       4       0       0       0
      Locals:         0       0       0       0       0
      Temps:          0       4       0       0       0
      Totals:         0       8       0       0       0
Total ram usage:        8 bytes
 Hardware stack levels used:    1
 Hardware stack levels required when called:    2
 This function calls:
		___lldiv
 This function is called by:
		_main
 This function uses a non-reentrant model


 *************** function ___lldiv *****************
 Defined at:
		line 5 in file "C:\Program Files (x86)\Microchip\xc8\v2.10\pic\sources\c90\common\__lldiv.c"
 Parameters:    Size  Location     Type
  divisor         4    0[BANK0 ] unsigned long 
  dividend        4    4[BANK0 ] unsigned long 
 Auto vars:     Size  Location     Type
  quotient        4    4[COMMON] unsigned long 
  counter         1    8[COMMON] unsigned char 
 Return value:  Size  Location     Type
                  4    0[BANK0 ] unsigned long 
 Registers used:
		wreg, status,2, status,0
 Tracked objects:
		On entry : 
		On exit  : 
		Unchanged: 
 Data sizes:     COMMON   BANK0   BANK1   BANK3   BANK2
      Params:         0       8       0       0       0
      Locals:         5       0       0       0       0
      Temps:          1       0       0       0       0
      Totals:         6       8       0       0       0
Total ram usage:       14 bytes
 Hardware stack levels used:    1
 Hardware stack levels required when called:    1
 This function calls:
		Nothing
 This function is called by:
		_i2c_master_init
 This function uses a non-reentrant model


 *************** function _i2c_masterRead *****************
 Defined at:
		line 54 in file "I2C.c"
 Parameters:    Size  Location     Type
  a               2    3[COMMON] unsigned short 
 Auto vars:     Size  Location     Type
  temp            1    7[COMMON] unsigned char 
 Return value:  Size  Location     Type
                  2    3[COMMON] unsigned short 
 Registers used:
		wreg, status,2, status,0
 Tracked objects:
		On entry : 
		On exit  : 
		Unchanged: 
 Data sizes:     COMMON   BANK0   BANK1   BANK3   BANK2
      Params:         2       0       0       0       0
      Locals:         1       0       0       0       0
      Temps:          2       0       0       0       0
      Totals:         5       0       0       0       0
Total ram usage:        5 bytes
 Hardware stack levels used:    1
 Hardware stack levels required when called:    1
 This function calls:
		Nothing
 This function is called by:
		_main
 This function uses a non-reentrant model


 *************** function _globalInt *****************
 Defined at:
		line 133 in file "giroscopio.c"
 Parameters:    Size  Location     Type
		None
 Auto vars:     Size  Location     Type
		None
 Return value:  Size  Location     Type
                  1    wreg      void 
 Registers used:
		None
 Tracked objects:
		On entry : 
		On exit  : 
		Unchanged: 
 Data sizes:     COMMON   BANK0   BANK1   BANK3   BANK2
      Params:         0       0       0       0       0
      Locals:         0       0       0       0       0
      Temps:          0       0       0       0       0
      Totals:         0       0       0       0       0
Total ram usage:        0 bytes
 Hardware stack levels used:    1
 Hardware stack levels required when called:    1
 This function calls:
		Nothing
 This function is called by:
		_main
 This function uses a non-reentrant model


 *************** function _baudRate *****************
 Defined at:
		line 41 in file "UART.c"
 Parameters:    Size  Location     Type
  rateSel         1    wreg     unsigned char 
  rateGen         1    3[COMMON] unsigned char 
  baudN           1    4[COMMON] unsigned char 
 Auto vars:     Size  Location     Type
  rateSel         1    5[COMMON] unsigned char 
 Return value:  Size  Location     Type
                  1    wreg      void 
 Registers used:
		wreg, status,0
 Tracked objects:
		On entry : 
		On exit  : 
		Unchanged: 
 Data sizes:     COMMON   BANK0   BANK1   BANK3   BANK2
      Params:         2       0       0       0       0
      Locals:         1       0       0       0       0
      Temps:          0       0       0       0       0
      Totals:         3       0       0       0       0
Total ram usage:        3 bytes
 Hardware stack levels used:    1
 Hardware stack levels required when called:    1
 This function calls:
		Nothing
 This function is called by:
		_main
 This function uses a non-reentrant model


 *************** function ___xxtofl *****************
 Defined at:
		line 10 in file "C:\Program Files (x86)\Microchip\xc8\v2.10\pic\sources\c90\common\xxtofl.c"
 Parameters:    Size  Location     Type
  sign            1    wreg     unsigned char 
  val             4    3[COMMON] long 
 Auto vars:     Size  Location     Type
  sign            1    4[BANK0 ] unsigned char 
  arg             4    6[BANK0 ] unsigned long 
  exp             1    5[BANK0 ] unsigned char 
 Return value:  Size  Location     Type
                  4    3[COMMON] unsigned char 
 Registers used:
		wreg, status,2, status,0
 Tracked objects:
		On entry : 
		On exit  : 
		Unchanged: 
 Data sizes:     COMMON   BANK0   BANK1   BANK3   BANK2
      Params:         4       0       0       0       0
      Locals:         0       6       0       0       0
      Temps:          0       4       0       0       0
      Totals:         4      10       0       0       0
Total ram usage:       14 bytes
 Hardware stack levels used:    1
 Hardware stack levels required when called:    1
 This function calls:
		Nothing
 This function is called by:
		_main
 This function uses a non-reentrant model


 *************** function ___fltol *****************
 Defined at:
		line 43 in file "C:\Program Files (x86)\Microchip\xc8\v2.10\pic\sources\c90\common\fltol.c"
 Parameters:    Size  Location     Type
  f1              4   56[BANK0 ] unsigned char 
 Auto vars:     Size  Location     Type
  exp1            1    8[COMMON] unsigned char 
  sign1           1    7[COMMON] unsigned char 
 Return value:  Size  Location     Type
                  4   56[BANK0 ] long 
 Registers used:
		wreg, status,2, status,0
 Tracked objects:
		On entry : 
		On exit  : 
		Unchanged: 
 Data sizes:     COMMON   BANK0   BANK1   BANK3   BANK2
      Params:         0       4       0       0       0
      Locals:         2       0       0       0       0
      Temps:          0       5       0       0       0
      Totals:         2       9       0       0       0
Total ram usage:       11 bytes
 Hardware stack levels used:    1
 Hardware stack levels required when called:    1
 This function calls:
		Nothing
 This function is called by:
		_main
 This function uses a non-reentrant model


 *************** function ___fldiv *****************
 Defined at:
		line 8 in file "C:\Program Files (x86)\Microchip\xc8\v2.10\pic\sources\c90\common\sprcdiv.c"
 Parameters:    Size  Location     Type
  a               4   10[BANK0 ] long 
  b               4   14[BANK0 ] long 
 Auto vars:     Size  Location     Type
  grs             4   30[BANK0 ] unsigned long 
  rem             4   23[BANK0 ] unsigned long 
  new_exp         2   28[BANK0 ] int 
  aexp            1   35[BANK0 ] unsigned char 
  bexp            1   34[BANK0 ] unsigned char 
  sign            1   27[BANK0 ] unsigned char 
 Return value:  Size  Location     Type
                  4   10[BANK0 ] unsigned char 
 Registers used:
		wreg, status,2, status,0, btemp+1
 Tracked objects:
		On entry : 
		On exit  : 
		Unchanged: 
 Data sizes:     COMMON   BANK0   BANK1   BANK3   BANK2
      Params:         0       8       0       0       0
      Locals:         0      13       0       0       0
      Temps:          0       5       0       0       0
      Totals:         0      26       0       0       0
Total ram usage:       26 bytes
 Hardware stack levels used:    1
 Hardware stack levels required when called:    1
 This function calls:
		Nothing
 This function is called by:
		_main
 This function uses a non-reentrant model


 *************** function ___fladd *****************
 Defined at:
		line 10 in file "C:\Program Files (x86)\Microchip\xc8\v2.10\pic\sources\c90\common\sprcadd.c"
 Parameters:    Size  Location     Type
  b               4   36[BANK0 ] unsigned char 
  a               4   40[BANK0 ] unsigned char 
 Auto vars:     Size  Location     Type
  grs             1   55[BANK0 ] unsigned char 
  bexp            1   54[BANK0 ] unsigned char 
  aexp            1   53[BANK0 ] unsigned char 
  signs           1   52[BANK0 ] unsigned char 
 Return value:  Size  Location     Type
                  4   36[BANK0 ] unsigned char 
 Registers used:
		wreg, status,2, status,0, btemp+1
 Tracked objects:
		On entry : 
		On exit  : 
		Unchanged: 
 Data sizes:     COMMON   BANK0   BANK1   BANK3   BANK2
      Params:         0       8       0       0       0
      Locals:         0       4       0       0       0
      Temps:          0       8       0       0       0
      Totals:         0      20       0       0       0
Total ram usage:       20 bytes
 Hardware stack levels used:    1
 Hardware stack levels required when called:    1
 This function calls:
		Nothing
 This function is called by:
		_main
 This function uses a non-reentrant model


 *************** function _isr *****************
 Defined at:
		line 51 in file "giroscopio.c"
 Parameters:    Size  Location     Type
		None
 Auto vars:     Size  Location     Type
		None
 Return value:  Size  Location     Type
                  1    wreg      void 
 Registers used:
		wreg
 Tracked objects:
		On entry : 
		On exit  : 
		Unchanged: 
 Data sizes:     COMMON   BANK0   BANK1   BANK3   BANK2
      Params:         0       0       0       0       0
      Locals:         0       0       0       0       0
      Temps:          3       0       0       0       0
      Totals:         3       0       0       0       0
Total ram usage:        3 bytes
 Hardware stack levels used:    1
 This function calls:
		Nothing
 This function is called by:
		Interrupt level 1
 This function uses a non-reentrant model



MODULE INFORMATION

Module		Function		Class		Link	Load	Size
MPU6050.c
		_mpu6050_init  		CODE           	0CB1	0000	183

MPU6050.c estimated size: 183

UART.c
		_uart_interrupts		CODE           	0A2E	0000	23
		_uart_transmit 		CODE           	0992	0000	13
		_baudRate      		CODE           	0A04	0000	21
		_uart_sendString		CODE           	0A44	0000	34
		_uart_init     		CODE           	09F2	0000	19
		_uart_9bit     		CODE           	09BE	0000	17
		_txrx_en       		CODE           	09AE	0000	17

UART.c estimated size: 144

C:\Program Files (x86)\Microchip\xc8\v2.10\pic\sources\c90\common\lwdiv.c
		___lwdiv       		CODE           	0B12	0000	71

C:\Program Files (x86)\Microchip\xc8\v2.10\pic\sources\c90\common\lwdiv.c estimated size: 71

C:\Program Files (x86)\Microchip\xc8\v2.10\pic\sources\c90\common\fltol.c
		___fltol       		CODE           	0C35	0000	125

C:\Program Files (x86)\Microchip\xc8\v2.10\pic\sources\c90\common\fltol.c estimated size: 125

OSCCON.c
		_oscInit       		CODE           	0BC0	0000	118

OSCCON.c estimated size: 118

I2C.c
		_i2c_masterRead		CODE           	0A65	0000	56
		_i2c_masterWait		CODE           	07F1	0000	14
		_i2c_masterStop		CODE           	0989	0000	10
		_i2c_masterWrite		CODE           	09E0	0000	19
		_i2c_master_init		CODE           	0A9C	0000	59
		_i2c_addr_start		CODE           	0A18	0000	23

I2C.c estimated size: 181

giroscopio.c
		_main          		CODE           	0026	0000	1114
		_isr           		CODE           	09CE	0000	19
		_globalInt     		CODE           	097E	0000	4
		_setup         		CODE           	099E	0000	17

giroscopio.c estimated size: 1154

C:\Program Files (x86)\Microchip\xc8\v2.10\pic\sources\c90\common\__lldiv.c
		___lldiv       		CODE           	0B58	0000	105

C:\Program Files (x86)\Microchip\xc8\v2.10\pic\sources\c90\common\__lldiv.c estimated size: 105

C:\Program Files (x86)\Microchip\xc8\v2.10\pic\sources\c90\common\sprcdiv.c
		___fldiv       		CODE           	0E23	0000	478

C:\Program Files (x86)\Microchip\xc8\v2.10\pic\sources\c90\common\sprcdiv.c estimated size: 478

C:\Program Files (x86)\Microchip\xc8\v2.10\pic\sources\c90\common\xxtofl.c
		___xxtofl      		CODE           	0D67	0000	189

C:\Program Files (x86)\Microchip\xc8\v2.10\pic\sources\c90\common\xxtofl.c estimated size: 189

shared
		__stringtab    		STRING         	0800	0000	7
		_dpowers       		STRING         	0806	0000	11
		__initialization		CODE           	000F	0000	20

shared estimated size: 38

C:\Program Files (x86)\Microchip\xc8\v2.10\pic\sources\c90\common\lwmod.c
		___lwmod       		CODE           	0AD6	0000	61

C:\Program Files (x86)\Microchip\xc8\v2.10\pic\sources\c90\common\lwmod.c estimated size: 61

C:\Program Files (x86)\Microchip\xc8\v2.10\pic\sources\c90\common\sprcadd.c
		___fladd       		CODE           	047F	0000	649

C:\Program Files (x86)\Microchip\xc8\v2.10\pic\sources\c90\common\sprcadd.c estimated size: 649

C:\Program Files (x86)\Microchip\xc8\v2.10\pic\sources\c90\common\doprnt.c
		_sprintf       		CODE           	0707	0000	235

C:\Program Files (x86)\Microchip\xc8\v2.10\pic\sources\c90\common\doprnt.c estimated size: 235

